PERF {"pid":76815,"phase":"git:for-each-ref","start_ns":1789219391758730000,"ns":8209417}
PERF {"pid":76815,"phase":"git:cat-file","start_ns":1789219391767070000,"ns":6808167}
PERF {"pid":76815,"phase":"git:ls-tree","start_ns":1789219391773908000,"ns":7607500}
PERF {"pid":76815,"phase":"git:cat-file","start_ns":1789219391781642000,"ns":11789292}
PERF {"pid":76815,"phase":"lock-wait","start_ns":1789219391880308000,"ns":98583}
PERF {"pid":76815,"phase":"git:for-each-ref","start_ns":1789219391880439000,"ns":8870750}
PERF {"pid":76815,"phase":"git:cat-file","start_ns":1789219391889373000,"ns":8248917}
PERF {"pid":76815,"phase":"git:ls-tree","start_ns":1789219391897655000,"ns":8889167}
PERF {"pid":76815,"phase":"git:cat-file","start_ns":1789219391906643000,"ns":12383542}
PERF {"pid":76815,"phase":"read","start_ns":1789219391880438000,"ns":58250750}
PERF {"pid":76815,"phase":"encode-before","start_ns":1789219391938735000,"ns":9116250}
PERF {"pid":76815,"phase":"encode-after","start_ns":1789219391947903000,"ns":8130291}
PERF {"pid":76815,"phase":"git:cat-file","start_ns":1789219391956602000,"ns":10208292}
PERF {"pid":76815,"phase":"git:rev-parse","start_ns":1789219391966884000,"ns":7864250}
PERF {"pid":76815,"phase":"git:for-each-ref","start_ns":1789219391974793000,"ns":8680000}
PERF {"pid":76815,"phase":"pins","start_ns":1789219391956081000,"ns":27504459}
PERF {"pid":76815,"phase":"lock-held","start_ns":1789219391880438000,"ns":103230625}
PERF {"pid":76815,"phase":"lock-wait","start_ns":1789219392052664000,"ns":86667}
PERF {"pid":76815,"phase":"git:for-each-ref","start_ns":1789219392052781000,"ns":7850625}
PERF {"pid":76815,"phase":"git:cat-file","start_ns":1789219392060730000,"ns":8071834}
PERF {"pid":76815,"phase":"git:ls-tree","start_ns":1789219392068854000,"ns":9719541}
PERF {"pid":76815,"phase":"git:cat-file","start_ns":1789219392078608000,"ns":10838458}
PERF {"pid":76815,"phase":"read","start_ns":1789219392052780000,"ns":54026417}
PERF {"pid":76815,"phase":"encode-before","start_ns":1789219392106923000,"ns":8753083}
PERF {"pid":76815,"phase":"encode-after","start_ns":1789219392115768000,"ns":6817417}
PERF {"pid":76815,"phase":"git:cat-file","start_ns":1789219392123124000,"ns":8331250}
PERF {"pid":76815,"phase":"git:rev-parse","start_ns":1789219392131647000,"ns":8150041}
PERF {"pid":76815,"phase":"git:for-each-ref","start_ns":1789219392139880000,"ns":7425500}
PERF {"pid":76815,"phase":"pins","start_ns":1789219392122625000,"ns":24737167}
PERF {"pid":76815,"phase":"git:hash-object","start_ns":1789219392147368000,"ns":28908625}
PERF {"pid":76815,"phase":"git:mktree","start_ns":1789219392176344000,"ns":7318042}
PERF {"pid":76815,"phase":"git:commit-tree","start_ns":1789219392183731000,"ns":12455042}
PERF {"pid":76815,"phase":"git:update-ref","start_ns":1789219392196306000,"ns":12594917}
PERF {"pid":76815,"phase":"lock-held","start_ns":1789219392052780000,"ns":156154708}
PERF {"pid":76815,"phase":"git:for-each-ref","start_ns":1789219392277620000,"ns":8099583}
PERF {"pid":76815,"phase":"git:cat-file","start_ns":1789219392285793000,"ns":7853458}
PERF {"pid":76815,"phase":"git:ls-tree","start_ns":1789219392293686000,"ns":7730625}
PERF {"pid":76815,"phase":"git:cat-file","start_ns":1789219392301476000,"ns":12334250}
PERF {"pid":76815,"phase":"lock-wait","start_ns":1789219392330791000,"ns":88500}
PERF {"pid":76815,"phase":"git:for-each-ref","start_ns":1789219392330912000,"ns":8113959}
PERF {"pid":76815,"phase":"git:cat-file","start_ns":1789219392339123000,"ns":7810792}
PERF {"pid":76815,"phase":"git:ls-tree","start_ns":1789219392346963000,"ns":7757292}
PERF {"pid":76815,"phase":"git:cat-file","start_ns":1789219392354751000,"ns":11126041}
PERF {"pid":76815,"phase":"read","start_ns":1789219392330911000,"ns":53144083}
PERF {"pid":76815,"phase":"encode-before","start_ns":1789219392384105000,"ns":8919333}
PERF {"pid":76815,"phase":"encode-after","start_ns":1789219392393072000,"ns":6421875}
PERF {"pid":76815,"phase":"git:cat-file","start_ns":1789219392400147000,"ns":9700333}
PERF {"pid":76815,"phase":"git:rev-parse","start_ns":1789219392409971000,"ns":9224250}
PERF {"pid":76815,"phase":"git:for-each-ref","start_ns":1789219392419240000,"ns":8660583}
PERF {"pid":76815,"phase":"pins","start_ns":1789219392399535000,"ns":28429875}
PERF {"pid":76815,"phase":"lock-held","start_ns":1789219392330911000,"ns":97144417}
PERF {"pid":76815,"phase":"lock-wait","start_ns":1789219392428090000,"ns":151625}
PERF {"pid":76815,"phase":"git:for-each-ref","start_ns":1789219392428250000,"ns":7389542}
PERF {"pid":76815,"phase":"git:cat-file","start_ns":1789219392435681000,"ns":7557333}
PERF {"pid":76815,"phase":"git:ls-tree","start_ns":1789219392443421000,"ns":7515209}
PERF {"pid":76815,"phase":"git:cat-file","start_ns":1789219392451044000,"ns":11759459}
PERF {"pid":76815,"phase":"read","start_ns":1789219392428249000,"ns":50572542}
PERF {"pid":76815,"phase":"encode-before","start_ns":1789219392478865000,"ns":8079667}
PERF {"pid":76815,"phase":"encode-after","start_ns":1789219392487145000,"ns":7675542}
PERF {"pid":76815,"phase":"git:cat-file","start_ns":1789219392495367000,"ns":9103625}
PERF {"pid":76815,"phase":"git:rev-parse","start_ns":1789219392504518000,"ns":8214500}
PERF {"pid":76815,"phase":"git:for-each-ref","start_ns":1789219392512769000,"ns":8557792}
PERF {"pid":76815,"phase":"pins","start_ns":1789219392494873000,"ns":26523458}
PERF {"pid":76815,"phase":"git:hash-object","start_ns":1789219392521401000,"ns":30941833}
PERF {"pid":76815,"phase":"git:mktree","start_ns":1789219392552403000,"ns":8268209}
PERF {"pid":76815,"phase":"git:commit-tree","start_ns":1789219392560719000,"ns":11976541}
PERF {"pid":76815,"phase":"git:update-ref","start_ns":1789219392572746000,"ns":13607625}
PERF {"pid":76815,"phase":"lock-held","start_ns":1789219392428249000,"ns":158150958}
PERF {"pid":76815,"phase":"lock-wait","start_ns":1789219392586425000,"ns":91042}
PERF {"pid":76815,"phase":"git:for-each-ref","start_ns":1789219392586527000,"ns":7896083}
PERF {"pid":76815,"phase":"git:cat-file","start_ns":1789219392594480000,"ns":7773500}
PERF {"pid":76815,"phase":"git:ls-tree","start_ns":1789219392602296000,"ns":9363916}
PERF {"pid":76815,"phase":"git:cat-file","start_ns":1789219392613005000,"ns":10926375}
PERF {"pid":76815,"phase":"read","start_ns":1789219392586525000,"ns":53669583}
PERF {"pid":76815,"phase":"encode-before","start_ns":1789219392640249000,"ns":7410916}
PERF {"pid":76815,"phase":"encode-after","start_ns":1789219392647699000,"ns":6944792}
PERF {"pid":76815,"phase":"git:cat-file","start_ns":1789219392655185000,"ns":8164458}
PERF {"pid":76815,"phase":"git:rev-parse","start_ns":1789219392663393000,"ns":8000083}
PERF {"pid":76815,"phase":"git:for-each-ref","start_ns":1789219392671436000,"ns":7130250}
PERF {"pid":76815,"phase":"pins","start_ns":1789219392654679000,"ns":23960792}
PERF {"pid":76815,"phase":"git:hash-object","start_ns":1789219392678644000,"ns":28670292}
PERF {"pid":76815,"phase":"git:mktree","start_ns":1789219392707347000,"ns":8459417}
PERF {"pid":76815,"phase":"git:commit-tree","start_ns":1789219392715842000,"ns":12480833}
PERF {"pid":76815,"phase":"git:update-ref","start_ns":1789219392728464000,"ns":13196375}
PERF {"pid":76815,"phase":"lock-held","start_ns":1789219392586525000,"ns":155174000}
PERF {"pid":76815,"phase":"git:for-each-ref","start_ns":1789219392741746000,"ns":7766083}
PERF {"pid":76815,"phase":"git:cat-file","start_ns":1789219392749558000,"ns":7867083}
PERF {"pid":76815,"phase":"git:ls-tree","start_ns":1789219392757460000,"ns":8006875}
PERF {"pid":76815,"phase":"git:cat-file","start_ns":1789219392765500000,"ns":11720708}
PERF {"pid":76815,"phase":"lock-wait","start_ns":1789219392794015000,"ns":201833}
PERF {"pid":76815,"phase":"git:for-each-ref","start_ns":1789219392794270000,"ns":7761791}
PERF {"pid":76815,"phase":"git:cat-file","start_ns":1789219392802213000,"ns":8806000}
PERF {"pid":76815,"phase":"git:ls-tree","start_ns":1789219392811047000,"ns":9158542}
PERF {"pid":76815,"phase":"git:cat-file","start_ns":1789219392820271000,"ns":13402042}
PERF {"pid":76815,"phase":"read","start_ns":1789219392794268000,"ns":57185500}
PERF {"pid":76815,"phase":"encode-before","start_ns":1789219392851500000,"ns":10375375}
PERF {"pid":76815,"phase":"encode-after","start_ns":1789219392861930000,"ns":6346542}
PERF {"pid":76815,"phase":"git:cat-file","start_ns":1789219392869112000,"ns":8699125}
PERF {"pid":76815,"phase":"git:rev-parse","start_ns":1789219392877878000,"ns":8843125}
PERF {"pid":76815,"phase":"git:for-each-ref","start_ns":1789219392886778000,"ns":7077042}
PERF {"pid":76815,"phase":"pins","start_ns":1789219392868328000,"ns":25617042}
PERF {"pid":76815,"phase":"lock-held","start_ns":1789219392794268000,"ns":99759250}
PERF {"pid":76815,"phase":"git:for-each-ref","start_ns":1789219392894147000,"ns":7530291}
PERF {"pid":76815,"phase":"git:cat-file","start_ns":1789219392901719000,"ns":8006708}
PERF {"pid":76815,"phase":"git:ls-tree","start_ns":1789219392909761000,"ns":7665625}
PERF {"pid":76815,"phase":"git:cat-file","start_ns":1789219392917469000,"ns":12630042}
PERF {"pid":76815,"phase":"git:for-each-ref","start_ns":1789219393019480000,"ns":9168458}
PERF {"pid":76815,"phase":"git:cat-file","start_ns":1789219393028727000,"ns":7966959}
PERF {"pid":76815,"phase":"git:ls-tree","start_ns":1789219393036765000,"ns":7929000}
PERF {"pid":76815,"phase":"git:cat-file","start_ns":1789219393044748000,"ns":12324667}
PERF {"pid":76815,"phase":"lock-wait","start_ns":1789219393073895000,"ns":140667}
PERF {"pid":76815,"phase":"git:for-each-ref","start_ns":1789219393074079000,"ns":7937208}
PERF {"pid":76815,"phase":"git:cat-file","start_ns":1789219393082086000,"ns":8248875}
PERF {"pid":76815,"phase":"git:ls-tree","start_ns":1789219393090491000,"ns":8025541}
PERF {"pid":76815,"phase":"git:cat-file","start_ns":1789219393098606000,"ns":12414833}
PERF {"pid":76815,"phase":"read","start_ns":1789219393074077000,"ns":53999834}
PERF {"pid":76815,"phase":"encode-before","start_ns":1789219393128122000,"ns":9017500}
PERF {"pid":76815,"phase":"encode-after","start_ns":1789219393137187000,"ns":6821166}
PERF {"pid":76815,"phase":"git:cat-file","start_ns":1789219393144564000,"ns":8604750}
PERF {"pid":76815,"phase":"git:rev-parse","start_ns":1789219393153232000,"ns":8517334}
PERF {"pid":76815,"phase":"git:for-each-ref","start_ns":1789219393161808000,"ns":7725000}
PERF {"pid":76815,"phase":"pins","start_ns":1789219393144046000,"ns":25566250}
PERF {"pid":76815,"phase":"lock-held","start_ns":1789219393074077000,"ns":95635458}
PERF {"pid":76815,"phase":"lock-wait","start_ns":1789219393169745000,"ns":81333}
PERF {"pid":76815,"phase":"git:for-each-ref","start_ns":1789219393169834000,"ns":7961292}
PERF {"pid":76815,"phase":"git:cat-file","start_ns":1789219393177912000,"ns":8231084}
PERF {"pid":76815,"phase":"git:ls-tree","start_ns":1789219393186188000,"ns":8353625}
PERF {"pid":76815,"phase":"git:cat-file","start_ns":1789219393194593000,"ns":11962083}
PERF {"pid":76815,"phase":"read","start_ns":1789219393169833000,"ns":52748000}
PERF {"pid":76815,"phase":"encode-before","start_ns":1789219393222618000,"ns":8027250}
PERF {"pid":76815,"phase":"encode-after","start_ns":1789219393230929000,"ns":8532000}
PERF {"pid":76815,"phase":"git:cat-file","start_ns":1789219393240202000,"ns":9272334}
PERF {"pid":76815,"phase":"git:rev-parse","start_ns":1789219393249569000,"ns":8342667}
PERF {"pid":76815,"phase":"git:for-each-ref","start_ns":1789219393257985000,"ns":7936417}
PERF {"pid":76815,"phase":"pins","start_ns":1789219393239500000,"ns":26489667}
PERF {"pid":76815,"phase":"git:hash-object","start_ns":1789219393265994000,"ns":31629041}
PERF {"pid":76815,"phase":"git:mktree","start_ns":1789219393297662000,"ns":8561084}
PERF {"pid":76815,"phase":"git:commit-tree","start_ns":1789219393306260000,"ns":13074250}
PERF {"pid":76815,"phase":"git:update-ref","start_ns":1789219393319429000,"ns":13871083}
PERF {"pid":76815,"phase":"lock-held","start_ns":1789219393169833000,"ns":163519542}
PERF {"pid":76815,"phase":"lock-wait","start_ns":1789219393333375000,"ns":84500}
PERF {"pid":76815,"phase":"git:for-each-ref","start_ns":1789219393333478000,"ns":8421875}
PERF {"pid":76815,"phase":"git:cat-file","start_ns":1789219393341970000,"ns":7499709}
PERF {"pid":76815,"phase":"git:ls-tree","start_ns":1789219393349523000,"ns":7575875}
PERF {"pid":76815,"phase":"git:cat-file","start_ns":1789219393357147000,"ns":11980584}
PERF {"pid":76815,"phase":"read","start_ns":1789219393333477000,"ns":51620542}
PERF {"pid":76815,"phase":"encode-before","start_ns":1789219393385152000,"ns":8595625}
PERF {"pid":76815,"phase":"encode-after","start_ns":1789219393393881000,"ns":8339708}
PERF {"pid":76815,"phase":"git:cat-file","start_ns":1789219393402921000,"ns":8525083}
PERF {"pid":76815,"phase":"git:rev-parse","start_ns":1789219393411506000,"ns":7451583}
PERF {"pid":76815,"phase":"git:for-each-ref","start_ns":1789219393419009000,"ns":7689834}
PERF {"pid":76815,"phase":"pins","start_ns":1789219393402278000,"ns":24495417}
PERF {"pid":76815,"phase":"git:hash-object","start_ns":1789219393426783000,"ns":31914541}
PERF {"pid":76815,"phase":"git:mktree","start_ns":1789219393458763000,"ns":8385709}
PERF {"pid":76815,"phase":"git:commit-tree","start_ns":1789219393467209000,"ns":11279500}
PERF {"pid":76815,"phase":"git:update-ref","start_ns":1789219393478641000,"ns":12254208}
PERF {"pid":76815,"phase":"lock-held","start_ns":1789219393333477000,"ns":157448959}
PERF {"pid":76815,"phase":"git:for-each-ref","start_ns":1789219393490952000,"ns":7628041}
PERF {"pid":76815,"phase":"git:cat-file","start_ns":1789219393498628000,"ns":8514166}
PERF {"pid":76815,"phase":"git:ls-tree","start_ns":1789219393507184000,"ns":7367875}
PERF {"pid":76815,"phase":"git:cat-file","start_ns":1789219393514632000,"ns":12214334}
PERF {"pid":76815,"phase":"lock-wait","start_ns":1789219393542718000,"ns":89708}
PERF {"pid":76815,"phase":"git:for-each-ref","start_ns":1789219393542833000,"ns":7099917}
PERF {"pid":76815,"phase":"git:cat-file","start_ns":1789219393550114000,"ns":8375417}
PERF {"pid":76815,"phase":"git:ls-tree","start_ns":1789219393558517000,"ns":7330875}
PERF {"pid":76815,"phase":"git:cat-file","start_ns":1789219393565935000,"ns":11475917}
PERF {"pid":76815,"phase":"read","start_ns":1789219393542832000,"ns":51526542}
PERF {"pid":76815,"phase":"encode-before","start_ns":1789219393594396000,"ns":9024875}
PERF {"pid":76815,"phase":"encode-after","start_ns":1789219393603518000,"ns":8984041}
PERF {"pid":76815,"phase":"git:cat-file","start_ns":1789219393612985000,"ns":7699042}
PERF {"pid":76815,"phase":"git:rev-parse","start_ns":1789219393620785000,"ns":9729959}
PERF {"pid":76815,"phase":"git:for-each-ref","start_ns":1789219393630572000,"ns":8879792}
PERF {"pid":76815,"phase":"pins","start_ns":1789219393612527000,"ns":26986416}
PERF {"pid":76815,"phase":"git:hash-object","start_ns":1789219393639519000,"ns":31351750}
PERF {"pid":76815,"phase":"git:mktree","start_ns":1789219393670917000,"ns":8423291}
PERF {"pid":76815,"phase":"git:commit-tree","start_ns":1789219393679406000,"ns":12300667}
PERF {"pid":76815,"phase":"git:update-ref","start_ns":1789219393691776000,"ns":11821667}
PERF {"pid":76815,"phase":"lock-held","start_ns":1789219393542832000,"ns":160846917}
PERF {"pid":76815,"phase":"lock-wait","start_ns":1789219393703705000,"ns":45959}
PERF {"pid":76815,"phase":"git:for-each-ref","start_ns":1789219393703756000,"ns":7434291}
PERF {"pid":76815,"phase":"git:cat-file","start_ns":1789219393711251000,"ns":7757792}
PERF {"pid":76815,"phase":"git:ls-tree","start_ns":1789219393719053000,"ns":7256417}
PERF {"pid":76815,"phase":"git:cat-file","start_ns":1789219393726391000,"ns":10694333}
PERF {"pid":76815,"phase":"read","start_ns":1789219393703755000,"ns":48714541}
PERF {"pid":76815,"phase":"encode-before","start_ns":1789219393752513000,"ns":9127417}
PERF {"pid":76815,"phase":"encode-after","start_ns":1789219393761684000,"ns":7851584}
PERF {"pid":76815,"phase":"git:cat-file","start_ns":1789219393770139000,"ns":7620125}
PERF {"pid":76815,"phase":"git:rev-parse","start_ns":1789219393777816000,"ns":7064375}
PERF {"pid":76815,"phase":"git:for-each-ref","start_ns":1789219393784921000,"ns":8596708}
PERF {"pid":76815,"phase":"pins","start_ns":1789219393769599000,"ns":23981000}
PERF {"pid":76815,"phase":"git:hash-object","start_ns":1789219393793585000,"ns":30449167}
PERF {"pid":76815,"phase":"git:mktree","start_ns":1789219393824126000,"ns":8477667}
PERF {"pid":76815,"phase":"git:commit-tree","start_ns":1789219393832646000,"ns":13073458}
PERF {"pid":76815,"phase":"git:update-ref","start_ns":1789219393845814000,"ns":13890208}
PERF {"pid":76815,"phase":"lock-held","start_ns":1789219393703755000,"ns":156028417}
PERF {"pid":76815,"phase":"git:for-each-ref","start_ns":1789219393859809000,"ns":8104250}
PERF {"pid":76815,"phase":"git:cat-file","start_ns":1789219393867984000,"ns":7581583}
PERF {"pid":76815,"phase":"git:ls-tree","start_ns":1789219393875601000,"ns":7641209}
PERF {"pid":76815,"phase":"git:cat-file","start_ns":1789219393883314000,"ns":13093167}
