PERF {"pid":2396,"phase":"git:for-each-ref","start_ns":1789219692801853000,"ns":7170000}
PERF {"pid":2396,"phase":"git:cat-file","start_ns":1789219692809240000,"ns":8052917}
PERF {"pid":2396,"phase":"git:ls-tree","start_ns":1789219692817368000,"ns":6409292}
PERF {"pid":2396,"phase":"git:cat-file","start_ns":1789219692823816000,"ns":8355750}
PERF {"pid":2396,"phase":"lock-wait","start_ns":1789219692832594000,"ns":60208}
PERF {"pid":2396,"phase":"git:for-each-ref","start_ns":1789219692832669000,"ns":6505792}
PERF {"pid":2396,"phase":"git:cat-file","start_ns":1789219692839222000,"ns":7440208}
PERF {"pid":2396,"phase":"git:ls-tree","start_ns":1789219692846695000,"ns":8059917}
PERF {"pid":2396,"phase":"git:cat-file","start_ns":1789219692854789000,"ns":6838041}
PERF {"pid":2396,"phase":"read","start_ns":1789219692832668000,"ns":31822375}
PERF {"pid":2396,"phase":"encode-before","start_ns":1789219692864539000,"ns":129458}
PERF {"pid":2396,"phase":"encode-after","start_ns":1789219692864677000,"ns":55208}
PERF {"pid":2396,"phase":"git:cat-file","start_ns":1789219692867779000,"ns":6940833}
PERF {"pid":2396,"phase":"git:rev-parse","start_ns":1789219692874823000,"ns":7174000}
PERF {"pid":2396,"phase":"git:for-each-ref","start_ns":1789219692882029000,"ns":6659500}
PERF {"pid":2396,"phase":"pins","start_ns":1789219692867766000,"ns":21000750}
PERF {"pid":2396,"phase":"lock-held","start_ns":1789219692832668000,"ns":56108084}
PERF {"pid":2396,"phase":"lock-wait","start_ns":1789219692888790000,"ns":62250}
PERF {"pid":2396,"phase":"git:for-each-ref","start_ns":1789219692888858000,"ns":7175584}
PERF {"pid":2396,"phase":"git:cat-file","start_ns":1789219692896109000,"ns":5977042}
PERF {"pid":2396,"phase":"git:ls-tree","start_ns":1789219692902263000,"ns":6490542}
PERF {"pid":2396,"phase":"git:cat-file","start_ns":1789219692908792000,"ns":6731375}
PERF {"pid":2396,"phase":"read","start_ns":1789219692888857000,"ns":27052666}
PERF {"pid":2396,"phase":"encode-before","start_ns":1789219692915926000,"ns":113208}
PERF {"pid":2396,"phase":"encode-after","start_ns":1789219692916046000,"ns":77916}
PERF {"pid":2396,"phase":"git:cat-file","start_ns":1789219692916134000,"ns":7168167}
PERF {"pid":2396,"phase":"git:rev-parse","start_ns":1789219692923357000,"ns":6518042}
PERF {"pid":2396,"phase":"git:for-each-ref","start_ns":1789219692929911000,"ns":6217250}
PERF {"pid":2396,"phase":"pins","start_ns":1789219692916128000,"ns":20044792}
PERF {"pid":2396,"phase":"lock-held","start_ns":1789219692888857000,"ns":47325667}
PERF {"pid":2396,"phase":"lock-wait","start_ns":1789219692936194000,"ns":41041}
PERF {"pid":2396,"phase":"git:for-each-ref","start_ns":1789219692936239000,"ns":6562041}
PERF {"pid":2396,"phase":"git:cat-file","start_ns":1789219692942832000,"ns":7300500}
PERF {"pid":2396,"phase":"git:ls-tree","start_ns":1789219692950169000,"ns":5810291}
PERF {"pid":2396,"phase":"git:cat-file","start_ns":1789219692956027000,"ns":7623083}
PERF {"pid":2396,"phase":"read","start_ns":1789219692936239000,"ns":27716959}
PERF {"pid":2396,"phase":"encode-before","start_ns":1789219692963964000,"ns":94041}
PERF {"pid":2396,"phase":"encode-after","start_ns":1789219692964063000,"ns":64459}
PERF {"pid":2396,"phase":"git:cat-file","start_ns":1789219692964169000,"ns":7514834}
PERF {"pid":2396,"phase":"git:rev-parse","start_ns":1789219692971727000,"ns":7469958}
PERF {"pid":2396,"phase":"git:for-each-ref","start_ns":1789219692979269000,"ns":7559875}
PERF {"pid":2396,"phase":"pins","start_ns":1789219692964159000,"ns":22713583}
PERF {"pid":2396,"phase":"lock-held","start_ns":1789219692936239000,"ns":50643042}
PERF {"pid":2396,"phase":"lock-wait","start_ns":1789219692986895000,"ns":105625}
PERF {"pid":2396,"phase":"git:for-each-ref","start_ns":1789219692987009000,"ns":6600834}
PERF {"pid":2396,"phase":"git:cat-file","start_ns":1789219692993673000,"ns":7351083}
PERF {"pid":2396,"phase":"git:ls-tree","start_ns":1789219693001072000,"ns":6378333}
PERF {"pid":2396,"phase":"git:cat-file","start_ns":1789219693007516000,"ns":7147208}
PERF {"pid":2396,"phase":"read","start_ns":1789219692987009000,"ns":28033125}
PERF {"pid":2396,"phase":"encode-before","start_ns":1789219693015072000,"ns":120000}
PERF {"pid":2396,"phase":"encode-after","start_ns":1789219693015199000,"ns":64584}
PERF {"pid":2396,"phase":"git:cat-file","start_ns":1789219693015274000,"ns":7272083}
PERF {"pid":2396,"phase":"git:rev-parse","start_ns":1789219693022580000,"ns":7285791}
PERF {"pid":2396,"phase":"git:for-each-ref","start_ns":1789219693029910000,"ns":7537125}
PERF {"pid":2396,"phase":"pins","start_ns":1789219693015267000,"ns":22282083}
PERF {"pid":2396,"phase":"lock-held","start_ns":1789219692987009000,"ns":50555917}
PERF {"pid":2396,"phase":"lock-wait","start_ns":1789219693037579000,"ns":44625}
PERF {"pid":2396,"phase":"git:for-each-ref","start_ns":1789219693037628000,"ns":6843083}
PERF {"pid":2396,"phase":"git:cat-file","start_ns":1789219693044544000,"ns":7119750}
PERF {"pid":2396,"phase":"git:ls-tree","start_ns":1789219693051711000,"ns":6442959}
PERF {"pid":2396,"phase":"git:cat-file","start_ns":1789219693058210000,"ns":7478750}
PERF {"pid":2396,"phase":"read","start_ns":1789219693037627000,"ns":28544250}
PERF {"pid":2396,"phase":"encode-before","start_ns":1789219693066194000,"ns":5398834}
PERF {"pid":2396,"phase":"encode-after","start_ns":1789219693071623000,"ns":56541}
PERF {"pid":2396,"phase":"git:cat-file","start_ns":1789219693071690000,"ns":7390875}
PERF {"pid":2396,"phase":"git:rev-parse","start_ns":1789219693079142000,"ns":7081667}
PERF {"pid":2396,"phase":"git:for-each-ref","start_ns":1789219693086271000,"ns":6809708}
PERF {"pid":2396,"phase":"pins","start_ns":1789219693071684000,"ns":21479417}
PERF {"pid":2396,"phase":"lock-held","start_ns":1789219693037627000,"ns":55544084}
PERF {"pid":2396,"phase":"lock-wait","start_ns":1789219693093185000,"ns":49500}
PERF {"pid":2396,"phase":"git:for-each-ref","start_ns":1789219693093238000,"ns":7473583}
PERF {"pid":2396,"phase":"git:cat-file","start_ns":1789219693100757000,"ns":6381208}
PERF {"pid":2396,"phase":"git:ls-tree","start_ns":1789219693107177000,"ns":6789417}
PERF {"pid":2396,"phase":"git:cat-file","start_ns":1789219693114005000,"ns":7925167}
PERF {"pid":2396,"phase":"read","start_ns":1789219693093237000,"ns":28956167}
PERF {"pid":2396,"phase":"encode-before","start_ns":1789219693122199000,"ns":107375}
PERF {"pid":2396,"phase":"encode-after","start_ns":1789219693122311000,"ns":55375}
PERF {"pid":2396,"phase":"git:cat-file","start_ns":1789219693122376000,"ns":8074291}
PERF {"pid":2396,"phase":"git:rev-parse","start_ns":1789219693130548000,"ns":7744750}
PERF {"pid":2396,"phase":"git:for-each-ref","start_ns":1789219693138332000,"ns":7246084}
PERF {"pid":2396,"phase":"pins","start_ns":1789219693122369000,"ns":23249583}
PERF {"pid":2396,"phase":"lock-held","start_ns":1789219693093237000,"ns":52392750}
PERF {"pid":2396,"phase":"lock-wait","start_ns":1789219693145655000,"ns":44125}
PERF {"pid":2396,"phase":"git:for-each-ref","start_ns":1789219693145703000,"ns":7257875}
PERF {"pid":2396,"phase":"git:cat-file","start_ns":1789219693153010000,"ns":6500250}
PERF {"pid":2396,"phase":"git:ls-tree","start_ns":1789219693159558000,"ns":6835167}
PERF {"pid":2396,"phase":"git:cat-file","start_ns":1789219693166496000,"ns":9483875}
PERF {"pid":2396,"phase":"read","start_ns":1789219693145702000,"ns":30623083}
PERF {"pid":2396,"phase":"encode-before","start_ns":1789219693176347000,"ns":186334}
PERF {"pid":2396,"phase":"encode-after","start_ns":1789219693176563000,"ns":157375}
PERF {"pid":2396,"phase":"git:cat-file","start_ns":1789219693176740000,"ns":9575541}
PERF {"pid":2396,"phase":"git:rev-parse","start_ns":1789219693186408000,"ns":8713959}
PERF {"pid":2396,"phase":"git:for-each-ref","start_ns":1789219693195199000,"ns":7597375}
PERF {"pid":2396,"phase":"pins","start_ns":1789219693176731000,"ns":26107542}
PERF {"pid":2396,"phase":"lock-held","start_ns":1789219693145702000,"ns":57145500}
PERF {"pid":2396,"phase":"lock-wait","start_ns":1789219693202863000,"ns":37708}
PERF {"pid":2396,"phase":"git:for-each-ref","start_ns":1789219693202904000,"ns":7420250}
PERF {"pid":2396,"phase":"git:cat-file","start_ns":1789219693210388000,"ns":7135333}
PERF {"pid":2396,"phase":"git:ls-tree","start_ns":1789219693217569000,"ns":7426667}
PERF {"pid":2396,"phase":"git:cat-file","start_ns":1789219693225023000,"ns":7409584}
PERF {"pid":2396,"phase":"read","start_ns":1789219693202904000,"ns":29904166}
PERF {"pid":2396,"phase":"encode-before","start_ns":1789219693232817000,"ns":120500}
PERF {"pid":2396,"phase":"encode-after","start_ns":1789219693232943000,"ns":62542}
PERF {"pid":2396,"phase":"git:cat-file","start_ns":1789219693233017000,"ns":5667625}
PERF {"pid":2396,"phase":"git:rev-parse","start_ns":1789219693238723000,"ns":6983500}
PERF {"pid":2396,"phase":"git:for-each-ref","start_ns":1789219693245743000,"ns":7660292}
PERF {"pid":2396,"phase":"pins","start_ns":1789219693233009000,"ns":20439584}
PERF {"pid":2396,"phase":"lock-held","start_ns":1789219693202903000,"ns":50553125}
PERF {"pid":2396,"phase":"lock-wait","start_ns":1789219693253474000,"ns":42333}
PERF {"pid":2396,"phase":"git:for-each-ref","start_ns":1789219693253520000,"ns":8347375}
PERF {"pid":2396,"phase":"git:cat-file","start_ns":1789219693261936000,"ns":7214375}
PERF {"pid":2396,"phase":"git:ls-tree","start_ns":1789219693269184000,"ns":6269209}
PERF {"pid":2396,"phase":"git:cat-file","start_ns":1789219693275528000,"ns":6908209}
PERF {"pid":2396,"phase":"read","start_ns":1789219693253519000,"ns":29483959}
PERF {"pid":2396,"phase":"encode-before","start_ns":1789219693283037000,"ns":169208}
PERF {"pid":2396,"phase":"encode-after","start_ns":1789219693283213000,"ns":79167}
PERF {"pid":2396,"phase":"git:cat-file","start_ns":1789219693283305000,"ns":6534417}
PERF {"pid":2396,"phase":"git:rev-parse","start_ns":1789219693289879000,"ns":7025583}
PERF {"pid":2396,"phase":"git:for-each-ref","start_ns":1789219693296949000,"ns":6986250}
PERF {"pid":2396,"phase":"pins","start_ns":1789219693283296000,"ns":20676208}
PERF {"pid":2396,"phase":"lock-held","start_ns":1789219693253519000,"ns":50462583}
PERF {"pid":2396,"phase":"lock-wait","start_ns":1789219693304016000,"ns":38209}
PERF {"pid":2396,"phase":"git:for-each-ref","start_ns":1789219693304058000,"ns":7504166}
PERF {"pid":2396,"phase":"git:cat-file","start_ns":1789219693311665000,"ns":7155000}
PERF {"pid":2396,"phase":"git:ls-tree","start_ns":1789219693318857000,"ns":6222292}
PERF {"pid":2396,"phase":"git:cat-file","start_ns":1789219693325135000,"ns":7071458}
PERF {"pid":2396,"phase":"read","start_ns":1789219693304058000,"ns":29112292}
PERF {"pid":2396,"phase":"encode-before","start_ns":1789219693333200000,"ns":148917}
PERF {"pid":2396,"phase":"encode-after","start_ns":1789219693333362000,"ns":68542}
PERF {"pid":2396,"phase":"git:cat-file","start_ns":1789219693333443000,"ns":6755833}
PERF {"pid":2396,"phase":"git:rev-parse","start_ns":1789219693340263000,"ns":6643875}
PERF {"pid":2396,"phase":"git:for-each-ref","start_ns":1789219693346962000,"ns":6742000}
PERF {"pid":2396,"phase":"pins","start_ns":1789219693333436000,"ns":20322375}
PERF {"pid":2396,"phase":"lock-held","start_ns":1789219693304058000,"ns":49711166}
PERF {"pid":2396,"phase":"lock-wait","start_ns":1789219693353782000,"ns":44209}
PERF {"pid":2396,"phase":"git:for-each-ref","start_ns":1789219693353830000,"ns":6996042}
PERF {"pid":2396,"phase":"git:cat-file","start_ns":1789219693360892000,"ns":6792500}
PERF {"pid":2396,"phase":"git:ls-tree","start_ns":1789219693367716000,"ns":6986042}
PERF {"pid":2396,"phase":"git:cat-file","start_ns":1789219693374742000,"ns":6689250}
PERF {"pid":2396,"phase":"read","start_ns":1789219693353829000,"ns":27933667}
PERF {"pid":2396,"phase":"encode-before","start_ns":1789219693381775000,"ns":159791}
PERF {"pid":2396,"phase":"encode-after","start_ns":1789219693381944000,"ns":102791}
PERF {"pid":2396,"phase":"git:cat-file","start_ns":1789219693382065000,"ns":7239250}
PERF {"pid":2396,"phase":"git:rev-parse","start_ns":1789219693389365000,"ns":7351792}
PERF {"pid":2396,"phase":"git:for-each-ref","start_ns":1789219693396750000,"ns":7049292}
PERF {"pid":2396,"phase":"pins","start_ns":1789219693382057000,"ns":21793958}
PERF {"pid":2396,"phase":"lock-held","start_ns":1789219693353829000,"ns":50031083}
PERF {"pid":2396,"phase":"git:for-each-ref","start_ns":1789219693403882000,"ns":7021875}
PERF {"pid":2396,"phase":"git:cat-file","start_ns":1789219693410945000,"ns":7166708}
PERF {"pid":2396,"phase":"git:ls-tree","start_ns":1789219693418144000,"ns":6851708}
PERF {"pid":2396,"phase":"git:cat-file","start_ns":1789219693425032000,"ns":6305958}
PERF {"pid":2396,"phase":"lock-wait","start_ns":1789219693431648000,"ns":44458}
PERF {"pid":2396,"phase":"git:for-each-ref","start_ns":1789219693431700000,"ns":7004291}
PERF {"pid":2396,"phase":"git:cat-file","start_ns":1789219693438745000,"ns":7643291}
PERF {"pid":2396,"phase":"git:ls-tree","start_ns":1789219693446420000,"ns":7054459}
PERF {"pid":2396,"phase":"git:cat-file","start_ns":1789219693453510000,"ns":7399500}
PERF {"pid":2396,"phase":"read","start_ns":1789219693431699000,"ns":30252917}
PERF {"pid":2396,"phase":"encode-before","start_ns":1789219693462000000,"ns":139166}
PERF {"pid":2396,"phase":"encode-after","start_ns":1789219693462157000,"ns":102291}
PERF {"pid":2396,"phase":"git:cat-file","start_ns":1789219693462290000,"ns":7466708}
PERF {"pid":2396,"phase":"git:rev-parse","start_ns":1789219693469799000,"ns":6240500}
PERF {"pid":2396,"phase":"git:for-each-ref","start_ns":1789219693476075000,"ns":6099792}
PERF {"pid":2396,"phase":"pins","start_ns":1789219693462281000,"ns":20050791}
PERF {"pid":2396,"phase":"lock-held","start_ns":1789219693431699000,"ns":50655125}
PERF {"pid":2396,"phase":"lock-wait","start_ns":1789219693482369000,"ns":66375}
PERF {"pid":2396,"phase":"git:for-each-ref","start_ns":1789219693482457000,"ns":7038084}
PERF {"pid":2396,"phase":"git:cat-file","start_ns":1789219693489546000,"ns":6774959}
PERF {"pid":2396,"phase":"git:ls-tree","start_ns":1789219693496351000,"ns":6388500}
PERF {"pid":2396,"phase":"git:cat-file","start_ns":1789219693502794000,"ns":6494042}
PERF {"pid":2396,"phase":"read","start_ns":1789219693482448000,"ns":27183084}
PERF {"pid":2396,"phase":"encode-before","start_ns":1789219693509644000,"ns":151917}
PERF {"pid":2396,"phase":"encode-after","start_ns":1789219693509805000,"ns":62042}
PERF {"pid":2396,"phase":"git:cat-file","start_ns":1789219693509877000,"ns":6772084}
PERF {"pid":2396,"phase":"git:rev-parse","start_ns":1789219693516695000,"ns":7732459}
PERF {"pid":2396,"phase":"git:for-each-ref","start_ns":1789219693524489000,"ns":6982875}
PERF {"pid":2396,"phase":"pins","start_ns":1789219693509871000,"ns":21646375}
PERF {"pid":2396,"phase":"lock-held","start_ns":1789219693482448000,"ns":49078417}
PERF {"pid":2396,"phase":"lock-wait","start_ns":1789219693531542000,"ns":44458}
PERF {"pid":2396,"phase":"git:for-each-ref","start_ns":1789219693531590000,"ns":6838209}
PERF {"pid":2396,"phase":"git:cat-file","start_ns":1789219693538481000,"ns":6203708}
PERF {"pid":2396,"phase":"git:ls-tree","start_ns":1789219693544727000,"ns":6730959}
PERF {"pid":2396,"phase":"git:cat-file","start_ns":1789219693551499000,"ns":7027709}
PERF {"pid":2396,"phase":"read","start_ns":1789219693531589000,"ns":27197000}
PERF {"pid":2396,"phase":"encode-before","start_ns":1789219693558794000,"ns":525167}
PERF {"pid":2396,"phase":"encode-after","start_ns":1789219693559333000,"ns":57958}
PERF {"pid":2396,"phase":"git:cat-file","start_ns":1789219693559401000,"ns":7695834}
PERF {"pid":2396,"phase":"git:rev-parse","start_ns":1789219693567129000,"ns":6727208}
PERF {"pid":2396,"phase":"git:for-each-ref","start_ns":1789219693573935000,"ns":5470416}
PERF {"pid":2396,"phase":"pins","start_ns":1789219693559394000,"ns":20068458}
PERF {"pid":2396,"phase":"lock-held","start_ns":1789219693531589000,"ns":47883042}
PERF {"pid":2396,"phase":"lock-wait","start_ns":1789219693579489000,"ns":44667}
PERF {"pid":2396,"phase":"git:for-each-ref","start_ns":1789219693579538000,"ns":6680542}
PERF {"pid":2396,"phase":"git:cat-file","start_ns":1789219693586252000,"ns":7001708}
PERF {"pid":2396,"phase":"git:ls-tree","start_ns":1789219693593285000,"ns":6696625}
PERF {"pid":2396,"phase":"git:cat-file","start_ns":1789219693600019000,"ns":8284500}
PERF {"pid":2396,"phase":"read","start_ns":1789219693579538000,"ns":29131750}
PERF {"pid":2396,"phase":"encode-before","start_ns":1789219693608695000,"ns":89333}
PERF {"pid":2396,"phase":"encode-after","start_ns":1789219693608792000,"ns":55000}
PERF {"pid":2396,"phase":"git:cat-file","start_ns":1789219693608860000,"ns":6165416}
PERF {"pid":2396,"phase":"git:rev-parse","start_ns":1789219693615057000,"ns":6966083}
PERF {"pid":2396,"phase":"git:for-each-ref","start_ns":1789219693622055000,"ns":6863416}
PERF {"pid":2396,"phase":"pins","start_ns":1789219693608850000,"ns":20139041}
PERF {"pid":2396,"phase":"lock-held","start_ns":1789219693579538000,"ns":49459500}
PERF {"pid":2396,"phase":"lock-wait","start_ns":1789219693629015000,"ns":45000}
PERF {"pid":2396,"phase":"git:for-each-ref","start_ns":1789219693629064000,"ns":7006583}
PERF {"pid":2396,"phase":"git:cat-file","start_ns":1789219693636135000,"ns":7339917}
PERF {"pid":2396,"phase":"git:ls-tree","start_ns":1789219693643500000,"ns":6015250}
PERF {"pid":2396,"phase":"git:cat-file","start_ns":1789219693649545000,"ns":6426834}
PERF {"pid":2396,"phase":"read","start_ns":1789219693629063000,"ns":27291833}
PERF {"pid":2396,"phase":"encode-before","start_ns":1789219693656366000,"ns":119500}
PERF {"pid":2396,"phase":"encode-after","start_ns":1789219693656500000,"ns":131417}
PERF {"pid":2396,"phase":"git:cat-file","start_ns":1789219693656648000,"ns":7388500}
PERF {"pid":2396,"phase":"git:rev-parse","start_ns":1789219693664071000,"ns":7014250}
PERF {"pid":2396,"phase":"git:for-each-ref","start_ns":1789219693671117000,"ns":6885500}
PERF {"pid":2396,"phase":"pins","start_ns":1789219693656638000,"ns":21431084}
PERF {"pid":2396,"phase":"lock-held","start_ns":1789219693629063000,"ns":49018167}
PERF {"pid":2396,"phase":"lock-wait","start_ns":1789219693678098000,"ns":48000}
PERF {"pid":2396,"phase":"git:for-each-ref","start_ns":1789219693678150000,"ns":6377041}
PERF {"pid":2396,"phase":"git:cat-file","start_ns":1789219693684567000,"ns":6923375}
PERF {"pid":2396,"phase":"git:ls-tree","start_ns":1789219693691537000,"ns":6496166}
PERF {"pid":2396,"phase":"git:cat-file","start_ns":1789219693698102000,"ns":7536209}
PERF {"pid":2396,"phase":"read","start_ns":1789219693678149000,"ns":27777667}
PERF {"pid":2396,"phase":"encode-before","start_ns":1789219693705938000,"ns":87250}
PERF {"pid":2396,"phase":"encode-after","start_ns":1789219693706030000,"ns":57958}
PERF {"pid":2396,"phase":"git:cat-file","start_ns":1789219693706098000,"ns":7227041}
PERF {"pid":2396,"phase":"git:rev-parse","start_ns":1789219693713387000,"ns":7587667}
PERF {"pid":2396,"phase":"git:for-each-ref","start_ns":1789219693721006000,"ns":6888375}
PERF {"pid":2396,"phase":"pins","start_ns":1789219693706091000,"ns":21841375}
PERF {"pid":2396,"phase":"lock-held","start_ns":1789219693678149000,"ns":49861875}
PERF {"pid":2396,"phase":"lock-wait","start_ns":1789219693728046000,"ns":43583}
PERF {"pid":2396,"phase":"git:for-each-ref","start_ns":1789219693728093000,"ns":6513500}
PERF {"pid":2396,"phase":"git:cat-file","start_ns":1789219693734651000,"ns":7054375}
PERF {"pid":2396,"phase":"git:ls-tree","start_ns":1789219693741764000,"ns":6669833}
PERF {"pid":2396,"phase":"git:cat-file","start_ns":1789219693748474000,"ns":7064125}
PERF {"pid":2396,"phase":"read","start_ns":1789219693728092000,"ns":28136875}
PERF {"pid":2396,"phase":"encode-before","start_ns":1789219693756246000,"ns":93250}
PERF {"pid":2396,"phase":"encode-after","start_ns":1789219693756345000,"ns":53792}
PERF {"pid":2396,"phase":"git:cat-file","start_ns":1789219693756410000,"ns":7624875}
PERF {"pid":2396,"phase":"git:rev-parse","start_ns":1789219693764067000,"ns":7461041}
PERF {"pid":2396,"phase":"git:for-each-ref","start_ns":1789219693771560000,"ns":7394709}
PERF {"pid":2396,"phase":"pins","start_ns":1789219693756403000,"ns":22613375}
PERF {"pid":2396,"phase":"lock-held","start_ns":1789219693728092000,"ns":50931792}
PERF {"pid":2396,"phase":"lock-wait","start_ns":1789219693779040000,"ns":48000}
PERF {"pid":2396,"phase":"git:for-each-ref","start_ns":1789219693779091000,"ns":7283916}
PERF {"pid":2396,"phase":"git:cat-file","start_ns":1789219693786534000,"ns":7066042}
PERF {"pid":2396,"phase":"git:ls-tree","start_ns":1789219693793664000,"ns":8009958}
PERF {"pid":2396,"phase":"git:cat-file","start_ns":1789219693801725000,"ns":7336584}
PERF {"pid":2396,"phase":"read","start_ns":1789219693779091000,"ns":30384291}
PERF {"pid":2396,"phase":"encode-before","start_ns":1789219693809515000,"ns":222250}
PERF {"pid":2396,"phase":"encode-after","start_ns":1789219693809774000,"ns":68792}
PERF {"pid":2396,"phase":"git:cat-file","start_ns":1789219693809895000,"ns":7419375}
PERF {"pid":2396,"phase":"git:rev-parse","start_ns":1789219693817342000,"ns":6493459}
PERF {"pid":2396,"phase":"git:for-each-ref","start_ns":1789219693823891000,"ns":6669125}
PERF {"pid":2396,"phase":"pins","start_ns":1789219693809884000,"ns":20725250}
PERF {"pid":2396,"phase":"lock-held","start_ns":1789219693779091000,"ns":51526541}
PERF {"pid":2396,"phase":"lock-wait","start_ns":1789219693830630000,"ns":44833}
PERF {"pid":2396,"phase":"git:for-each-ref","start_ns":1789219693830679000,"ns":7921584}
PERF {"pid":2396,"phase":"git:cat-file","start_ns":1789219693838641000,"ns":6808708}
PERF {"pid":2396,"phase":"git:ls-tree","start_ns":1789219693845480000,"ns":7117417}
PERF {"pid":2396,"phase":"git:cat-file","start_ns":1789219693852637000,"ns":7533166}
PERF {"pid":2396,"phase":"read","start_ns":1789219693830679000,"ns":29734958}
PERF {"pid":2396,"phase":"encode-before","start_ns":1789219693860420000,"ns":512375}
PERF {"pid":2396,"phase":"encode-after","start_ns":1789219693860943000,"ns":57917}
PERF {"pid":2396,"phase":"git:cat-file","start_ns":1789219693861012000,"ns":7064250}
PERF {"pid":2396,"phase":"git:rev-parse","start_ns":1789219693868112000,"ns":7360125}
PERF {"pid":2396,"phase":"git:for-each-ref","start_ns":1789219693875504000,"ns":7078917}
PERF {"pid":2396,"phase":"pins","start_ns":1789219693861005000,"ns":21620500}
PERF {"pid":2396,"phase":"lock-held","start_ns":1789219693830679000,"ns":51957750}
PERF {"pid":2396,"phase":"lock-wait","start_ns":1789219693882651000,"ns":40208}
PERF {"pid":2396,"phase":"git:for-each-ref","start_ns":1789219693882694000,"ns":7010750}
PERF {"pid":2396,"phase":"git:cat-file","start_ns":1789219693889779000,"ns":7545416}
PERF {"pid":2396,"phase":"git:ls-tree","start_ns":1789219693897353000,"ns":6950292}
PERF {"pid":2396,"phase":"git:cat-file","start_ns":1789219693904370000,"ns":6592458}
PERF {"pid":2396,"phase":"read","start_ns":1789219693882694000,"ns":28659709}
PERF {"pid":2396,"phase":"encode-before","start_ns":1789219693911367000,"ns":126583}
PERF {"pid":2396,"phase":"encode-after","start_ns":1789219693911502000,"ns":98750}
PERF {"pid":2396,"phase":"git:cat-file","start_ns":1789219693911623000,"ns":6809958}
PERF {"pid":2396,"phase":"git:rev-parse","start_ns":1789219693918512000,"ns":8117375}
PERF {"pid":2396,"phase":"git:for-each-ref","start_ns":1789219693926665000,"ns":7250292}
PERF {"pid":2396,"phase":"pins","start_ns":1789219693911614000,"ns":22371458}
PERF {"pid":2396,"phase":"lock-held","start_ns":1789219693882694000,"ns":51300250}
PERF {"pid":2396,"phase":"git:for-each-ref","start_ns":1789219693934009000,"ns":7579709}
PERF {"pid":2396,"phase":"git:cat-file","start_ns":1789219693941731000,"ns":7232917}
PERF {"pid":2396,"phase":"git:ls-tree","start_ns":1789219693949011000,"ns":7319167}
PERF {"pid":2396,"phase":"git:cat-file","start_ns":1789219693956402000,"ns":7323250}
PERF {"pid":2396,"phase":"git:for-each-ref","start_ns":1789219694241705000,"ns":6905375}
PERF {"pid":2396,"phase":"git:cat-file","start_ns":1789219694248725000,"ns":7352000}
PERF {"pid":2396,"phase":"git:ls-tree","start_ns":1789219694256115000,"ns":7616959}
PERF {"pid":2396,"phase":"git:cat-file","start_ns":1789219694263790000,"ns":7726084}
PERF {"pid":2396,"phase":"lock-wait","start_ns":1789219694271864000,"ns":81083}
PERF {"pid":2396,"phase":"git:for-each-ref","start_ns":1789219694271968000,"ns":6274333}
PERF {"pid":2396,"phase":"git:cat-file","start_ns":1789219694278285000,"ns":7385458}
PERF {"pid":2396,"phase":"git:ls-tree","start_ns":1789219694285722000,"ns":7056917}
PERF {"pid":2396,"phase":"git:cat-file","start_ns":1789219694292818000,"ns":7339458}
PERF {"pid":2396,"phase":"read","start_ns":1789219694271967000,"ns":28498792}
PERF {"pid":2396,"phase":"encode-before","start_ns":1789219694300472000,"ns":146416}
PERF {"pid":2396,"phase":"encode-after","start_ns":1789219694300623000,"ns":57209}
PERF {"pid":2396,"phase":"git:cat-file","start_ns":1789219694300703000,"ns":8159208}
PERF {"pid":2396,"phase":"git:rev-parse","start_ns":1789219694308905000,"ns":6877333}
PERF {"pid":2396,"phase":"git:rev-parse","start_ns":1789219694315808000,"ns":7570958}
PERF {"pid":2396,"phase":"git:rev-parse","start_ns":1789219694323425000,"ns":6773000}
PERF {"pid":2396,"phase":"git:rev-parse","start_ns":1789219694330269000,"ns":6819208}
PERF {"pid":2396,"phase":"git:rev-parse","start_ns":1789219694337119000,"ns":7128208}
PERF {"pid":2396,"phase":"git:rev-parse","start_ns":1789219694344282000,"ns":7230125}
PERF {"pid":2396,"phase":"git:rev-parse","start_ns":1789219694351552000,"ns":7196417}
PERF {"pid":2396,"phase":"git:rev-parse","start_ns":1789219694358803000,"ns":6140834}
PERF {"pid":2396,"phase":"git:rev-parse","start_ns":1789219694364972000,"ns":7079000}
PERF {"pid":2396,"phase":"git:rev-parse","start_ns":1789219694372081000,"ns":7276500}
PERF {"pid":2396,"phase":"git:for-each-ref","start_ns":1789219694379416000,"ns":7453333}
PERF {"pid":2396,"phase":"pins","start_ns":1789219694300684000,"ns":86262917}
PERF {"pid":2396,"phase":"lock-held","start_ns":1789219694271967000,"ns":114988667}
PERF {"pid":2396,"phase":"lock-wait","start_ns":1789219694386971000,"ns":44041}
PERF {"pid":2396,"phase":"git:for-each-ref","start_ns":1789219694387019000,"ns":6952375}
PERF {"pid":2396,"phase":"git:cat-file","start_ns":1789219694394040000,"ns":7006084}
PERF {"pid":2396,"phase":"git:ls-tree","start_ns":1789219694401079000,"ns":6897667}
PERF {"pid":2396,"phase":"git:cat-file","start_ns":1789219694408018000,"ns":6762625}
PERF {"pid":2396,"phase":"read","start_ns":1789219694387018000,"ns":28046500}
PERF {"pid":2396,"phase":"encode-before","start_ns":1789219694415071000,"ns":85625}
PERF {"pid":2396,"phase":"encode-after","start_ns":1789219694415162000,"ns":362584}
PERF {"pid":2396,"phase":"git:cat-file","start_ns":1789219694415597000,"ns":7398791}
PERF {"pid":2396,"phase":"git:rev-parse","start_ns":1789219694423050000,"ns":7029416}
PERF {"pid":2396,"phase":"git:rev-parse","start_ns":1789219694430110000,"ns":7973792}
PERF {"pid":2396,"phase":"git:rev-parse","start_ns":1789219694438131000,"ns":7497167}
PERF {"pid":2396,"phase":"git:rev-parse","start_ns":1789219694445680000,"ns":7859791}
PERF {"pid":2396,"phase":"git:rev-parse","start_ns":1789219694453608000,"ns":7372625}
PERF {"pid":2396,"phase":"git:rev-parse","start_ns":1789219694461023000,"ns":7586042}
PERF {"pid":2396,"phase":"git:rev-parse","start_ns":1789219694468671000,"ns":8019458}
PERF {"pid":2396,"phase":"git:rev-parse","start_ns":1789219694476726000,"ns":6785625}
PERF {"pid":2396,"phase":"git:rev-parse","start_ns":1789219694483599000,"ns":6885750}
PERF {"pid":2396,"phase":"git:rev-parse","start_ns":1789219694490595000,"ns":6843083}
PERF {"pid":2396,"phase":"git:for-each-ref","start_ns":1789219694497508000,"ns":7628625}
PERF {"pid":2396,"phase":"pins","start_ns":1789219694415543000,"ns":89679417}
PERF {"pid":2396,"phase":"lock-held","start_ns":1789219694387018000,"ns":118212500}
PERF {"pid":2396,"phase":"lock-wait","start_ns":1789219694505246000,"ns":40209}
PERF {"pid":2396,"phase":"git:for-each-ref","start_ns":1789219694505290000,"ns":7041542}
PERF {"pid":2396,"phase":"git:cat-file","start_ns":1789219694512397000,"ns":7461834}
PERF {"pid":2396,"phase":"git:ls-tree","start_ns":1789219694519892000,"ns":6698250}
PERF {"pid":2396,"phase":"git:cat-file","start_ns":1789219694526704000,"ns":7154625}
PERF {"pid":2396,"phase":"read","start_ns":1789219694505290000,"ns":28856125}
PERF {"pid":2396,"phase":"encode-before","start_ns":1789219694534153000,"ns":120000}
PERF {"pid":2396,"phase":"encode-after","start_ns":1789219694534279000,"ns":61042}
PERF {"pid":2396,"phase":"git:cat-file","start_ns":1789219694534363000,"ns":7272042}
PERF {"pid":2396,"phase":"git:rev-parse","start_ns":1789219694541713000,"ns":6821083}
PERF {"pid":2396,"phase":"git:rev-parse","start_ns":1789219694548607000,"ns":6988208}
PERF {"pid":2396,"phase":"git:rev-parse","start_ns":1789219694555633000,"ns":7157708}
PERF {"pid":2396,"phase":"git:rev-parse","start_ns":1789219694562829000,"ns":7756875}
PERF {"pid":2396,"phase":"git:rev-parse","start_ns":1789219694570630000,"ns":7396250}
PERF {"pid":2396,"phase":"git:rev-parse","start_ns":1789219694578064000,"ns":6471625}
PERF {"pid":2396,"phase":"git:rev-parse","start_ns":1789219694584583000,"ns":7676000}
PERF {"pid":2396,"phase":"git:rev-parse","start_ns":1789219694592317000,"ns":6111458}
PERF {"pid":2396,"phase":"git:rev-parse","start_ns":1789219694598464000,"ns":7180833}
PERF {"pid":2396,"phase":"git:rev-parse","start_ns":1789219694605679000,"ns":7450833}
PERF {"pid":2396,"phase":"git:for-each-ref","start_ns":1789219694613182000,"ns":7913041}
PERF {"pid":2396,"phase":"pins","start_ns":1789219694534343000,"ns":86820750}
PERF {"pid":2396,"phase":"lock-held","start_ns":1789219694505290000,"ns":115881667}
PERF {"pid":2396,"phase":"lock-wait","start_ns":1789219694621183000,"ns":34167}
PERF {"pid":2396,"phase":"git:for-each-ref","start_ns":1789219694621221000,"ns":7227084}
PERF {"pid":2396,"phase":"git:cat-file","start_ns":1789219694628485000,"ns":7591417}
PERF {"pid":2396,"phase":"git:ls-tree","start_ns":1789219694636111000,"ns":7185125}
PERF {"pid":2396,"phase":"git:cat-file","start_ns":1789219694643384000,"ns":7418667}
PERF {"pid":2396,"phase":"read","start_ns":1789219694621221000,"ns":29865292}
PERF {"pid":2396,"phase":"encode-before","start_ns":1789219694651097000,"ns":313500}
PERF {"pid":2396,"phase":"encode-after","start_ns":1789219694651428000,"ns":303292}
PERF {"pid":2396,"phase":"git:cat-file","start_ns":1789219694651755000,"ns":7511292}
PERF {"pid":2396,"phase":"git:rev-parse","start_ns":1789219694659349000,"ns":7270333}
PERF {"pid":2396,"phase":"git:rev-parse","start_ns":1789219694666707000,"ns":7047792}
PERF {"pid":2396,"phase":"git:rev-parse","start_ns":1789219694673787000,"ns":6623917}
PERF {"pid":2396,"phase":"git:rev-parse","start_ns":1789219694680448000,"ns":7754583}
PERF {"pid":2396,"phase":"git:rev-parse","start_ns":1789219694688305000,"ns":6709458}
PERF {"pid":2396,"phase":"git:rev-parse","start_ns":1789219694695099000,"ns":8971583}
PERF {"pid":2396,"phase":"git:rev-parse","start_ns":1789219694704111000,"ns":7219125}
PERF {"pid":2396,"phase":"git:rev-parse","start_ns":1789219694711430000,"ns":7805125}
PERF {"pid":2396,"phase":"git:rev-parse","start_ns":1789219694719315000,"ns":7975083}
PERF {"pid":2396,"phase":"git:rev-parse","start_ns":1789219694727359000,"ns":6657250}
PERF {"pid":2396,"phase":"git:for-each-ref","start_ns":1789219694734102000,"ns":7551542}
PERF {"pid":2396,"phase":"pins","start_ns":1789219694651738000,"ns":90126125}
PERF {"pid":2396,"phase":"lock-held","start_ns":1789219694621221000,"ns":120658333}
PERF {"pid":2396,"phase":"lock-wait","start_ns":1789219694741904000,"ns":76250}
PERF {"pid":2396,"phase":"git:for-each-ref","start_ns":1789219694741985000,"ns":6196667}
PERF {"pid":2396,"phase":"git:cat-file","start_ns":1789219694748249000,"ns":7245208}
PERF {"pid":2396,"phase":"git:ls-tree","start_ns":1789219694755541000,"ns":7683292}
PERF {"pid":2396,"phase":"git:cat-file","start_ns":1789219694763260000,"ns":7158625}
PERF {"pid":2396,"phase":"read","start_ns":1789219694741984000,"ns":28768459}
PERF {"pid":2396,"phase":"encode-before","start_ns":1789219694770760000,"ns":134834}
PERF {"pid":2396,"phase":"encode-after","start_ns":1789219694770906000,"ns":66708}
PERF {"pid":2396,"phase":"git:cat-file","start_ns":1789219694770997000,"ns":7807750}
PERF {"pid":2396,"phase":"git:rev-parse","start_ns":1789219694778895000,"ns":7077125}
PERF {"pid":2396,"phase":"git:rev-parse","start_ns":1789219694786012000,"ns":7586667}
PERF {"pid":2396,"phase":"git:rev-parse","start_ns":1789219694793636000,"ns":6762333}
PERF {"pid":2396,"phase":"git:rev-parse","start_ns":1789219694800435000,"ns":6589583}
PERF {"pid":2396,"phase":"git:rev-parse","start_ns":1789219694807088000,"ns":7681417}
PERF {"pid":2396,"phase":"git:rev-parse","start_ns":1789219694814831000,"ns":7102000}
PERF {"pid":2396,"phase":"git:rev-parse","start_ns":1789219694821969000,"ns":6793041}
PERF {"pid":2396,"phase":"git:rev-parse","start_ns":1789219694828831000,"ns":7007083}
PERF {"pid":2396,"phase":"git:rev-parse","start_ns":1789219694835898000,"ns":5744750}
PERF {"pid":2396,"phase":"git:rev-parse","start_ns":1789219694841674000,"ns":7170584}
PERF {"pid":2396,"phase":"git:for-each-ref","start_ns":1789219694848921000,"ns":7312292}
PERF {"pid":2396,"phase":"pins","start_ns":1789219694770976000,"ns":85333250}
PERF {"pid":2396,"phase":"lock-held","start_ns":1789219694741984000,"ns":114353916}
PERF {"pid":2396,"phase":"lock-wait","start_ns":1789219694856390000,"ns":52125}
PERF {"pid":2396,"phase":"git:for-each-ref","start_ns":1789219694856449000,"ns":7041000}
PERF {"pid":2396,"phase":"git:cat-file","start_ns":1789219694863541000,"ns":6364791}
PERF {"pid":2396,"phase":"git:ls-tree","start_ns":1789219694869935000,"ns":7218875}
PERF {"pid":2396,"phase":"git:cat-file","start_ns":1789219694877186000,"ns":7513708}
PERF {"pid":2396,"phase":"read","start_ns":1789219694856448000,"ns":29166292}
PERF {"pid":2396,"phase":"encode-before","start_ns":1789219694885633000,"ns":90541}
PERF {"pid":2396,"phase":"encode-after","start_ns":1789219694885728000,"ns":53000}
PERF {"pid":2396,"phase":"git:cat-file","start_ns":1789219694885800000,"ns":7624666}
PERF {"pid":2396,"phase":"git:rev-parse","start_ns":1789219694893476000,"ns":7487250}
PERF {"pid":2396,"phase":"git:rev-parse","start_ns":1789219694901018000,"ns":7578167}
PERF {"pid":2396,"phase":"git:rev-parse","start_ns":1789219694908634000,"ns":7717375}
PERF {"pid":2396,"phase":"git:rev-parse","start_ns":1789219694916390000,"ns":7083042}
PERF {"pid":2396,"phase":"git:rev-parse","start_ns":1789219694923532000,"ns":6852042}
PERF {"pid":2396,"phase":"git:rev-parse","start_ns":1789219694930492000,"ns":7806958}
PERF {"pid":2396,"phase":"git:rev-parse","start_ns":1789219694938376000,"ns":7130333}
PERF {"pid":2396,"phase":"git:rev-parse","start_ns":1789219694945645000,"ns":6641667}
PERF {"pid":2396,"phase":"git:rev-parse","start_ns":1789219694952316000,"ns":7133792}
PERF {"pid":2396,"phase":"git:rev-parse","start_ns":1789219694959483000,"ns":8102500}
PERF {"pid":2396,"phase":"git:for-each-ref","start_ns":1789219694967624000,"ns":7851375}
PERF {"pid":2396,"phase":"pins","start_ns":1789219694885785000,"ns":89780625}
PERF {"pid":2396,"phase":"lock-held","start_ns":1789219694856448000,"ns":119130500}
PERF {"pid":2396,"phase":"lock-wait","start_ns":1789219694975593000,"ns":44166}
PERF {"pid":2396,"phase":"git:for-each-ref","start_ns":1789219694975641000,"ns":7170125}
PERF {"pid":2396,"phase":"git:cat-file","start_ns":1789219694982896000,"ns":7116625}
PERF {"pid":2396,"phase":"git:ls-tree","start_ns":1789219694990051000,"ns":6509500}
PERF {"pid":2396,"phase":"git:cat-file","start_ns":1789219694996599000,"ns":6638334}
PERF {"pid":2396,"phase":"read","start_ns":1789219694975640000,"ns":27961000}
PERF {"pid":2396,"phase":"encode-before","start_ns":1789219695003611000,"ns":117458}
PERF {"pid":2396,"phase":"encode-after","start_ns":1789219695003734000,"ns":59875}
PERF {"pid":2396,"phase":"git:cat-file","start_ns":1789219695003815000,"ns":7852750}
PERF {"pid":2396,"phase":"git:rev-parse","start_ns":1789219695011755000,"ns":6930625}
PERF {"pid":2396,"phase":"git:rev-parse","start_ns":1789219695018715000,"ns":7227833}
PERF {"pid":2396,"phase":"git:rev-parse","start_ns":1789219695025972000,"ns":8031000}
PERF {"pid":2396,"phase":"git:rev-parse","start_ns":1789219695034035000,"ns":7824791}
PERF {"pid":2396,"phase":"git:rev-parse","start_ns":1789219695041897000,"ns":7323125}
PERF {"pid":2396,"phase":"git:rev-parse","start_ns":1789219695049260000,"ns":6745542}
PERF {"pid":2396,"phase":"git:rev-parse","start_ns":1789219695056050000,"ns":7017792}
PERF {"pid":2396,"phase":"git:rev-parse","start_ns":1789219695063112000,"ns":8161417}
PERF {"pid":2396,"phase":"git:rev-parse","start_ns":1789219695071344000,"ns":6684709}
PERF {"pid":2396,"phase":"git:rev-parse","start_ns":1789219695078076000,"ns":6592833}
PERF {"pid":2396,"phase":"git:for-each-ref","start_ns":1789219695084707000,"ns":7894333}
PERF {"pid":2396,"phase":"pins","start_ns":1789219695003797000,"ns":88901750}
PERF {"pid":2396,"phase":"lock-held","start_ns":1789219694975640000,"ns":117068167}
PERF {"pid":2396,"phase":"lock-wait","start_ns":1789219695092722000,"ns":49042}
PERF {"pid":2396,"phase":"git:for-each-ref","start_ns":1789219695092774000,"ns":6027000}
PERF {"pid":2396,"phase":"git:cat-file","start_ns":1789219695098925000,"ns":6372583}
PERF {"pid":2396,"phase":"git:ls-tree","start_ns":1789219695105327000,"ns":7142875}
PERF {"pid":2396,"phase":"git:cat-file","start_ns":1789219695112501000,"ns":7785250}
PERF {"pid":2396,"phase":"read","start_ns":1789219695092774000,"ns":27872250}
PERF {"pid":2396,"phase":"encode-before","start_ns":1789219695120655000,"ns":82208}
PERF {"pid":2396,"phase":"encode-after","start_ns":1789219695120742000,"ns":53584}
PERF {"pid":2396,"phase":"git:cat-file","start_ns":1789219695120813000,"ns":7587250}
PERF {"pid":2396,"phase":"git:rev-parse","start_ns":1789219695128485000,"ns":6361917}
PERF {"pid":2396,"phase":"git:rev-parse","start_ns":1789219695134929000,"ns":7011500}
PERF {"pid":2396,"phase":"git:rev-parse","start_ns":1789219695141976000,"ns":7334167}
PERF {"pid":2396,"phase":"git:rev-parse","start_ns":1789219695149412000,"ns":6240666}
PERF {"pid":2396,"phase":"git:rev-parse","start_ns":1789219695155685000,"ns":7048417}
PERF {"pid":2396,"phase":"git:rev-parse","start_ns":1789219695162774000,"ns":7085666}
PERF {"pid":2396,"phase":"git:rev-parse","start_ns":1789219695169890000,"ns":5491875}
PERF {"pid":2396,"phase":"git:rev-parse","start_ns":1789219695175430000,"ns":6706917}
PERF {"pid":2396,"phase":"git:rev-parse","start_ns":1789219695182222000,"ns":7002833}
PERF {"pid":2396,"phase":"git:rev-parse","start_ns":1789219695189255000,"ns":6331042}
PERF {"pid":2396,"phase":"git:for-each-ref","start_ns":1789219695195644000,"ns":9051166}
PERF {"pid":2396,"phase":"pins","start_ns":1789219695120798000,"ns":83992541}
PERF {"pid":2396,"phase":"lock-held","start_ns":1789219695092774000,"ns":112025000}
PERF {"pid":2396,"phase":"lock-wait","start_ns":1789219695204810000,"ns":52375}
PERF {"pid":2396,"phase":"git:for-each-ref","start_ns":1789219695204867000,"ns":5960834}
PERF {"pid":2396,"phase":"git:cat-file","start_ns":1789219695210880000,"ns":10186625}
PERF {"pid":2396,"phase":"git:ls-tree","start_ns":1789219695221102000,"ns":7269625}
PERF {"pid":2396,"phase":"git:cat-file","start_ns":1789219695228437000,"ns":8429417}
PERF {"pid":2396,"phase":"read","start_ns":1789219695204866000,"ns":32405750}
PERF {"pid":2396,"phase":"encode-before","start_ns":1789219695237286000,"ns":350292}
PERF {"pid":2396,"phase":"encode-after","start_ns":1789219695237670000,"ns":128875}
PERF {"pid":2396,"phase":"git:cat-file","start_ns":1789219695237844000,"ns":6869958}
PERF {"pid":2396,"phase":"git:rev-parse","start_ns":1789219695244846000,"ns":6922292}
PERF {"pid":2396,"phase":"git:rev-parse","start_ns":1789219695251800000,"ns":6992667}
PERF {"pid":2396,"phase":"git:rev-parse","start_ns":1789219695258940000,"ns":8059542}
PERF {"pid":2396,"phase":"git:rev-parse","start_ns":1789219695267045000,"ns":7078625}
PERF {"pid":2396,"phase":"git:rev-parse","start_ns":1789219695274159000,"ns":6383792}
PERF {"pid":2396,"phase":"git:rev-parse","start_ns":1789219695280648000,"ns":8661542}
PERF {"pid":2396,"phase":"git:rev-parse","start_ns":1789219695289344000,"ns":7332709}
PERF {"pid":2396,"phase":"git:rev-parse","start_ns":1789219695296709000,"ns":5779584}
PERF {"pid":2396,"phase":"git:rev-parse","start_ns":1789219695302519000,"ns":7008250}
PERF {"pid":2396,"phase":"git:rev-parse","start_ns":1789219695309565000,"ns":7289000}
PERF {"pid":2396,"phase":"git:for-each-ref","start_ns":1789219695316898000,"ns":6662791}
PERF {"pid":2396,"phase":"pins","start_ns":1789219695237825000,"ns":85862959}
PERF {"pid":2396,"phase":"lock-held","start_ns":1789219695204866000,"ns":118850500}
PERF {"pid":2396,"phase":"lock-wait","start_ns":1789219695323736000,"ns":61667}
PERF {"pid":2396,"phase":"git:for-each-ref","start_ns":1789219695323803000,"ns":6703875}
PERF {"pid":2396,"phase":"git:cat-file","start_ns":1789219695330549000,"ns":7520834}
PERF {"pid":2396,"phase":"git:ls-tree","start_ns":1789219695338101000,"ns":7046125}
PERF {"pid":2396,"phase":"git:cat-file","start_ns":1789219695345179000,"ns":8192417}
PERF {"pid":2396,"phase":"read","start_ns":1789219695323803000,"ns":30047625}
PERF {"pid":2396,"phase":"encode-before","start_ns":1789219695353860000,"ns":81958}
PERF {"pid":2396,"phase":"encode-after","start_ns":1789219695353947000,"ns":62667}
PERF {"pid":2396,"phase":"git:cat-file","start_ns":1789219695354028000,"ns":7091250}
PERF {"pid":2396,"phase":"git:rev-parse","start_ns":1789219695361164000,"ns":6426917}
PERF {"pid":2396,"phase":"git:rev-parse","start_ns":1789219695367622000,"ns":6672500}
PERF {"pid":2396,"phase":"git:rev-parse","start_ns":1789219695374484000,"ns":6623167}
PERF {"pid":2396,"phase":"git:rev-parse","start_ns":1789219695381138000,"ns":6657083}
PERF {"pid":2396,"phase":"git:rev-parse","start_ns":1789219695387848000,"ns":6539875}
PERF {"pid":2396,"phase":"git:rev-parse","start_ns":1789219695394555000,"ns":7134333}
PERF {"pid":2396,"phase":"git:rev-parse","start_ns":1789219695401752000,"ns":6910209}
PERF {"pid":2396,"phase":"git:rev-parse","start_ns":1789219695408694000,"ns":7122750}
PERF {"pid":2396,"phase":"git:rev-parse","start_ns":1789219695415848000,"ns":6706417}
PERF {"pid":2396,"phase":"git:rev-parse","start_ns":1789219695422618000,"ns":7092417}
PERF {"pid":2396,"phase":"git:for-each-ref","start_ns":1789219695429765000,"ns":6457000}
PERF {"pid":2396,"phase":"pins","start_ns":1789219695354013000,"ns":82370125}
PERF {"pid":2396,"phase":"lock-held","start_ns":1789219695323803000,"ns":112608500}
PERF {"pid":2396,"phase":"lock-wait","start_ns":1789219695436428000,"ns":46125}
PERF {"pid":2396,"phase":"git:for-each-ref","start_ns":1789219695436478000,"ns":6838833}
PERF {"pid":2396,"phase":"git:cat-file","start_ns":1789219695443358000,"ns":7198667}
PERF {"pid":2396,"phase":"git:ls-tree","start_ns":1789219695450585000,"ns":7445208}
PERF {"pid":2396,"phase":"git:cat-file","start_ns":1789219695458101000,"ns":7502833}
PERF {"pid":2396,"phase":"read","start_ns":1789219695436478000,"ns":29406208}
PERF {"pid":2396,"phase":"encode-before","start_ns":1789219695465892000,"ns":107000}
PERF {"pid":2396,"phase":"encode-after","start_ns":1789219695466004000,"ns":56208}
PERF {"pid":2396,"phase":"git:cat-file","start_ns":1789219695466077000,"ns":7700208}
PERF {"pid":2396,"phase":"git:rev-parse","start_ns":1789219695473864000,"ns":7402292}
PERF {"pid":2396,"phase":"git:rev-parse","start_ns":1789219695481308000,"ns":7484667}
PERF {"pid":2396,"phase":"git:rev-parse","start_ns":1789219695488831000,"ns":6887417}
PERF {"pid":2396,"phase":"git:rev-parse","start_ns":1789219695495806000,"ns":6522667}
PERF {"pid":2396,"phase":"git:rev-parse","start_ns":1789219695502402000,"ns":7239333}
PERF {"pid":2396,"phase":"git:rev-parse","start_ns":1789219695509719000,"ns":7445667}
PERF {"pid":2396,"phase":"git:rev-parse","start_ns":1789219695517224000,"ns":6994041}
PERF {"pid":2396,"phase":"git:rev-parse","start_ns":1789219695524291000,"ns":7273500}
PERF {"pid":2396,"phase":"git:rev-parse","start_ns":1789219695531607000,"ns":6832791}
PERF {"pid":2396,"phase":"git:rev-parse","start_ns":1789219695538506000,"ns":7130542}
PERF {"pid":2396,"phase":"git:for-each-ref","start_ns":1789219695545752000,"ns":6919750}
PERF {"pid":2396,"phase":"pins","start_ns":1789219695466063000,"ns":86680000}
PERF {"pid":2396,"phase":"lock-held","start_ns":1789219695436478000,"ns":116274625}
PERF {"pid":2396,"phase":"git:for-each-ref","start_ns":1789219695552767000,"ns":7012250}
PERF {"pid":2396,"phase":"git:cat-file","start_ns":1789219695559826000,"ns":7507333}
PERF {"pid":2396,"phase":"git:ls-tree","start_ns":1789219695567368000,"ns":7745709}
PERF {"pid":2396,"phase":"git:cat-file","start_ns":1789219695575229000,"ns":7902084}
PERF {"pid":2396,"phase":"lock-wait","start_ns":1789219695583521000,"ns":64500}
PERF {"pid":2396,"phase":"git:for-each-ref","start_ns":1789219695583600000,"ns":8749750}
PERF {"pid":2396,"phase":"git:cat-file","start_ns":1789219695592431000,"ns":8154250}
PERF {"pid":2396,"phase":"git:ls-tree","start_ns":1789219695600632000,"ns":7859750}
PERF {"pid":2396,"phase":"git:cat-file","start_ns":1789219695608533000,"ns":8616208}
PERF {"pid":2396,"phase":"read","start_ns":1789219695583599000,"ns":33860166}
PERF {"pid":2396,"phase":"encode-before","start_ns":1789219695617467000,"ns":123000}
PERF {"pid":2396,"phase":"encode-after","start_ns":1789219695617595000,"ns":93792}
PERF {"pid":2396,"phase":"git:cat-file","start_ns":1789219695617717000,"ns":8595500}
PERF {"pid":2396,"phase":"git:rev-parse","start_ns":1789219695626389000,"ns":7573541}
PERF {"pid":2396,"phase":"git:rev-parse","start_ns":1789219695634026000,"ns":7698833}
PERF {"pid":2396,"phase":"git:rev-parse","start_ns":1789219695641763000,"ns":7353792}
PERF {"pid":2396,"phase":"git:rev-parse","start_ns":1789219695649168000,"ns":8147875}
PERF {"pid":2396,"phase":"git:rev-parse","start_ns":1789219695657417000,"ns":8150000}
PERF {"pid":2396,"phase":"git:rev-parse","start_ns":1789219695665614000,"ns":8202542}
PERF {"pid":2396,"phase":"git:rev-parse","start_ns":1789219695673876000,"ns":7919125}
PERF {"pid":2396,"phase":"git:rev-parse","start_ns":1789219695681836000,"ns":7114125}
PERF {"pid":2396,"phase":"git:rev-parse","start_ns":1789219695689009000,"ns":7473875}
PERF {"pid":2396,"phase":"git:rev-parse","start_ns":1789219695696545000,"ns":7058250}
PERF {"pid":2396,"phase":"git:for-each-ref","start_ns":1789219695703665000,"ns":7381459}
PERF {"pid":2396,"phase":"pins","start_ns":1789219695617701000,"ns":93434333}
PERF {"pid":2396,"phase":"lock-held","start_ns":1789219695583599000,"ns":127552833}
PERF {"pid":2396,"phase":"lock-wait","start_ns":1789219695711168000,"ns":124584}
PERF {"pid":2396,"phase":"git:for-each-ref","start_ns":1789219695711302000,"ns":8418292}
PERF {"pid":2396,"phase":"git:cat-file","start_ns":1789219695719815000,"ns":8575042}
PERF {"pid":2396,"phase":"git:ls-tree","start_ns":1789219695728439000,"ns":7113625}
PERF {"pid":2396,"phase":"git:cat-file","start_ns":1789219695735592000,"ns":8074500}
PERF {"pid":2396,"phase":"read","start_ns":1789219695711302000,"ns":32675750}
PERF {"pid":2396,"phase":"encode-before","start_ns":1789219695743985000,"ns":141125}
PERF {"pid":2396,"phase":"encode-after","start_ns":1789219695744175000,"ns":141833}
PERF {"pid":2396,"phase":"git:cat-file","start_ns":1789219695744673000,"ns":8182167}
PERF {"pid":2396,"phase":"git:rev-parse","start_ns":1789219695752942000,"ns":7970125}
PERF {"pid":2396,"phase":"git:rev-parse","start_ns":1789219695761134000,"ns":8218667}
PERF {"pid":2396,"phase":"git:rev-parse","start_ns":1789219695769446000,"ns":8227417}
PERF {"pid":2396,"phase":"git:rev-parse","start_ns":1789219695777807000,"ns":8099709}
PERF {"pid":2396,"phase":"git:rev-parse","start_ns":1789219695785951000,"ns":8363791}
PERF {"pid":2396,"phase":"git:rev-parse","start_ns":1789219695794399000,"ns":7390917}
PERF {"pid":2396,"phase":"git:rev-parse","start_ns":1789219695801827000,"ns":8880917}
PERF {"pid":2396,"phase":"git:rev-parse","start_ns":1789219695810766000,"ns":9354875}
PERF {"pid":2396,"phase":"git:rev-parse","start_ns":1789219695820172000,"ns":8877250}
PERF {"pid":2396,"phase":"git:rev-parse","start_ns":1789219695829123000,"ns":8121542}
PERF {"pid":2396,"phase":"git:for-each-ref","start_ns":1789219695837288000,"ns":8950167}
PERF {"pid":2396,"phase":"pins","start_ns":1789219695744326000,"ns":102056208}
PERF {"pid":2396,"phase":"lock-held","start_ns":1789219695711302000,"ns":135163125}
PERF {"pid":2396,"phase":"lock-wait","start_ns":1789219695846498000,"ns":89167}
PERF {"pid":2396,"phase":"git:for-each-ref","start_ns":1789219695846593000,"ns":8025666}
PERF {"pid":2396,"phase":"git:cat-file","start_ns":1789219695854673000,"ns":7604291}
PERF {"pid":2396,"phase":"git:ls-tree","start_ns":1789219695862357000,"ns":7803375}
PERF {"pid":2396,"phase":"git:cat-file","start_ns":1789219695870213000,"ns":7548750}
PERF {"pid":2396,"phase":"read","start_ns":1789219695846592000,"ns":31572291}
PERF {"pid":2396,"phase":"encode-before","start_ns":1789219695878179000,"ns":131917}
PERF {"pid":2396,"phase":"encode-after","start_ns":1789219695878318000,"ns":87750}
PERF {"pid":2396,"phase":"git:cat-file","start_ns":1789219695878456000,"ns":8224666}
PERF {"pid":2396,"phase":"git:rev-parse","start_ns":1789219695886729000,"ns":9110416}
PERF {"pid":2396,"phase":"git:rev-parse","start_ns":1789219695895886000,"ns":7385458}
PERF {"pid":2396,"phase":"git:rev-parse","start_ns":1789219695903320000,"ns":7409458}
PERF {"pid":2396,"phase":"git:rev-parse","start_ns":1789219695910764000,"ns":7685500}
PERF {"pid":2396,"phase":"git:rev-parse","start_ns":1789219695918483000,"ns":7376334}
PERF {"pid":2396,"phase":"git:rev-parse","start_ns":1789219695925898000,"ns":8638667}
PERF {"pid":2396,"phase":"git:rev-parse","start_ns":1789219695934576000,"ns":7732167}
PERF {"pid":2396,"phase":"git:rev-parse","start_ns":1789219695942347000,"ns":8155167}
PERF {"pid":2396,"phase":"git:rev-parse","start_ns":1789219695950537000,"ns":8440500}
PERF {"pid":2396,"phase":"git:rev-parse","start_ns":1789219695959013000,"ns":7217166}
PERF {"pid":2396,"phase":"git:for-each-ref","start_ns":1789219695966297000,"ns":7786708}
PERF {"pid":2396,"phase":"pins","start_ns":1789219695878434000,"ns":95757750}
PERF {"pid":2396,"phase":"lock-held","start_ns":1789219695846592000,"ns":127616750}
PERF {"pid":2396,"phase":"lock-wait","start_ns":1789219695974265000,"ns":102500}
PERF {"pid":2396,"phase":"git:for-each-ref","start_ns":1789219695974381000,"ns":7490459}
PERF {"pid":2396,"phase":"git:cat-file","start_ns":1789219695981919000,"ns":8173375}
PERF {"pid":2396,"phase":"git:ls-tree","start_ns":1789219695990126000,"ns":8175000}
PERF {"pid":2396,"phase":"git:cat-file","start_ns":1789219695998345000,"ns":6622125}
PERF {"pid":2396,"phase":"read","start_ns":1789219695974380000,"ns":30894000}
PERF {"pid":2396,"phase":"encode-before","start_ns":1789219696005282000,"ns":90709}
PERF {"pid":2396,"phase":"encode-after","start_ns":1789219696005378000,"ns":55750}
PERF {"pid":2396,"phase":"git:cat-file","start_ns":1789219696005456000,"ns":7741125}
PERF {"pid":2396,"phase":"git:rev-parse","start_ns":1789219696013240000,"ns":6796042}
PERF {"pid":2396,"phase":"git:rev-parse","start_ns":1789219696020096000,"ns":7416041}
PERF {"pid":2396,"phase":"git:rev-parse","start_ns":1789219696027547000,"ns":7286792}
PERF {"pid":2396,"phase":"git:rev-parse","start_ns":1789219696034898000,"ns":7115000}
PERF {"pid":2396,"phase":"git:rev-parse","start_ns":1789219696042081000,"ns":7077583}
PERF {"pid":2396,"phase":"git:rev-parse","start_ns":1789219696049200000,"ns":7550333}
PERF {"pid":2396,"phase":"git:rev-parse","start_ns":1789219696056791000,"ns":7440208}
PERF {"pid":2396,"phase":"git:rev-parse","start_ns":1789219696064270000,"ns":7383292}
PERF {"pid":2396,"phase":"git:rev-parse","start_ns":1789219696071687000,"ns":7683375}
PERF {"pid":2396,"phase":"git:rev-parse","start_ns":1789219696079454000,"ns":6890917}
PERF {"pid":2396,"phase":"git:for-each-ref","start_ns":1789219696086432000,"ns":8413958}
PERF {"pid":2396,"phase":"pins","start_ns":1789219696005437000,"ns":89794459}
PERF {"pid":2396,"phase":"lock-held","start_ns":1789219695974380000,"ns":120890458}
PERF {"pid":2396,"phase":"lock-wait","start_ns":1789219696095291000,"ns":419667}
PERF {"pid":2396,"phase":"git:for-each-ref","start_ns":1789219696095799000,"ns":7945458}
PERF {"pid":2396,"phase":"git:cat-file","start_ns":1789219696103815000,"ns":7031417}
PERF {"pid":2396,"phase":"git:ls-tree","start_ns":1789219696110879000,"ns":7724542}
PERF {"pid":2396,"phase":"git:cat-file","start_ns":1789219696118670000,"ns":8146542}
PERF {"pid":2396,"phase":"read","start_ns":1789219696095798000,"ns":31395875}
PERF {"pid":2396,"phase":"encode-before","start_ns":1789219696127207000,"ns":242667}
PERF {"pid":2396,"phase":"encode-after","start_ns":1789219696127476000,"ns":161417}
PERF {"pid":2396,"phase":"git:cat-file","start_ns":1789219696127702000,"ns":8043833}
PERF {"pid":2396,"phase":"git:rev-parse","start_ns":1789219696135845000,"ns":8440292}
PERF {"pid":2396,"phase":"git:rev-parse","start_ns":1789219696144416000,"ns":7737792}
PERF {"pid":2396,"phase":"git:rev-parse","start_ns":1789219696152250000,"ns":8954125}
PERF {"pid":2396,"phase":"git:rev-parse","start_ns":1789219696161336000,"ns":7441000}
PERF {"pid":2396,"phase":"git:rev-parse","start_ns":1789219696168851000,"ns":7540083}
PERF {"pid":2396,"phase":"git:rev-parse","start_ns":1789219696176426000,"ns":8260333}
PERF {"pid":2396,"phase":"git:rev-parse","start_ns":1789219696184752000,"ns":8126291}
PERF {"pid":2396,"phase":"git:rev-parse","start_ns":1789219696192920000,"ns":7972208}
PERF {"pid":2396,"phase":"git:rev-parse","start_ns":1789219696200983000,"ns":7980417}
PERF {"pid":2396,"phase":"git:rev-parse","start_ns":1789219696209010000,"ns":8051416}
PERF {"pid":2396,"phase":"git:for-each-ref","start_ns":1789219696217135000,"ns":8462208}
PERF {"pid":2396,"phase":"pins","start_ns":1789219696127659000,"ns":98036084}
PERF {"pid":2396,"phase":"lock-held","start_ns":1789219696095798000,"ns":129906166}
PERF {"pid":2396,"phase":"lock-wait","start_ns":1789219696225718000,"ns":50291}
PERF {"pid":2396,"phase":"git:for-each-ref","start_ns":1789219696225772000,"ns":8315792}
PERF {"pid":2396,"phase":"git:cat-file","start_ns":1789219696234177000,"ns":9744375}
PERF {"pid":2396,"phase":"git:ls-tree","start_ns":1789219696243948000,"ns":7892500}
PERF {"pid":2396,"phase":"git:cat-file","start_ns":1789219696251921000,"ns":8607834}
PERF {"pid":2396,"phase":"read","start_ns":1789219696225772000,"ns":34999708}
PERF {"pid":2396,"phase":"encode-before","start_ns":1789219696260776000,"ns":134750}
PERF {"pid":2396,"phase":"encode-after","start_ns":1789219696260921000,"ns":139833}
PERF {"pid":2396,"phase":"git:cat-file","start_ns":1789219696261174000,"ns":10007583}
PERF {"pid":2396,"phase":"git:rev-parse","start_ns":1789219696271275000,"ns":6955875}
PERF {"pid":2396,"phase":"git:rev-parse","start_ns":1789219696278350000,"ns":7406167}
PERF {"pid":2396,"phase":"git:rev-parse","start_ns":1789219696285803000,"ns":7851375}
PERF {"pid":2396,"phase":"git:rev-parse","start_ns":1789219696293705000,"ns":7975375}
PERF {"pid":2396,"phase":"git:rev-parse","start_ns":1789219696301752000,"ns":7422791}
PERF {"pid":2396,"phase":"git:rev-parse","start_ns":1789219696309208000,"ns":7773500}
PERF {"pid":2396,"phase":"git:rev-parse","start_ns":1789219696317145000,"ns":7215834}
PERF {"pid":2396,"phase":"git:rev-parse","start_ns":1789219696324486000,"ns":6687417}
PERF {"pid":2396,"phase":"git:rev-parse","start_ns":1789219696331236000,"ns":8251541}
PERF {"pid":2396,"phase":"git:rev-parse","start_ns":1789219696339523000,"ns":6566792}
PERF {"pid":2396,"phase":"git:for-each-ref","start_ns":1789219696346142000,"ns":7231167}
PERF {"pid":2396,"phase":"pins","start_ns":1789219696261143000,"ns":92376584}
PERF {"pid":2396,"phase":"lock-held","start_ns":1789219696225772000,"ns":127760459}
PERF {"pid":2396,"phase":"lock-wait","start_ns":1789219696353551000,"ns":64500}
PERF {"pid":2396,"phase":"git:for-each-ref","start_ns":1789219696353620000,"ns":6731416}
PERF {"pid":2396,"phase":"git:cat-file","start_ns":1789219696360401000,"ns":6789375}
PERF {"pid":2396,"phase":"git:ls-tree","start_ns":1789219696367250000,"ns":8508625}
PERF {"pid":2396,"phase":"git:cat-file","start_ns":1789219696375825000,"ns":7818666}
PERF {"pid":2396,"phase":"read","start_ns":1789219696353619000,"ns":30342666}
PERF {"pid":2396,"phase":"encode-before","start_ns":1789219696383969000,"ns":214209}
PERF {"pid":2396,"phase":"encode-after","start_ns":1789219696384200000,"ns":74792}
PERF {"pid":2396,"phase":"git:cat-file","start_ns":1789219696384298000,"ns":7613000}
PERF {"pid":2396,"phase":"git:rev-parse","start_ns":1789219696391995000,"ns":7149500}
PERF {"pid":2396,"phase":"git:rev-parse","start_ns":1789219696399249000,"ns":7783791}
PERF {"pid":2396,"phase":"git:rev-parse","start_ns":1789219696407120000,"ns":6880583}
PERF {"pid":2396,"phase":"git:rev-parse","start_ns":1789219696414071000,"ns":7796959}
PERF {"pid":2396,"phase":"git:rev-parse","start_ns":1789219696421944000,"ns":7607541}
PERF {"pid":2396,"phase":"git:rev-parse","start_ns":1789219696429629000,"ns":7804166}
PERF {"pid":2396,"phase":"git:rev-parse","start_ns":1789219696437538000,"ns":6156959}
PERF {"pid":2396,"phase":"git:rev-parse","start_ns":1789219696443759000,"ns":7507750}
PERF {"pid":2396,"phase":"git:rev-parse","start_ns":1789219696451295000,"ns":7338625}
PERF {"pid":2396,"phase":"git:rev-parse","start_ns":1789219696458671000,"ns":7650750}
PERF {"pid":2396,"phase":"git:for-each-ref","start_ns":1789219696466410000,"ns":8681875}
PERF {"pid":2396,"phase":"pins","start_ns":1789219696384280000,"ns":90934041}
PERF {"pid":2396,"phase":"lock-held","start_ns":1789219696353619000,"ns":121609416}
PERF {"pid":2396,"phase":"lock-wait","start_ns":1789219696475245000,"ns":50792}
PERF {"pid":2396,"phase":"git:for-each-ref","start_ns":1789219696475299000,"ns":7190458}
PERF {"pid":2396,"phase":"git:cat-file","start_ns":1789219696482535000,"ns":7066333}
PERF {"pid":2396,"phase":"git:ls-tree","start_ns":1789219696489637000,"ns":7599542}
PERF {"pid":2396,"phase":"git:cat-file","start_ns":1789219696497347000,"ns":8145667}
PERF {"pid":2396,"phase":"read","start_ns":1789219696475299000,"ns":30700542}
PERF {"pid":2396,"phase":"encode-before","start_ns":1789219696506015000,"ns":430709}
PERF {"pid":2396,"phase":"encode-after","start_ns":1789219696506464000,"ns":472167}
PERF {"pid":2396,"phase":"git:cat-file","start_ns":1789219696506974000,"ns":8190542}
PERF {"pid":2396,"phase":"git:rev-parse","start_ns":1789219696515247000,"ns":8242584}
PERF {"pid":2396,"phase":"git:rev-parse","start_ns":1789219696523584000,"ns":8259083}
PERF {"pid":2396,"phase":"git:rev-parse","start_ns":1789219696531910000,"ns":8747709}
PERF {"pid":2396,"phase":"git:rev-parse","start_ns":1789219696540723000,"ns":7856583}
PERF {"pid":2396,"phase":"git:rev-parse","start_ns":1789219696548651000,"ns":7202166}
PERF {"pid":2396,"phase":"git:rev-parse","start_ns":1789219696555940000,"ns":7222917}
PERF {"pid":2396,"phase":"git:rev-parse","start_ns":1789219696563210000,"ns":7845042}
PERF {"pid":2396,"phase":"git:rev-parse","start_ns":1789219696571142000,"ns":6644083}
PERF {"pid":2396,"phase":"git:rev-parse","start_ns":1789219696577891000,"ns":7433375}
PERF {"pid":2396,"phase":"git:rev-parse","start_ns":1789219696585375000,"ns":7415958}
PERF {"pid":2396,"phase":"git:for-each-ref","start_ns":1789219696592835000,"ns":7425291}
PERF {"pid":2396,"phase":"pins","start_ns":1789219696506948000,"ns":93417708}
PERF {"pid":2396,"phase":"lock-held","start_ns":1789219696475299000,"ns":125073833}
PERF {"pid":2396,"phase":"lock-wait","start_ns":1789219696600386000,"ns":40458}
PERF {"pid":2396,"phase":"git:for-each-ref","start_ns":1789219696600429000,"ns":6707250}
PERF {"pid":2396,"phase":"git:cat-file","start_ns":1789219696607179000,"ns":7098792}
PERF {"pid":2396,"phase":"git:ls-tree","start_ns":1789219696614344000,"ns":7060583}
PERF {"pid":2396,"phase":"git:cat-file","start_ns":1789219696621445000,"ns":7836708}
PERF {"pid":2396,"phase":"read","start_ns":1789219696600429000,"ns":29154250}
PERF {"pid":2396,"phase":"encode-before","start_ns":1789219696629590000,"ns":124125}
PERF {"pid":2396,"phase":"encode-after","start_ns":1789219696629718000,"ns":64875}
PERF {"pid":2396,"phase":"git:cat-file","start_ns":1789219696629805000,"ns":7703334}
PERF {"pid":2396,"phase":"git:rev-parse","start_ns":1789219696637552000,"ns":7438416}
PERF {"pid":2396,"phase":"git:rev-parse","start_ns":1789219696645033000,"ns":7089500}
PERF {"pid":2396,"phase":"git:rev-parse","start_ns":1789219696652183000,"ns":6144666}
PERF {"pid":2396,"phase":"git:rev-parse","start_ns":1789219696658367000,"ns":8235959}
PERF {"pid":2396,"phase":"git:rev-parse","start_ns":1789219696666659000,"ns":7404541}
PERF {"pid":2396,"phase":"git:rev-parse","start_ns":1789219696674149000,"ns":6951000}
PERF {"pid":2396,"phase":"git:rev-parse","start_ns":1789219696681132000,"ns":7050875}
PERF {"pid":2396,"phase":"git:rev-parse","start_ns":1789219696688237000,"ns":7621417}
PERF {"pid":2396,"phase":"git:rev-parse","start_ns":1789219696695903000,"ns":7814042}
PERF {"pid":2396,"phase":"git:rev-parse","start_ns":1789219696703764000,"ns":7443917}
PERF {"pid":2396,"phase":"git:for-each-ref","start_ns":1789219696711247000,"ns":7208000}
PERF {"pid":2396,"phase":"pins","start_ns":1789219696629786000,"ns":88743542}
PERF {"pid":2396,"phase":"lock-held","start_ns":1789219696600429000,"ns":118112583}
PERF {"pid":2396,"phase":"lock-wait","start_ns":1789219696718561000,"ns":65000}
PERF {"pid":2396,"phase":"git:for-each-ref","start_ns":1789219696718632000,"ns":7512750}
PERF {"pid":2396,"phase":"git:cat-file","start_ns":1789219696726189000,"ns":6249709}
PERF {"pid":2396,"phase":"git:ls-tree","start_ns":1789219696732511000,"ns":7216833}
PERF {"pid":2396,"phase":"git:cat-file","start_ns":1789219696739772000,"ns":6962542}
PERF {"pid":2396,"phase":"read","start_ns":1789219696718631000,"ns":28417208}
PERF {"pid":2396,"phase":"encode-before","start_ns":1789219696747055000,"ns":270833}
PERF {"pid":2396,"phase":"encode-after","start_ns":1789219696747383000,"ns":357792}
PERF {"pid":2396,"phase":"git:cat-file","start_ns":1789219696747779000,"ns":7681250}
PERF {"pid":2396,"phase":"git:rev-parse","start_ns":1789219696755501000,"ns":6739167}
PERF {"pid":2396,"phase":"git:rev-parse","start_ns":1789219696762274000,"ns":7526167}
PERF {"pid":2396,"phase":"git:rev-parse","start_ns":1789219696769865000,"ns":7730208}
PERF {"pid":2396,"phase":"git:rev-parse","start_ns":1789219696777637000,"ns":6827667}
PERF {"pid":2396,"phase":"git:rev-parse","start_ns":1789219696784510000,"ns":7047375}
PERF {"pid":2396,"phase":"git:rev-parse","start_ns":1789219696791599000,"ns":6097416}
PERF {"pid":2396,"phase":"git:rev-parse","start_ns":1789219696797729000,"ns":7131250}
PERF {"pid":2396,"phase":"git:rev-parse","start_ns":1789219696804897000,"ns":7255417}
PERF {"pid":2396,"phase":"git:rev-parse","start_ns":1789219696812233000,"ns":7626500}
PERF {"pid":2396,"phase":"git:rev-parse","start_ns":1789219696819904000,"ns":7916750}
PERF {"pid":2396,"phase":"git:for-each-ref","start_ns":1789219696827884000,"ns":8039541}
PERF {"pid":2396,"phase":"pins","start_ns":1789219696747757000,"ns":88294959}
PERF {"pid":2396,"phase":"lock-held","start_ns":1789219696718631000,"ns":117437125}
PERF {"pid":2396,"phase":"git:for-each-ref","start_ns":1789219696836086000,"ns":6917208}
PERF {"pid":2396,"phase":"git:cat-file","start_ns":1789219696843049000,"ns":7008459}
PERF {"pid":2396,"phase":"git:ls-tree","start_ns":1789219696850104000,"ns":7117417}
PERF {"pid":2396,"phase":"git:cat-file","start_ns":1789219696857311000,"ns":7292250}
