--- stdout
as recorded — nothing polled (--no-update): running runs not settled, pull requests not checked, no worker audit
dockhand/jq-queued               queued (Testos) — all 2 verification slots are busy (2 VMs running) — `dockhand cycle` starts it
dockhand/jq-local                passed (Testos)
dockhand/jq-landed
  unverified
  promoted; PR not checked (--no-update)
dockhand/jq-open
  passed (Testos)
  promoted; PR not checked (--no-update)
dockhand/jq-running              verifying (1m30s) (Testos)
dockhand/jq-unasked              unverified — minted with --no-verify; `dockhand verify` starts a run
dockhand/jq-unreadable           error: reading the note: bad object
dockhand/jq-outage
  unverified
  promoted; PR not checked (--no-update)
erasure-test
  passed (Testos)
  promoted; PR not checked (--no-update)
--- stderr
