--- stdout
dockhand/jq-local                kept — never promoted
discarded dockhand/jq-landed (8da38abbbd45)
dockhand/jq-landed               cleaned — PR #80 merged (upstream bytes differ: amended on merge, or since superseded)
dockhand/jq-open                 kept — PR #77 open (https://x/77)
dockhand/jq-running              kept — never promoted
dockhand/jq-unreadable           kept — never promoted
dockhand/jq-outage               kept — promoted, but no PR found
dockhand/jq-unswept              error: gh api: HTTP 502 from api.github.com
--- stderr
removed dockhand/jq-landed from "herby"
