--- stdout
dockhand/jq-local                passed (Testos)
discarded dockhand/jq-landed (8da38abbbd45)
dockhand/jq-landed               PR #80 merged — branch cleaned
dockhand/jq-open
  passed (Testos)
  PR #77 open (https://x/77)
dockhand/jq-running              verifying (1m30s) (Testos)
dockhand/jq-unreadable           error: reading the note: bad object
dockhand/jq-outage
  unverified
  PR state unavailable: gh api: HTTP 502 from api.github.com
dockhand/jq-unswept
  unverified
  promoted; no PR found
dockhand-worker-stray            untracked worker — `dockhand shell dockhand-worker-stray` reaches it; `tart delete dockhand-worker-stray` frees the slot
dockhand-worker-elsewhere        worker from /other/ports — `dockhand status` there follows it
--- stderr
removed dockhand/jq-landed from "herby"
still deferred: dockhand/jq-local on Testos — all 2 verification slots are busy
