#### Description

Not verified:
  — Sequoia: blocked before this change was reached.
  — Sonoma: verification was canceled before it finished.

Branch head `0123456789ab`.

###### Type(s)

- [ ] bugfix
- [ ] enhancement
- [ ] security fix

###### Verification
Have you

- [x] followed our [Commit Message Guidelines](https://trac.macports.org/wiki/CommitMessages)?
- [x] squashed and [minimized your commits](https://guide.macports.org/#project.github)?
- [x] checked that there aren't other open [pull requests](https://github.com/macports/macports-ports/pulls) for the same change?

Automated by [dockhand](https://github.com/herbygillot/dockhand) 1.2.3
