exit: 0
--- stdout
  dockhand/jq-open
    passed (Testos)
    PR #77 open (https://x/77)
    PR #77 — open <age>, the 72-hour review window elapsed <age> ago
    follow-up draft — dockhand cannot send this; macports-dev or the PR: "PR #77 (jq) has been open <age>; the 72-hour review window elapsed <age> ago."
  dockhand/jq-local                passed (Testos)
  dockhand/jq-closed
    passed (Testos)
    PR #78 closed without merging
  dockhand/jq-landed
    unverified
    PR #80 merged — kept: --keep-merged
  dockhand/jq-merged
    passed (Testos)
    PR #79 merged — kept: --keep-merged
  dockhand/jq-nopr
    unverified
    promoted; no PR found
  dockhand/jq-outage
    unverified
    PR state unavailable: gh api: HTTP 502 from api.github.com (scripted outage)
--- stderr
