exit: 0
--- stdout
  https://github.com/macports/macports-ports/pull/999
--- stderr
  pushed dockhand/jq-1.8 to herby (herbygillot)
--- gh pr create (arguments)
  pr
  create
  --repo
  macports/macports-ports
  --head
  herbygillot:dockhand/jq-1.8
  --title
  jq: update to 1.8
  --body
--- gh pr create (body)
  #### Description
  
  Verified with [dockhand](https://github.com/herbygillot/dockhand):
    — Testos: linted clean, built in a pristine VM.
  
  Branch head `2eab82dfb158`.
  
  ###### Type(s)
  
  - [ ] bugfix
  - [ ] enhancement
  - [ ] security fix
  
  ###### Tested on
  - macOS Testos — built in a pristine VM, via dockhand
  
  ###### Verification
  Have you
  
  - [x] followed our [Commit Message Guidelines](https://trac.macports.org/wiki/CommitMessages)?
  - [x] squashed and [minimized your commits](https://guide.macports.org/#project.github)?
  - [x] checked that there aren't other open [pull requests](https://github.com/macports/macports-ports/pulls) for the same change?
  - [x] checked your Portfile with `port lint`?
  - [ ] tried existing tests with `sudo port test`?
  - [x] tried a full install with ~~`sudo port -vst install`~~ `sudo port install` in a pristine VM
  
  Automated by [dockhand](https://github.com/herbygillot/dockhand) 1.2.3
