exit: 0
--- stdout
  {
    "repository": "<repo>",
    "branches": [
      {
        "branch": "dockhand/jq-open",
        "minted": true,
        "tip": "b91f385d6cdb57486b20568c4c538ee510410264",
        "note": {
          "schema": 3,
          "sha": "b91f385d6cdb57486b20568c4c538ee510410264",
          "tree": "1a6474f06bd16d430c02a002493b07f9dd88e839",
          "subjects": [
            {
              "port": "jq",
              "names": [
                "jq"
              ]
            }
          ],
          "jobs": {
            "Testos": {
              "job": {
                "provider": "fake",
                "id": "fake-passed",
                "started": "2026-09-01T00:00:00Z"
              },
              "released": true
            }
          },
          "runs": {
            "jq@Testos": {
              "state": "passed",
              "platform": "Testos",
              "linted": true,
              "lint": "clean",
              "links": null
            }
          }
        },
        "pr": {
          "number": 77,
          "title": "jq: update to 2.5",
          "state": "open",
          "merged_at": "",
          "html_url": "https://x/77"
        }
      },
      {
        "branch": "dockhand/jq-local",
        "minted": true,
        "tip": "73afafe06dd4db21a2aef0a6d95604ed47669ac3",
        "note": {
          "schema": 3,
          "sha": "73afafe06dd4db21a2aef0a6d95604ed47669ac3",
          "tree": "826311970b7b378988247cf721b1206c9cb7f511",
          "subjects": [
            {
              "port": "jq",
              "names": [
                "jq"
              ]
            }
          ],
          "jobs": {
            "Testos": {
              "job": {
                "provider": "fake",
                "id": "fake-passed",
                "started": "2026-09-01T00:00:00Z"
              },
              "released": true
            }
          },
          "runs": {
            "jq@Testos": {
              "state": "passed",
              "platform": "Testos",
              "linted": true,
              "lint": "clean",
              "links": null
            }
          }
        }
      },
      {
        "branch": "dockhand/jq-closed",
        "minted": true,
        "tip": "d1acb61bdcd7967566ceef2d89c1522728af8e5e",
        "note": {
          "schema": 3,
          "sha": "d1acb61bdcd7967566ceef2d89c1522728af8e5e",
          "tree": "16fb803454ba252bbfc67de1f7aa5e063ec56d10",
          "subjects": [
            {
              "port": "jq",
              "names": [
                "jq"
              ]
            }
          ],
          "jobs": {
            "Testos": {
              "job": {
                "provider": "fake",
                "id": "fake-passed",
                "started": "2026-09-01T00:00:00Z"
              },
              "released": true
            }
          },
          "runs": {
            "jq@Testos": {
              "state": "passed",
              "platform": "Testos",
              "linted": true,
              "lint": "clean",
              "links": null
            }
          }
        },
        "pr": {
          "number": 78,
          "title": "jq: update to 2.0",
          "state": "closed",
          "merged_at": "",
          "html_url": "https://x/78"
        }
      },
      {
        "branch": "dockhand/jq-landed",
        "minted": true,
        "tip": "8e8a39d9c9d770206fd0fb47050bc6f80e0d277b",
        "drift": "unverified",
        "pr": {
          "number": 80,
          "title": "jq: update to 1.7",
          "state": "closed",
          "merged_at": "2026-09-01T00:00:00Z",
          "html_url": "https://x/80"
        }
      },
      {
        "branch": "dockhand/jq-merged",
        "minted": true,
        "tip": "874f096ab5f10cedd4376b8a3318aa70bf2cbb4e",
        "note": {
          "schema": 3,
          "sha": "874f096ab5f10cedd4376b8a3318aa70bf2cbb4e",
          "tree": "af9d963a95b862a68687e0dbe80aa4aea105ccd8",
          "subjects": [
            {
              "port": "jq",
              "names": [
                "jq"
              ]
            }
          ],
          "jobs": {
            "Testos": {
              "job": {
                "provider": "fake",
                "id": "fake-passed",
                "started": "2026-09-01T00:00:00Z"
              },
              "released": true
            }
          },
          "runs": {
            "jq@Testos": {
              "state": "passed",
              "platform": "Testos",
              "linted": true,
              "lint": "clean",
              "links": null
            }
          }
        },
        "pr": {
          "number": 79,
          "title": "jq: update to 2.3",
          "state": "closed",
          "merged_at": "2026-09-01T00:00:00Z",
          "html_url": "https://x/79"
        }
      },
      {
        "branch": "dockhand/jq-nopr",
        "minted": true,
        "tip": "d37cca89e08435d6910bd2a2ad7ba38dec2dde3f",
        "drift": "unverified"
      },
      {
        "branch": "dockhand/jq-outage",
        "minted": true,
        "tip": "01d790b44c8b977335eb7a17543f24011b69245d",
        "drift": "unverified",
        "pr_error": "gh api: HTTP 502 from api.github.com (scripted outage)"
      }
    ],
    "exit": {
      "code": 0,
      "family": "success",
      "reason": ""
    }
  }
--- stderr
