exit: 0
--- stdout
  dockhand/jq-open
    passed (Testos)
    PR #77 open (https://x/77)
    PR #77 — open <age>, the 72-hour review window elapsed <age> ago
    follow-up draft — dockhand cannot send this; macports-dev or the PR: "PR #77 (jq) has been open <age>; the 72-hour review window elapsed <age> ago."
  dockhand/jq-local                passed (Testos)
  dockhand/jq-closed
    passed (Testos)
    PR #78 closed without merging
  discarded dockhand/jq-landed (8e8a39d9c9d7)
  dockhand/jq-landed               PR #80 merged — branch cleaned
  discarded dockhand/jq-merged (874f096ab5f1)
  dockhand/jq-merged               PR #79 merged — branch cleaned
  dockhand/jq-nopr
    unverified
    promoted; no PR found
  dockhand/jq-outage
    unverified
    PR state unavailable: gh api: HTTP 502 from api.github.com (scripted outage)
--- stderr
  removed dockhand/jq-landed from "herby"
  removed dockhand/jq-merged from "herby"
