exit: 0
--- stdout
  {
    "repository": "<repo>",
    "branches": [
      {
        "branch": "dockhand/jq-failed",
        "tip": "eb27ddfb79c2359fca24e7db6d5ebb901d9cfb02",
        "note": {
          "schema": 3,
          "sha": "eb27ddfb79c2359fca24e7db6d5ebb901d9cfb02",
          "tree": "a078e724057312d5c72c90bd7ad444d70f64d3db",
          "subjects": [
            {
              "port": "jq",
              "names": [
                "jq"
              ]
            }
          ],
          "jobs": {
            "Testos": {
              "job": {
                "provider": "fake",
                "id": "fake-failed",
                "started": "2026-09-01T00:00:00Z"
              },
              "handle": "dockhand-worker-failed"
            }
          },
          "runs": {
            "jq@Testos": {
              "state": "failed",
              "platform": "Testos",
              "detail": "Failed to build jq: command execution failed",
              "linted": true,
              "links": null
            }
          }
        }
      },
      {
        "branch": "dockhand/jq-queued",
        "tip": "b91f385d6cdb57486b20568c4c538ee510410264",
        "note": {
          "schema": 3,
          "sha": "b91f385d6cdb57486b20568c4c538ee510410264",
          "tree": "1a6474f06bd16d430c02a002493b07f9dd88e839",
          "subjects": [
            {
              "port": "jq",
              "names": [
                "jq"
              ]
            }
          ],
          "runs": {
            "jq@Testos": {
              "state": "queued",
              "platform": "Testos",
              "detail": "all 2 verification slots are busy (2 VMs running); `dockhand status` starts it when one frees",
              "links": null
            }
          }
        }
      },
      {
        "branch": "dockhand/jq-multi",
        "tip": "5e61daa6b96bbc9fe23a914300ae5ae596c31a94",
        "note": {
          "schema": 3,
          "sha": "5e61daa6b96bbc9fe23a914300ae5ae596c31a94",
          "tree": "b8157e9cc701e928dc5fb82796a14bc38b5836d5",
          "subjects": [
            {
              "port": "jq",
              "names": [
                "jq"
              ]
            }
          ],
          "jobs": {
            "Testos": {
              "job": {
                "provider": "fake",
                "id": "fake-multi",
                "started": "2026-09-01T00:00:00Z"
              },
              "test": true,
              "released": true
            }
          },
          "runs": {
            "jq@Oldos": {
              "state": "unsupported",
              "platform": "Oldos",
              "detail": "declares known_fail on Oldos",
              "links": null
            },
            "jq@Testos": {
              "state": "passed",
              "platform": "Testos",
              "linted": true,
              "lint": "clean",
              "links": null
            }
          }
        }
      },
      {
        "branch": "dockhand/jq-passed",
        "tip": "20f452db645f645adf4efa211c1abf87c03d02df",
        "note": {
          "schema": 3,
          "sha": "20f452db645f645adf4efa211c1abf87c03d02df",
          "tree": "e1bdc5d893dd12be79307d923683cf0358c96821",
          "subjects": [
            {
              "port": "jq",
              "names": [
                "jq"
              ]
            }
          ],
          "jobs": {
            "Testos": {
              "job": {
                "provider": "fake",
                "id": "fake-passed",
                "started": "2026-09-01T00:00:00Z"
              },
              "released": true
            }
          },
          "runs": {
            "jq@Testos": {
              "state": "passed",
              "platform": "Testos",
              "linted": true,
              "lint": "2 warnings",
              "links": null
            }
          }
        }
      },
      {
        "branch": "dockhand/jq-amended",
        "tip": "9c0016b64621f245dd68a37c88f35aa6f7933242",
        "drift": "unsupported (Oldos), passed (Testos) at 5e61daa6b96b — the tip differs only in commit metadata"
      },
      {
        "branch": "dockhand/jq-behind",
        "tip": "bc66a6e8a0a46c2cb60ae5cf04058e1df7b6d292",
        "drift": "tip unverified; passed (Testos) at 73afafe06dd4, 1 commit(s) behind — `dockhand verify dockhand/jq-behind` tests the tip"
      },
      {
        "branch": "dockhand/jq-blocked",
        "tip": "874f096ab5f10cedd4376b8a3318aa70bf2cbb4e",
        "note": {
          "schema": 3,
          "sha": "874f096ab5f10cedd4376b8a3318aa70bf2cbb4e",
          "tree": "af9d963a95b862a68687e0dbe80aa4aea105ccd8",
          "subjects": [
            {
              "port": "jq",
              "names": [
                "jq"
              ]
            }
          ],
          "jobs": {
            "Testos": {
              "job": {
                "provider": "fake",
                "id": "fake-blocked",
                "started": "2026-09-01T00:00:00Z"
              },
              "released": true
            }
          },
          "runs": {
            "jq@Testos": {
              "state": "blocked",
              "platform": "Testos",
              "detail": "dependency olm (nomaintainer) fails to build; the change itself is untested",
              "linted": true,
              "links": null
            }
          }
        }
      },
      {
        "branch": "dockhand/jq-canceled",
        "tip": "d37cca89e08435d6910bd2a2ad7ba38dec2dde3f",
        "note": {
          "schema": 3,
          "sha": "d37cca89e08435d6910bd2a2ad7ba38dec2dde3f",
          "tree": "01f09fd6c4ac8d624b68faf657e8edead369ffc7",
          "subjects": [
            {
              "port": "jq",
              "names": [
                "jq"
              ]
            }
          ],
          "jobs": {
            "Testos": {
              "job": {
                "provider": "fake",
                "id": "fake-canceled",
                "started": "2026-09-01T00:00:00Z"
              },
              "released": true
            }
          },
          "runs": {
            "jq@Testos": {
              "state": "canceled",
              "platform": "Testos",
              "detail": "canceled by the user",
              "links": null
            }
          }
        }
      },
      {
        "branch": "dockhand/jq-errored",
        "tip": "01d790b44c8b977335eb7a17543f24011b69245d",
        "note": {
          "schema": 3,
          "sha": "01d790b44c8b977335eb7a17543f24011b69245d",
          "tree": "09c712864e03a586b25ca70c16a8de2d54c7a72a",
          "subjects": [
            {
              "port": "jq",
              "names": [
                "jq"
              ]
            }
          ],
          "jobs": {
            "Testos": {
              "job": {
                "provider": "fake",
                "id": "fake-errored",
                "started": "2026-09-01T00:00:00Z"
              },
              "released": true
            }
          },
          "runs": {
            "jq@Testos": {
              "state": "errored",
              "platform": "Testos",
              "detail": "guest agent unreachable after boot",
              "linted": true,
              "links": null
            }
          }
        }
      },
      {
        "branch": "dockhand/jq-running",
        "tip": "0f4794a2f0002fc66fa64ad43f5cc831beaddb59",
        "note": {
          "schema": 3,
          "sha": "0f4794a2f0002fc66fa64ad43f5cc831beaddb59",
          "tree": "ab948e010ed33a19e81d2b934c831467cd499ebf",
          "subjects": [
            {
              "port": "jq",
              "names": [
                "jq"
              ]
            }
          ],
          "jobs": {
            "Testos": {
              "job": {
                "provider": "fake",
                "id": "fake-running",
                "started": "2026-09-01T00:00:00Z"
              }
            }
          },
          "runs": {
            "jq@Testos": {
              "state": "running",
              "platform": "Testos",
              "linted": true,
              "links": null
            }
          }
        }
      },
      {
        "branch": "dockhand/jq-superseded",
        "tip": "fbc27e2e65950edf2ceb567fece09cc615856fb7",
        "note": {
          "schema": 3,
          "sha": "fbc27e2e65950edf2ceb567fece09cc615856fb7",
          "tree": "b58b53ce74bd5ba814988a5ab9ef851cc1487c57",
          "subjects": [
            {
              "port": "jq",
              "names": [
                "jq"
              ]
            }
          ],
          "jobs": {
            "Testos": {
              "job": {
                "provider": "fake",
                "id": "fake-superseded",
                "started": "2026-09-01T00:00:00Z"
              },
              "released": true
            }
          },
          "runs": {
            "jq@Testos": {
              "state": "superseded",
              "platform": "Testos",
              "detail": "canceled: the branch moved to 6bddb46c52c4",
              "links": null
            }
          }
        }
      },
      {
        "branch": "dockhand/jq-unasked",
        "tip": "a4213aa063db39296bc17483350e58a9890039bf",
        "note": {
          "schema": 3,
          "sha": "a4213aa063db39296bc17483350e58a9890039bf",
          "tree": "24593aa2632b27b2aa112cadec4cda8570efbc52",
          "subjects": [
            {
              "port": "jq",
              "names": [
                "jq"
              ]
            }
          ],
          "destination": "branch"
        }
      },
      {
        "branch": "dockhand/jq-unasked-grown",
        "tip": "b2f64aa44328e4274ce643d066fd6ac586c96afe",
        "drift": "unverified"
      },
      {
        "branch": "dockhand/jq-unnoted",
        "tip": "1ef4c205d53db8fa512c4dcdc4e43630bcf9ed1b",
        "drift": "unverified"
      },
      {
        "branch": "dockhand/jq-unsupported",
        "tip": "b2b5ebfa31af8b11eb9e89d9fdfbdbd8a6747c93",
        "note": {
          "schema": 3,
          "sha": "b2b5ebfa31af8b11eb9e89d9fdfbdbd8a6747c93",
          "tree": "7ab7d171bbed33af13bc59437b0967ef28a840a7",
          "subjects": [
            {
              "port": "jq",
              "names": [
                "jq"
              ]
            }
          ],
          "jobs": {
            "Testos": {
              "job": {
                "provider": "fake",
                "id": "fake-unsupported",
                "started": "2026-09-01T00:00:00Z"
              },
              "released": true
            }
          },
          "runs": {
            "jq@Testos": {
              "state": "unsupported",
              "platform": "Testos",
              "detail": "the port declines to build on this platform",
              "linted": true,
              "links": null
            }
          }
        }
      },
      {
        "branch": "dockhand/jq-vanished",
        "tip": "99d504441dfac5ac3c58b3275d0b6dec756e51a6",
        "note": {
          "schema": 3,
          "sha": "99d504441dfac5ac3c58b3275d0b6dec756e51a6",
          "tree": "5888213d2620f7328baec69a0592b8403160c1aa",
          "subjects": [
            {
              "port": "jq",
              "names": [
                "jq"
              ]
            }
          ],
          "jobs": {
            "Testos": {
              "job": {
                "provider": "fake",
                "id": "fake-vanished",
                "started": "2026-09-01T00:00:00Z"
              }
            }
          },
          "runs": {
            "jq@Testos": {
              "state": "errored",
              "platform": "Testos",
              "detail": "job vanished: its worker no longer exists",
              "linted": true,
              "links": null
            }
          }
        }
      }
    ],
    "exit": {
      "code": 0,
      "family": "success",
      "reason": ""
    }
  }
--- stderr
