PERF {"pid":97317,"phase":"lock-wait","start_ns":1789233985697471000,"ns":86750}
PERF {"pid":97317,"phase":"git:for-each-ref","start_ns":1789233985697630000,"ns":6498958}
PERF {"pid":97338,"phase":"git:for-each-ref","start_ns":1789233985697423000,"ns":6710416}
PERF {"pid":97338,"phase":"git:cat-file","start_ns":1789233985704224000,"ns":6609708}
PERF {"pid":97317,"phase":"git:cat-file","start_ns":1789233985704184000,"ns":6697291}
PERF {"pid":97317,"phase":"git:ls-tree","start_ns":1789233985710905000,"ns":6755375}
PERF {"pid":97338,"phase":"git:ls-tree","start_ns":1789233985710866000,"ns":6840667}
PERF {"pid":97338,"phase":"git:cat-file","start_ns":1789233985717766000,"ns":7223917}
PERF {"pid":97317,"phase":"git:cat-file","start_ns":1789233985717689000,"ns":7292458}
PERF {"pid":97317,"phase":"read","start_ns":1789233985697629000,"ns":29095417}
PERF {"pid":97317,"phase":"encode-before","start_ns":1789233985726739000,"ns":976166}
PERF {"pid":97317,"phase":"encode-after","start_ns":1789233985727726000,"ns":501917}
PERF {"pid":97338,"phase":"git:for-each-ref","start_ns":1789233985726724000,"ns":6887834}
PERF {"pid":97317,"phase":"git:cat-file","start_ns":1789233985728396000,"ns":6031167}
PERF {"pid":97338,"phase":"git:cat-file","start_ns":1789233985733661000,"ns":5696458}
PERF {"pid":97317,"phase":"git:cat-file","start_ns":1789233985734511000,"ns":5715125}
PERF {"pid":97338,"phase":"git:ls-tree","start_ns":1789233985739381000,"ns":5813333}
PERF {"pid":97317,"phase":"git:for-each-ref","start_ns":1789233985740307000,"ns":9358042}
PERF {"pid":97317,"phase":"pins","start_ns":1789233985728234000,"ns":22083166}
PERF {"pid":97338,"phase":"git:cat-file","start_ns":1789233985745247000,"ns":7819625}
PERF {"pid":97338,"phase":"git:for-each-ref","start_ns":1789233985755065000,"ns":6074750}
PERF {"pid":97317,"phase":"git:hash-object","start_ns":1789233985750337000,"ns":13441708}
PERF {"pid":97338,"phase":"git:cat-file","start_ns":1789233985762907000,"ns":6933958}
PERF {"pid":97317,"phase":"git:mktree","start_ns":1789233985763824000,"ns":6409916}
PERF {"pid":97338,"phase":"git:ls-tree","start_ns":1789233985769870000,"ns":6519291}
PERF {"pid":97317,"phase":"git:commit-tree","start_ns":1789233985770268000,"ns":10105750}
PERF {"pid":97338,"phase":"git:cat-file","start_ns":1789233985776443000,"ns":7155583}
PERF {"pid":97338,"phase":"git:for-each-ref","start_ns":1789233985785517000,"ns":5327459}
PERF {"pid":97338,"phase":"git:cat-file","start_ns":1789233985790882000,"ns":6330166}
PERF {"pid":97338,"phase":"git:ls-tree","start_ns":1789233985797239000,"ns":6991291}
PERF {"pid":97338,"phase":"git:cat-file","start_ns":1789233985804279000,"ns":7427542}
PERF {"pid":97338,"phase":"git:for-each-ref","start_ns":1789233985813244000,"ns":8250375}
PERF {"pid":97317,"phase":"git:update-ref","start_ns":1789233985780538000,"ns":44252875}
PERF {"pid":97317,"phase":"lock-held","start_ns":1789233985697629000,"ns":127197834}
PERF {"pid":97317,"phase":"lock-wait","start_ns":1789233985825146000,"ns":69709}
PERF {"pid":97338,"phase":"git:cat-file","start_ns":1789233985821550000,"ns":7679000}
PERF {"pid":97317,"phase":"git:for-each-ref","start_ns":1789233985825232000,"ns":6201958}
PERF {"pid":97338,"phase":"git:ls-tree","start_ns":1789233985829305000,"ns":7004958}
PERF {"pid":97317,"phase":"git:cat-file","start_ns":1789233985831469000,"ns":7527000}
PERF {"pid":97338,"phase":"git:cat-file","start_ns":1789233985836372000,"ns":7818584}
PERF {"pid":97317,"phase":"git:ls-tree","start_ns":1789233985839018000,"ns":6167208}
PERF {"pid":97317,"phase":"git:cat-file","start_ns":1789233985845215000,"ns":6889708}
PERF {"pid":97317,"phase":"read","start_ns":1789233985825230000,"ns":28883042}
PERF {"pid":97317,"phase":"encode-before","start_ns":1789233985854140000,"ns":920917}
PERF {"pid":97317,"phase":"encode-after","start_ns":1789233985855081000,"ns":489917}
PERF {"pid":97317,"phase":"git:cat-file","start_ns":1789233985855712000,"ns":6987917}
PERF {"pid":97317,"phase":"git:cat-file","start_ns":1789233985862807000,"ns":6469333}
PERF {"pid":97317,"phase":"git:for-each-ref","start_ns":1789233985869357000,"ns":10565083}
PERF {"pid":97317,"phase":"pins","start_ns":1789233985855580000,"ns":24531000}
PERF {"pid":97317,"phase":"git:hash-object","start_ns":1789233985880118000,"ns":13600958}
PERF {"pid":97317,"phase":"git:mktree","start_ns":1789233985893767000,"ns":7366958}
PERF {"pid":97317,"phase":"git:commit-tree","start_ns":1789233985901167000,"ns":11745250}
PERF {"pid":97317,"phase":"git:update-ref","start_ns":1789233985913113000,"ns":37535417}
PERF {"pid":97317,"phase":"lock-held","start_ns":1789233985825230000,"ns":125445833}
PERF {"pid":97317,"phase":"lock-wait","start_ns":1789233985950884000,"ns":58625}
PERF {"pid":97317,"phase":"git:for-each-ref","start_ns":1789233985950951000,"ns":6680333}
PERF {"pid":97317,"phase":"git:cat-file","start_ns":1789233985957678000,"ns":5358000}
PERF {"pid":97317,"phase":"git:ls-tree","start_ns":1789233985963065000,"ns":6414708}
PERF {"pid":97317,"phase":"git:cat-file","start_ns":1789233985969545000,"ns":7090542}
PERF {"pid":97317,"phase":"read","start_ns":1789233985950950000,"ns":27603083}
PERF {"pid":97317,"phase":"encode-before","start_ns":1789233985978584000,"ns":956208}
PERF {"pid":97317,"phase":"encode-after","start_ns":1789233985979557000,"ns":485459}
PERF {"pid":97317,"phase":"git:cat-file","start_ns":1789233985980181000,"ns":7377750}
PERF {"pid":97317,"phase":"git:cat-file","start_ns":1789233985987664000,"ns":7181875}
PERF {"pid":97317,"phase":"git:for-each-ref","start_ns":1789233985994924000,"ns":9674459}
PERF {"pid":97317,"phase":"pins","start_ns":1789233985980049000,"ns":24731292}
PERF {"pid":97317,"phase":"git:hash-object","start_ns":1789233986004786000,"ns":13480500}
PERF {"pid":97317,"phase":"git:mktree","start_ns":1789233986018309000,"ns":7208625}
PERF {"pid":97317,"phase":"git:commit-tree","start_ns":1789233986025654000,"ns":10823542}
PERF {"pid":97317,"phase":"git:update-ref","start_ns":1789233986036638000,"ns":39696167}
PERF {"pid":97317,"phase":"lock-held","start_ns":1789233985950950000,"ns":125435375}
PERF {"pid":97317,"phase":"lock-wait","start_ns":1789233986076613000,"ns":56458}
PERF {"pid":97317,"phase":"git:for-each-ref","start_ns":1789233986076677000,"ns":6336959}
PERF {"pid":97317,"phase":"git:cat-file","start_ns":1789233986083165000,"ns":6795958}
PERF {"pid":97317,"phase":"git:ls-tree","start_ns":1789233986089989000,"ns":6685459}
PERF {"pid":97317,"phase":"git:cat-file","start_ns":1789233986096716000,"ns":7050875}
PERF {"pid":97317,"phase":"read","start_ns":1789233986076676000,"ns":28521917}
PERF {"pid":97317,"phase":"encode-before","start_ns":1789233986105212000,"ns":887708}
PERF {"pid":97317,"phase":"encode-after","start_ns":1789233986106113000,"ns":482541}
PERF {"pid":97317,"phase":"git:cat-file","start_ns":1789233986106732000,"ns":7271000}
PERF {"pid":97317,"phase":"git:cat-file","start_ns":1789233986114122000,"ns":7136791}
PERF {"pid":97317,"phase":"git:for-each-ref","start_ns":1789233986121332000,"ns":9875250}
PERF {"pid":97317,"phase":"pins","start_ns":1789233986106601000,"ns":25033750}
PERF {"pid":97317,"phase":"git:hash-object","start_ns":1789233986131652000,"ns":12896042}
PERF {"pid":97317,"phase":"git:mktree","start_ns":1789233986144621000,"ns":6905667}
PERF {"pid":97317,"phase":"git:commit-tree","start_ns":1789233986151575000,"ns":11034417}
PERF {"pid":97317,"phase":"git:update-ref","start_ns":1789233986162819000,"ns":40810167}
PERF {"pid":97317,"phase":"lock-held","start_ns":1789233986076676000,"ns":127037250}
PERF {"pid":97317,"phase":"lock-wait","start_ns":1789233986203896000,"ns":58709}
PERF {"pid":97317,"phase":"git:for-each-ref","start_ns":1789233986203962000,"ns":6817375}
PERF {"pid":97317,"phase":"git:cat-file","start_ns":1789233986210837000,"ns":6795000}
PERF {"pid":97317,"phase":"git:ls-tree","start_ns":1789233986217658000,"ns":6053708}
PERF {"pid":97317,"phase":"git:cat-file","start_ns":1789233986223742000,"ns":7106375}
PERF {"pid":97317,"phase":"read","start_ns":1789233986203961000,"ns":28672583}
PERF {"pid":97317,"phase":"encode-before","start_ns":1789233986232653000,"ns":1321000}
PERF {"pid":97317,"phase":"encode-after","start_ns":1789233986233997000,"ns":503750}
PERF {"pid":97317,"phase":"git:cat-file","start_ns":1789233986234704000,"ns":6451208}
PERF {"pid":97317,"phase":"git:cat-file","start_ns":1789233986241284000,"ns":6929583}
PERF {"pid":97317,"phase":"git:for-each-ref","start_ns":1789233986248281000,"ns":10331083}
PERF {"pid":97317,"phase":"pins","start_ns":1789233986234516000,"ns":24362500}
PERF {"pid":97317,"phase":"git:hash-object","start_ns":1789233986258896000,"ns":14056708}
PERF {"pid":97317,"phase":"git:mktree","start_ns":1789233986273006000,"ns":7985500}
PERF {"pid":97317,"phase":"git:commit-tree","start_ns":1789233986281028000,"ns":11309334}
PERF {"pid":97317,"phase":"git:update-ref","start_ns":1789233986292852000,"ns":39624000}
PERF {"pid":97317,"phase":"lock-held","start_ns":1789233986203961000,"ns":128560500}
PERF {"pid":97324,"phase":"lock-wait","start_ns":1789233985697496000,"ns":650169958}
PERF {"pid":97324,"phase":"git:for-each-ref","start_ns":1789233986347832000,"ns":7577334}
PERF {"pid":97324,"phase":"git:cat-file","start_ns":1789233986355463000,"ns":9012042}
PERF {"pid":97324,"phase":"git:ls-tree","start_ns":1789233986364527000,"ns":7023208}
PERF {"pid":97324,"phase":"git:cat-file","start_ns":1789233986371586000,"ns":6791166}
PERF {"pid":97324,"phase":"read","start_ns":1789233986347830000,"ns":32218084}
PERF {"pid":97324,"phase":"encode-before","start_ns":1789233986380065000,"ns":1120166}
PERF {"pid":97324,"phase":"encode-after","start_ns":1789233986381200000,"ns":547834}
PERF {"pid":97324,"phase":"git:cat-file","start_ns":1789233986381911000,"ns":6461792}
PERF {"pid":97324,"phase":"git:cat-file","start_ns":1789233986388456000,"ns":7385875}
PERF {"pid":97324,"phase":"git:for-each-ref","start_ns":1789233986395908000,"ns":9649750}
PERF {"pid":97324,"phase":"pins","start_ns":1789233986381761000,"ns":24014125}
PERF {"pid":97324,"phase":"git:hash-object","start_ns":1789233986405782000,"ns":12681250}
PERF {"pid":97324,"phase":"git:mktree","start_ns":1789233986418527000,"ns":7398250}
PERF {"pid":97324,"phase":"git:commit-tree","start_ns":1789233986425994000,"ns":10846959}
PERF {"pid":97324,"phase":"git:update-ref","start_ns":1789233986437021000,"ns":40102334}
PERF {"pid":97324,"phase":"lock-held","start_ns":1789233986347830000,"ns":129336166}
PERF {"pid":97324,"phase":"lock-wait","start_ns":1789233986477387000,"ns":51709}
PERF {"pid":97324,"phase":"git:for-each-ref","start_ns":1789233986477444000,"ns":6076584}
PERF {"pid":97324,"phase":"git:cat-file","start_ns":1789233986483559000,"ns":6395209}
PERF {"pid":97324,"phase":"git:ls-tree","start_ns":1789233986489979000,"ns":6709250}
PERF {"pid":97324,"phase":"git:cat-file","start_ns":1789233986496729000,"ns":7377917}
PERF {"pid":97324,"phase":"read","start_ns":1789233986477442000,"ns":28437125}
PERF {"pid":97324,"phase":"encode-before","start_ns":1789233986505894000,"ns":815458}
PERF {"pid":97324,"phase":"encode-after","start_ns":1789233986506721000,"ns":578333}
PERF {"pid":97324,"phase":"git:cat-file","start_ns":1789233986507452000,"ns":6582250}
PERF {"pid":97324,"phase":"git:cat-file","start_ns":1789233986514135000,"ns":6961834}
PERF {"pid":97324,"phase":"git:for-each-ref","start_ns":1789233986521163000,"ns":9286250}
PERF {"pid":97324,"phase":"pins","start_ns":1789233986507312000,"ns":23307500}
PERF {"pid":97324,"phase":"git:hash-object","start_ns":1789233986530629000,"ns":13354167}
PERF {"pid":97324,"phase":"git:mktree","start_ns":1789233986544022000,"ns":6616875}
PERF {"pid":97324,"phase":"git:commit-tree","start_ns":1789233986550863000,"ns":11577625}
PERF {"pid":97324,"phase":"git:update-ref","start_ns":1789233986562582000,"ns":41735167}
PERF {"pid":97324,"phase":"lock-held","start_ns":1789233986477442000,"ns":126933416}
PERF {"pid":97324,"phase":"lock-wait","start_ns":1789233986604575000,"ns":58500}
PERF {"pid":97324,"phase":"git:for-each-ref","start_ns":1789233986604645000,"ns":6979541}
PERF {"pid":97324,"phase":"git:cat-file","start_ns":1789233986611676000,"ns":6172792}
PERF {"pid":97324,"phase":"git:ls-tree","start_ns":1789233986617875000,"ns":6070334}
PERF {"pid":97324,"phase":"git:cat-file","start_ns":1789233986623988000,"ns":7247583}
PERF {"pid":97324,"phase":"read","start_ns":1789233986604642000,"ns":28401500}
PERF {"pid":97324,"phase":"encode-before","start_ns":1789233986633064000,"ns":944750}
PERF {"pid":97324,"phase":"encode-after","start_ns":1789233986634028000,"ns":569208}
PERF {"pid":97324,"phase":"git:cat-file","start_ns":1789233986634857000,"ns":6614125}
PERF {"pid":97324,"phase":"git:cat-file","start_ns":1789233986641583000,"ns":7009583}
PERF {"pid":97324,"phase":"git:for-each-ref","start_ns":1789233986648668000,"ns":9558292}
PERF {"pid":97324,"phase":"pins","start_ns":1789233986634612000,"ns":23790584}
PERF {"pid":97324,"phase":"git:hash-object","start_ns":1789233986658409000,"ns":13338417}
PERF {"pid":97324,"phase":"git:mktree","start_ns":1789233986671789000,"ns":6981542}
PERF {"pid":97324,"phase":"git:commit-tree","start_ns":1789233986678906000,"ns":10877708}
PERF {"pid":97324,"phase":"git:update-ref","start_ns":1789233986689977000,"ns":38671708}
PERF {"pid":97324,"phase":"lock-held","start_ns":1789233986604642000,"ns":124065958}
PERF {"pid":97324,"phase":"lock-wait","start_ns":1789233986729189000,"ns":110000}
PERF {"pid":97324,"phase":"git:for-each-ref","start_ns":1789233986729310000,"ns":6251333}
PERF {"pid":97324,"phase":"git:cat-file","start_ns":1789233986735604000,"ns":6611792}
PERF {"pid":97324,"phase":"git:ls-tree","start_ns":1789233986742243000,"ns":7910042}
PERF {"pid":97324,"phase":"git:cat-file","start_ns":1789233986750201000,"ns":8750834}
PERF {"pid":97324,"phase":"read","start_ns":1789233986729308000,"ns":31364542}
PERF {"pid":97324,"phase":"encode-before","start_ns":1789233986760696000,"ns":1261625}
PERF {"pid":97324,"phase":"encode-after","start_ns":1789233986761982000,"ns":860583}
PERF {"pid":97324,"phase":"git:cat-file","start_ns":1789233986763158000,"ns":8844000}
PERF {"pid":97324,"phase":"git:cat-file","start_ns":1789233986772157000,"ns":8003583}
PERF {"pid":97324,"phase":"git:for-each-ref","start_ns":1789233986780263000,"ns":11053375}
PERF {"pid":97324,"phase":"pins","start_ns":1789233986762890000,"ns":28714875}
PERF {"pid":97324,"phase":"git:hash-object","start_ns":1789233986791624000,"ns":19966083}
PERF {"pid":97324,"phase":"git:mktree","start_ns":1789233986811703000,"ns":7498875}
PERF {"pid":97324,"phase":"git:commit-tree","start_ns":1789233986819311000,"ns":32761292}
PERF {"pid":97324,"phase":"git:update-ref","start_ns":1789233986852274000,"ns":48051209}
PERF {"pid":97324,"phase":"lock-held","start_ns":1789233986729308000,"ns":171053125}
PERF {"pid":97324,"phase":"lock-wait","start_ns":1789233986900575000,"ns":56708}
PERF {"pid":97324,"phase":"git:for-each-ref","start_ns":1789233986900637000,"ns":7301292}
PERF {"pid":97324,"phase":"git:cat-file","start_ns":1789233986907996000,"ns":6444458}
PERF {"pid":97324,"phase":"git:ls-tree","start_ns":1789233986914529000,"ns":7263208}
PERF {"pid":97324,"phase":"git:cat-file","start_ns":1789233986921825000,"ns":7129375}
PERF {"pid":97324,"phase":"read","start_ns":1789233986900636000,"ns":30075334}
PERF {"pid":97324,"phase":"encode-before","start_ns":1789233986930731000,"ns":883958}
PERF {"pid":97324,"phase":"encode-after","start_ns":1789233986931634000,"ns":504958}
PERF {"pid":97324,"phase":"git:cat-file","start_ns":1789233986932281000,"ns":6793917}
PERF {"pid":97324,"phase":"git:cat-file","start_ns":1789233986939264000,"ns":7193542}
PERF {"pid":97324,"phase":"git:for-each-ref","start_ns":1789233986946526000,"ns":9756291}
PERF {"pid":97324,"phase":"pins","start_ns":1789233986932149000,"ns":24315833}
PERF {"pid":97324,"phase":"git:hash-object","start_ns":1789233986956471000,"ns":13017625}
PERF {"pid":97324,"phase":"git:mktree","start_ns":1789233986969555000,"ns":7751041}
PERF {"pid":97324,"phase":"git:commit-tree","start_ns":1789233986977337000,"ns":9962125}
PERF {"pid":97324,"phase":"git:update-ref","start_ns":1789233986987462000,"ns":37501667}
PERF {"pid":97324,"phase":"lock-held","start_ns":1789233986900636000,"ns":124431292}
PERF {"pid":97331,"phase":"lock-wait","start_ns":1789233985697447000,"ns":1351173000}
PERF {"pid":97331,"phase":"git:for-each-ref","start_ns":1789233987048700000,"ns":7415334}
PERF {"pid":97331,"phase":"git:cat-file","start_ns":1789233987056171000,"ns":6531500}
PERF {"pid":97331,"phase":"git:ls-tree","start_ns":1789233987062733000,"ns":6518334}
PERF {"pid":97331,"phase":"git:cat-file","start_ns":1789233987069283000,"ns":6826125}
PERF {"pid":97331,"phase":"read","start_ns":1789233987048697000,"ns":29194667}
PERF {"pid":97331,"phase":"encode-before","start_ns":1789233987077912000,"ns":1004792}
PERF {"pid":97331,"phase":"encode-after","start_ns":1789233987078936000,"ns":475917}
PERF {"pid":97331,"phase":"git:cat-file","start_ns":1789233987079558000,"ns":7520000}
PERF {"pid":97331,"phase":"git:cat-file","start_ns":1789233987087197000,"ns":6997625}
PERF {"pid":97331,"phase":"git:for-each-ref","start_ns":1789233987094284000,"ns":10377375}
PERF {"pid":97331,"phase":"pins","start_ns":1789233987079418000,"ns":25611584}
PERF {"pid":97331,"phase":"git:hash-object","start_ns":1789233987105057000,"ns":16131916}
PERF {"pid":97331,"phase":"git:mktree","start_ns":1789233987121264000,"ns":8152125}
PERF {"pid":97331,"phase":"git:commit-tree","start_ns":1789233987129450000,"ns":14024792}
PERF {"pid":97331,"phase":"git:update-ref","start_ns":1789233987143678000,"ns":38231250}
PERF {"pid":97331,"phase":"lock-held","start_ns":1789233987048697000,"ns":133241500}
PERF {"pid":97331,"phase":"lock-wait","start_ns":1789233987182208000,"ns":60666}
PERF {"pid":97331,"phase":"git:for-each-ref","start_ns":1789233987182277000,"ns":6498958}
PERF {"pid":97331,"phase":"git:cat-file","start_ns":1789233987188829000,"ns":6832958}
PERF {"pid":97331,"phase":"git:ls-tree","start_ns":1789233987195691000,"ns":6860000}
PERF {"pid":97331,"phase":"git:cat-file","start_ns":1789233987202587000,"ns":6017541}
PERF {"pid":97331,"phase":"read","start_ns":1789233987182276000,"ns":28080208}
PERF {"pid":97331,"phase":"encode-before","start_ns":1789233987210375000,"ns":1623291}
PERF {"pid":97331,"phase":"encode-after","start_ns":1789233987212031000,"ns":547084}
PERF {"pid":97331,"phase":"git:cat-file","start_ns":1789233987212748000,"ns":6446375}
PERF {"pid":97331,"phase":"git:cat-file","start_ns":1789233987219303000,"ns":7092375}
PERF {"pid":97331,"phase":"git:for-each-ref","start_ns":1789233987226487000,"ns":9633959}
PERF {"pid":97331,"phase":"pins","start_ns":1789233987212602000,"ns":23679916}
PERF {"pid":97331,"phase":"git:hash-object","start_ns":1789233987236288000,"ns":12580666}
PERF {"pid":97331,"phase":"git:mktree","start_ns":1789233987248922000,"ns":8147666}
PERF {"pid":97331,"phase":"git:commit-tree","start_ns":1789233987257166000,"ns":11859500}
PERF {"pid":97331,"phase":"git:update-ref","start_ns":1789233987269179000,"ns":37931708}
PERF {"pid":97331,"phase":"lock-held","start_ns":1789233987182276000,"ns":124900167}
PERF {"pid":97331,"phase":"lock-wait","start_ns":1789233987307368000,"ns":61709}
PERF {"pid":97331,"phase":"git:for-each-ref","start_ns":1789233987307435000,"ns":6304250}
PERF {"pid":97331,"phase":"git:cat-file","start_ns":1789233987313794000,"ns":6029000}
PERF {"pid":97331,"phase":"git:ls-tree","start_ns":1789233987319853000,"ns":7212417}
PERF {"pid":97331,"phase":"git:cat-file","start_ns":1789233987327102000,"ns":7243584}
PERF {"pid":97331,"phase":"read","start_ns":1789233987307434000,"ns":28746292}
PERF {"pid":97331,"phase":"encode-before","start_ns":1789233987336203000,"ns":1224958}
PERF {"pid":97331,"phase":"encode-after","start_ns":1789233987337470000,"ns":658792}
PERF {"pid":97331,"phase":"git:cat-file","start_ns":1789233987338319000,"ns":6197708}
PERF {"pid":97331,"phase":"git:cat-file","start_ns":1789233987344666000,"ns":7625334}
PERF {"pid":97331,"phase":"git:for-each-ref","start_ns":1789233987352372000,"ns":9844125}
PERF {"pid":97331,"phase":"pins","start_ns":1789233987338147000,"ns":24294833}
PERF {"pid":97331,"phase":"git:hash-object","start_ns":1789233987362451000,"ns":12364750}
PERF {"pid":97331,"phase":"git:mktree","start_ns":1789233987374854000,"ns":6610417}
PERF {"pid":97331,"phase":"git:commit-tree","start_ns":1789233987381541000,"ns":11155542}
PERF {"pid":97331,"phase":"git:update-ref","start_ns":1789233987393070000,"ns":40246542}
PERF {"pid":97331,"phase":"lock-held","start_ns":1789233987307434000,"ns":125938542}
PERF {"pid":97331,"phase":"lock-wait","start_ns":1789233987433523000,"ns":50750}
PERF {"pid":97331,"phase":"git:for-each-ref","start_ns":1789233987433582000,"ns":6464375}
PERF {"pid":97331,"phase":"git:cat-file","start_ns":1789233987440091000,"ns":5710583}
PERF {"pid":97331,"phase":"git:ls-tree","start_ns":1789233987445859000,"ns":6653333}
PERF {"pid":97331,"phase":"git:cat-file","start_ns":1789233987452543000,"ns":7051542}
PERF {"pid":97331,"phase":"read","start_ns":1789233987433581000,"ns":27851125}
PERF {"pid":97331,"phase":"encode-before","start_ns":1789233987461444000,"ns":1140250}
PERF {"pid":97331,"phase":"encode-after","start_ns":1789233987462612000,"ns":635541}
PERF {"pid":97331,"phase":"git:cat-file","start_ns":1789233987463409000,"ns":6229417}
PERF {"pid":97331,"phase":"git:cat-file","start_ns":1789233987469771000,"ns":7263291}
PERF {"pid":97331,"phase":"git:for-each-ref","start_ns":1789233987477116000,"ns":8685000}
PERF {"pid":97331,"phase":"pins","start_ns":1789233987463268000,"ns":22742500}
PERF {"pid":97331,"phase":"git:hash-object","start_ns":1789233987486018000,"ns":13143791}
PERF {"pid":97331,"phase":"git:mktree","start_ns":1789233987499199000,"ns":6140375}
PERF {"pid":97331,"phase":"git:commit-tree","start_ns":1789233987505369000,"ns":10920417}
PERF {"pid":97331,"phase":"git:update-ref","start_ns":1789233987516832000,"ns":37309000}
PERF {"pid":97331,"phase":"lock-held","start_ns":1789233987433581000,"ns":120596167}
PERF {"pid":97331,"phase":"lock-wait","start_ns":1789233987554414000,"ns":54625}
PERF {"pid":97331,"phase":"git:for-each-ref","start_ns":1789233987554476000,"ns":7219792}
PERF {"pid":97331,"phase":"git:cat-file","start_ns":1789233987561749000,"ns":6292625}
PERF {"pid":97331,"phase":"git:ls-tree","start_ns":1789233987568072000,"ns":6039292}
PERF {"pid":97331,"phase":"git:cat-file","start_ns":1789233987574140000,"ns":6937500}
PERF {"pid":97331,"phase":"read","start_ns":1789233987554475000,"ns":28569125}
PERF {"pid":97331,"phase":"encode-before","start_ns":1789233987583068000,"ns":1261708}
PERF {"pid":97331,"phase":"encode-after","start_ns":1789233987584368000,"ns":607458}
PERF {"pid":97331,"phase":"git:cat-file","start_ns":1789233987585144000,"ns":6098041}
PERF {"pid":97331,"phase":"git:cat-file","start_ns":1789233987591345000,"ns":6897875}
PERF {"pid":97331,"phase":"git:for-each-ref","start_ns":1789233987598324000,"ns":9324292}
PERF {"pid":97331,"phase":"pins","start_ns":1789233987585004000,"ns":22854542}
PERF {"pid":97331,"phase":"git:hash-object","start_ns":1789233987607866000,"ns":12593667}
PERF {"pid":97331,"phase":"git:mktree","start_ns":1789233987620497000,"ns":7679709}
PERF {"pid":97331,"phase":"git:commit-tree","start_ns":1789233987628234000,"ns":10850333}
PERF {"pid":97331,"phase":"git:update-ref","start_ns":1789233987639629000,"ns":40171333}
PERF {"pid":97331,"phase":"lock-held","start_ns":1789233987554475000,"ns":125365875}
PERF {"pid":97310,"phase":"lock-wait","start_ns":1789233985697506000,"ns":2000957209}
PERF {"pid":97310,"phase":"git:for-each-ref","start_ns":1789233987698545000,"ns":7291083}
PERF {"pid":97310,"phase":"git:cat-file","start_ns":1789233987705890000,"ns":6570208}
PERF {"pid":97310,"phase":"git:ls-tree","start_ns":1789233987712511000,"ns":6007167}
PERF {"pid":97310,"phase":"git:cat-file","start_ns":1789233987718544000,"ns":7023458}
PERF {"pid":97310,"phase":"read","start_ns":1789233987698543000,"ns":28572000}
PERF {"pid":97310,"phase":"encode-before","start_ns":1789233987727127000,"ns":935792}
PERF {"pid":97310,"phase":"encode-after","start_ns":1789233987728079000,"ns":502666}
PERF {"pid":97310,"phase":"git:cat-file","start_ns":1789233987728739000,"ns":6287959}
PERF {"pid":97310,"phase":"git:cat-file","start_ns":1789233987735315000,"ns":7078959}
PERF {"pid":97310,"phase":"git:for-each-ref","start_ns":1789233987742461000,"ns":9789542}
PERF {"pid":97310,"phase":"pins","start_ns":1789233987728600000,"ns":23838459}
PERF {"pid":97310,"phase":"git:hash-object","start_ns":1789233987752454000,"ns":13027750}
PERF {"pid":97310,"phase":"git:mktree","start_ns":1789233987765530000,"ns":7451500}
PERF {"pid":97310,"phase":"git:commit-tree","start_ns":1789233987773121000,"ns":11301125}
PERF {"pid":97310,"phase":"git:update-ref","start_ns":1789233987784584000,"ns":38284959}
PERF {"pid":97310,"phase":"lock-held","start_ns":1789233987698543000,"ns":124380625}
PERF {"pid":97310,"phase":"lock-wait","start_ns":1789233987823236000,"ns":58709}
PERF {"pid":97310,"phase":"git:for-each-ref","start_ns":1789233987823303000,"ns":6460542}
PERF {"pid":97310,"phase":"git:cat-file","start_ns":1789233987829804000,"ns":6569625}
PERF {"pid":97310,"phase":"git:ls-tree","start_ns":1789233987836399000,"ns":6169250}
PERF {"pid":97310,"phase":"git:cat-file","start_ns":1789233987842609000,"ns":6693583}
PERF {"pid":97310,"phase":"read","start_ns":1789233987823302000,"ns":28194833}
PERF {"pid":97310,"phase":"encode-before","start_ns":1789233987851534000,"ns":889792}
PERF {"pid":97310,"phase":"encode-after","start_ns":1789233987852443000,"ns":490292}
PERF {"pid":97310,"phase":"git:cat-file","start_ns":1789233987853064000,"ns":5751375}
PERF {"pid":97310,"phase":"git:cat-file","start_ns":1789233987858930000,"ns":7661042}
PERF {"pid":97310,"phase":"git:for-each-ref","start_ns":1789233987866834000,"ns":12998125}
PERF {"pid":97310,"phase":"pins","start_ns":1789233987852938000,"ns":27078125}
PERF {"pid":97310,"phase":"git:hash-object","start_ns":1789233987880040000,"ns":15207875}
PERF {"pid":97310,"phase":"git:mktree","start_ns":1789233987895283000,"ns":7355041}
PERF {"pid":97310,"phase":"git:commit-tree","start_ns":1789233987902672000,"ns":11707833}
PERF {"pid":97310,"phase":"git:update-ref","start_ns":1789233987914891000,"ns":36896125}
PERF {"pid":97310,"phase":"lock-held","start_ns":1789233987823302000,"ns":128524125}
PERF {"pid":97310,"phase":"lock-wait","start_ns":1789233987952053000,"ns":51792}
PERF {"pid":97310,"phase":"git:for-each-ref","start_ns":1789233987952110000,"ns":6836292}
PERF {"pid":97310,"phase":"git:cat-file","start_ns":1789233987959023000,"ns":6448333}
PERF {"pid":97310,"phase":"git:ls-tree","start_ns":1789233987965501000,"ns":6473375}
PERF {"pid":97310,"phase":"git:cat-file","start_ns":1789233987972049000,"ns":7014458}
PERF {"pid":97310,"phase":"read","start_ns":1789233987952109000,"ns":28880667}
PERF {"pid":97310,"phase":"encode-before","start_ns":1789233987981022000,"ns":845417}
PERF {"pid":97310,"phase":"encode-after","start_ns":1789233987981884000,"ns":553250}
PERF {"pid":97310,"phase":"git:cat-file","start_ns":1789233987982587000,"ns":7305291}
PERF {"pid":97310,"phase":"git:cat-file","start_ns":1789233987990036000,"ns":7871084}
PERF {"pid":97310,"phase":"git:for-each-ref","start_ns":1789233987997979000,"ns":10864583}
PERF {"pid":97310,"phase":"pins","start_ns":1789233987982450000,"ns":26561291}
PERF {"pid":97310,"phase":"git:hash-object","start_ns":1789233988009018000,"ns":13223625}
PERF {"pid":97310,"phase":"git:mktree","start_ns":1789233988022278000,"ns":7660458}
PERF {"pid":97310,"phase":"git:commit-tree","start_ns":1789233988030057000,"ns":11096209}
PERF {"pid":97310,"phase":"git:update-ref","start_ns":1789233988041343000,"ns":40684541}
PERF {"pid":97310,"phase":"lock-held","start_ns":1789233987952109000,"ns":129967208}
PERF {"pid":97310,"phase":"lock-wait","start_ns":1789233988082263000,"ns":50625}
PERF {"pid":97310,"phase":"git:for-each-ref","start_ns":1789233988082319000,"ns":6693459}
PERF {"pid":97310,"phase":"git:cat-file","start_ns":1789233988089063000,"ns":5917167}
PERF {"pid":97310,"phase":"git:ls-tree","start_ns":1789233988095059000,"ns":6749334}
PERF {"pid":97310,"phase":"git:cat-file","start_ns":1789233988101846000,"ns":6827959}
PERF {"pid":97310,"phase":"read","start_ns":1789233988082318000,"ns":28217167}
PERF {"pid":97310,"phase":"encode-before","start_ns":1789233988110562000,"ns":914833}
PERF {"pid":97310,"phase":"encode-after","start_ns":1789233988111496000,"ns":566250}
PERF {"pid":97310,"phase":"git:cat-file","start_ns":1789233988112238000,"ns":6519584}
PERF {"pid":97310,"phase":"git:cat-file","start_ns":1789233988118858000,"ns":7205125}
PERF {"pid":97310,"phase":"git:for-each-ref","start_ns":1789233988126137000,"ns":10087292}
PERF {"pid":97310,"phase":"pins","start_ns":1789233988112077000,"ns":24643333}
PERF {"pid":97310,"phase":"git:hash-object","start_ns":1789233988136740000,"ns":13145958}
PERF {"pid":97310,"phase":"git:mktree","start_ns":1789233988149921000,"ns":6881583}
PERF {"pid":97310,"phase":"git:commit-tree","start_ns":1789233988156848000,"ns":10929542}
PERF {"pid":97310,"phase":"git:update-ref","start_ns":1789233988167937000,"ns":40816667}
PERF {"pid":97310,"phase":"lock-held","start_ns":1789233988082318000,"ns":126472000}
PERF {"pid":97310,"phase":"lock-wait","start_ns":1789233988209017000,"ns":56500}
PERF {"pid":97310,"phase":"git:for-each-ref","start_ns":1789233988209081000,"ns":6997041}
PERF {"pid":97310,"phase":"git:cat-file","start_ns":1789233988216124000,"ns":5998542}
PERF {"pid":97310,"phase":"git:ls-tree","start_ns":1789233988222216000,"ns":5885833}
PERF {"pid":97310,"phase":"git:cat-file","start_ns":1789233988228138000,"ns":7660917}
PERF {"pid":97310,"phase":"read","start_ns":1789233988209080000,"ns":28422708}
PERF {"pid":97310,"phase":"encode-before","start_ns":1789233988237517000,"ns":1329666}
PERF {"pid":97310,"phase":"encode-after","start_ns":1789233988238897000,"ns":537667}
PERF {"pid":97310,"phase":"git:cat-file","start_ns":1789233988239632000,"ns":6187459}
PERF {"pid":97310,"phase":"git:cat-file","start_ns":1789233988246011000,"ns":7285417}
PERF {"pid":97310,"phase":"git:for-each-ref","start_ns":1789233988253375000,"ns":9609792}
PERF {"pid":97310,"phase":"pins","start_ns":1789233988239459000,"ns":23836416}
PERF {"pid":97310,"phase":"git:hash-object","start_ns":1789233988263307000,"ns":12949459}
PERF {"pid":97310,"phase":"git:mktree","start_ns":1789233988276293000,"ns":6689000}
PERF {"pid":97310,"phase":"git:commit-tree","start_ns":1789233988283056000,"ns":11001833}
PERF {"pid":97310,"phase":"git:update-ref","start_ns":1789233988294197000,"ns":39027875}
PERF {"pid":97310,"phase":"lock-held","start_ns":1789233988209080000,"ns":124327083}
