PERF {"pid":97159,"phase":"lock-wait","start_ns":1789233982363156000,"ns":89125}
PERF {"pid":97159,"phase":"git:for-each-ref","start_ns":1789233982363292000,"ns":6625458}
PERF {"pid":97159,"phase":"git:cat-file","start_ns":1789233982369994000,"ns":6961333}
PERF {"pid":97159,"phase":"git:ls-tree","start_ns":1789233982376983000,"ns":7079583}
PERF {"pid":97159,"phase":"git:cat-file","start_ns":1789233982384109000,"ns":11440333}
PERF {"pid":97159,"phase":"read","start_ns":1789233982363291000,"ns":46509792}
PERF {"pid":97159,"phase":"encode-before","start_ns":1789233982409874000,"ns":7445083}
PERF {"pid":97159,"phase":"encode-after","start_ns":1789233982417364000,"ns":5693750}
PERF {"pid":97159,"phase":"git:cat-file","start_ns":1789233982425192000,"ns":8284542}
PERF {"pid":97159,"phase":"git:cat-file","start_ns":1789233982434341000,"ns":12722042}
PERF {"pid":97159,"phase":"git:for-each-ref","start_ns":1789233982447435000,"ns":41340959}
PERF {"pid":97159,"phase":"pins","start_ns":1789233982423113000,"ns":67004042}
PERF {"pid":97159,"phase":"lock-held","start_ns":1789233982363291000,"ns":126942208}
PERF {"pid":97159,"phase":"lock-wait","start_ns":1789233982581634000,"ns":86292}
PERF {"pid":97159,"phase":"git:for-each-ref","start_ns":1789233982581750000,"ns":6922208}
PERF {"pid":97159,"phase":"git:cat-file","start_ns":1789233982588742000,"ns":6400042}
PERF {"pid":97159,"phase":"git:ls-tree","start_ns":1789233982595203000,"ns":6849167}
PERF {"pid":97159,"phase":"git:cat-file","start_ns":1789233982602089000,"ns":11621458}
PERF {"pid":97159,"phase":"read","start_ns":1789233982581749000,"ns":46553917}
PERF {"pid":97159,"phase":"encode-before","start_ns":1789233982628351000,"ns":7725916}
PERF {"pid":97159,"phase":"encode-after","start_ns":1789233982636121000,"ns":6434334}
PERF {"pid":97159,"phase":"git:cat-file","start_ns":1789233982644139000,"ns":8545917}
PERF {"pid":97159,"phase":"git:cat-file","start_ns":1789233982653226000,"ns":13099416}
PERF {"pid":97159,"phase":"git:for-each-ref","start_ns":1789233982666668000,"ns":39662417}
PERF {"pid":97159,"phase":"pins","start_ns":1789233982642596000,"ns":64989250}
PERF {"pid":97159,"phase":"git:hash-object","start_ns":1789233982707606000,"ns":35349917}
PERF {"pid":97159,"phase":"git:mktree","start_ns":1789233982743007000,"ns":8776042}
PERF {"pid":97159,"phase":"git:commit-tree","start_ns":1789233982751843000,"ns":12845833}
PERF {"pid":97159,"phase":"git:update-ref","start_ns":1789233982765657000,"ns":311281625}
PERF {"pid":97159,"phase":"lock-held","start_ns":1789233982581749000,"ns":495237542}
PERF {"pid":97159,"phase":"git:for-each-ref","start_ns":1789233983174401000,"ns":6875375}
PERF {"pid":97159,"phase":"git:cat-file","start_ns":1789233983181351000,"ns":5721125}
PERF {"pid":97159,"phase":"git:ls-tree","start_ns":1789233983187095000,"ns":6448000}
PERF {"pid":97159,"phase":"git:cat-file","start_ns":1789233983193624000,"ns":11780667}
PERF {"pid":97159,"phase":"lock-wait","start_ns":1789233983219745000,"ns":130917}
PERF {"pid":97159,"phase":"git:for-each-ref","start_ns":1789233983219916000,"ns":6640875}
PERF {"pid":97159,"phase":"git:cat-file","start_ns":1789233983226612000,"ns":7003792}
PERF {"pid":97159,"phase":"git:ls-tree","start_ns":1789233983233646000,"ns":6513541}
PERF {"pid":97159,"phase":"git:cat-file","start_ns":1789233983240195000,"ns":11012209}
PERF {"pid":97159,"phase":"read","start_ns":1789233983219915000,"ns":46283959}
PERF {"pid":97159,"phase":"encode-before","start_ns":1789233983266244000,"ns":7278750}
PERF {"pid":97159,"phase":"encode-after","start_ns":1789233983273609000,"ns":5479583}
PERF {"pid":97159,"phase":"git:cat-file","start_ns":1789233983280822000,"ns":9450791}
PERF {"pid":97159,"phase":"git:cat-file","start_ns":1789233983290745000,"ns":13228792}
PERF {"pid":97159,"phase":"git:for-each-ref","start_ns":1789233983304416000,"ns":37569625}
PERF {"pid":97159,"phase":"pins","start_ns":1789233983279116000,"ns":63910458}
PERF {"pid":97159,"phase":"git:hash-object","start_ns":1789233983343037000,"ns":30613250}
PERF {"pid":97159,"phase":"git:mktree","start_ns":1789233983373692000,"ns":6971500}
PERF {"pid":97159,"phase":"git:commit-tree","start_ns":1789233983380713000,"ns":11905042}
PERF {"pid":97159,"phase":"git:update-ref","start_ns":1789233983393579000,"ns":305901417}
PERF {"pid":97159,"phase":"lock-held","start_ns":1789233983219915000,"ns":479627041}
PERF {"pid":97159,"phase":"lock-wait","start_ns":1789233983699563000,"ns":65583}
PERF {"pid":97159,"phase":"git:for-each-ref","start_ns":1789233983699635000,"ns":6406666}
PERF {"pid":97159,"phase":"git:cat-file","start_ns":1789233983706093000,"ns":7074416}
PERF {"pid":97159,"phase":"git:ls-tree","start_ns":1789233983713199000,"ns":6580875}
PERF {"pid":97159,"phase":"git:cat-file","start_ns":1789233983719811000,"ns":10879625}
PERF {"pid":97159,"phase":"read","start_ns":1789233983699633000,"ns":45221083}
PERF {"pid":97159,"phase":"encode-before","start_ns":1789233983744898000,"ns":8131291}
PERF {"pid":97159,"phase":"encode-after","start_ns":1789233983753072000,"ns":5369583}
PERF {"pid":97159,"phase":"git:cat-file","start_ns":1789233983760233000,"ns":9550375}
PERF {"pid":97159,"phase":"git:cat-file","start_ns":1789233983770330000,"ns":14652792}
PERF {"pid":97159,"phase":"git:for-each-ref","start_ns":1789233983785338000,"ns":43204583}
PERF {"pid":97159,"phase":"pins","start_ns":1789233983758515000,"ns":71622625}
PERF {"pid":97159,"phase":"git:hash-object","start_ns":1789233983830188000,"ns":30510875}
PERF {"pid":97159,"phase":"git:mktree","start_ns":1789233983860732000,"ns":7579834}
PERF {"pid":97159,"phase":"git:commit-tree","start_ns":1789233983868355000,"ns":13473584}
PERF {"pid":97159,"phase":"git:update-ref","start_ns":1789233983882858000,"ns":312443084}
PERF {"pid":97159,"phase":"lock-held","start_ns":1789233983699633000,"ns":495756292}
PERF {"pid":97159,"phase":"git:for-each-ref","start_ns":1789233984195410000,"ns":10158250}
PERF {"pid":97159,"phase":"git:cat-file","start_ns":1789233984205648000,"ns":6402833}
PERF {"pid":97159,"phase":"git:ls-tree","start_ns":1789233984212079000,"ns":7058250}
PERF {"pid":97159,"phase":"git:cat-file","start_ns":1789233984219171000,"ns":11333209}
