PERF {"pid":96992,"phase":"git:for-each-ref","start_ns":1789233972086773000,"ns":7177708}
PERF {"pid":96992,"phase":"git:cat-file","start_ns":1789233972094067000,"ns":6954375}
PERF {"pid":96992,"phase":"git:ls-tree","start_ns":1789233972101072000,"ns":6005375}
PERF {"pid":96992,"phase":"git:cat-file","start_ns":1789233972107123000,"ns":13888125}
PERF {"pid":96992,"phase":"lock-wait","start_ns":1789233972200723000,"ns":80250}
PERF {"pid":96992,"phase":"git:for-each-ref","start_ns":1789233972200835000,"ns":8207000}
PERF {"pid":96992,"phase":"git:cat-file","start_ns":1789233972209091000,"ns":8032417}
PERF {"pid":96992,"phase":"git:ls-tree","start_ns":1789233972217156000,"ns":6282750}
PERF {"pid":96992,"phase":"git:cat-file","start_ns":1789233972223475000,"ns":10314875}
PERF {"pid":96992,"phase":"read","start_ns":1789233972200834000,"ns":47935583}
PERF {"pid":96992,"phase":"encode-before","start_ns":1789233972248814000,"ns":7338000}
PERF {"pid":96992,"phase":"encode-after","start_ns":1789233972256193000,"ns":6234166}
PERF {"pid":96992,"phase":"git:cat-file","start_ns":1789233972262988000,"ns":7691208}
PERF {"pid":96992,"phase":"git:cat-file","start_ns":1789233972270746000,"ns":7337625}
PERF {"pid":96992,"phase":"git:for-each-ref","start_ns":1789233972278132000,"ns":6724292}
PERF {"pid":96992,"phase":"pins","start_ns":1789233972262470000,"ns":22459041}
PERF {"pid":96992,"phase":"lock-held","start_ns":1789233972200834000,"ns":84185041}
PERF {"pid":96992,"phase":"lock-wait","start_ns":1789233972346769000,"ns":85583}
PERF {"pid":96992,"phase":"git:for-each-ref","start_ns":1789233972346885000,"ns":7235333}
PERF {"pid":96992,"phase":"git:cat-file","start_ns":1789233972354173000,"ns":6660542}
PERF {"pid":96992,"phase":"git:ls-tree","start_ns":1789233972360861000,"ns":6549542}
PERF {"pid":96992,"phase":"git:cat-file","start_ns":1789233972367466000,"ns":10262250}
PERF {"pid":96992,"phase":"read","start_ns":1789233972346883000,"ns":46922625}
PERF {"pid":96992,"phase":"encode-before","start_ns":1789233972393845000,"ns":7530333}
PERF {"pid":96992,"phase":"encode-after","start_ns":1789233972401423000,"ns":5929667}
PERF {"pid":96992,"phase":"git:cat-file","start_ns":1789233972408527000,"ns":7915500}
PERF {"pid":96992,"phase":"git:cat-file","start_ns":1789233972416536000,"ns":6318792}
PERF {"pid":96992,"phase":"git:for-each-ref","start_ns":1789233972422896000,"ns":7031250}
PERF {"pid":96992,"phase":"pins","start_ns":1789233972407391000,"ns":22626167}
PERF {"pid":96992,"phase":"git:hash-object","start_ns":1789233972430022000,"ns":30929583}
PERF {"pid":96992,"phase":"git:mktree","start_ns":1789233972460991000,"ns":7702875}
PERF {"pid":96992,"phase":"git:commit-tree","start_ns":1789233972468738000,"ns":10932000}
PERF {"pid":96992,"phase":"git:update-ref","start_ns":1789233972479760000,"ns":12304417}
PERF {"pid":96992,"phase":"lock-held","start_ns":1789233972346883000,"ns":145273834}
PERF {"pid":96992,"phase":"git:for-each-ref","start_ns":1789233972561179000,"ns":6951709}
PERF {"pid":96992,"phase":"git:cat-file","start_ns":1789233972568234000,"ns":6028625}
PERF {"pid":96992,"phase":"git:ls-tree","start_ns":1789233972574312000,"ns":6507875}
PERF {"pid":96992,"phase":"git:cat-file","start_ns":1789233972580849000,"ns":11563542}
PERF {"pid":96992,"phase":"lock-wait","start_ns":1789233972607116000,"ns":143042}
PERF {"pid":96992,"phase":"git:for-each-ref","start_ns":1789233972607316000,"ns":7317625}
PERF {"pid":96992,"phase":"git:cat-file","start_ns":1789233972614680000,"ns":6953250}
PERF {"pid":96992,"phase":"git:ls-tree","start_ns":1789233972621662000,"ns":7256084}
PERF {"pid":96992,"phase":"git:cat-file","start_ns":1789233972628954000,"ns":10490417}
PERF {"pid":96992,"phase":"read","start_ns":1789233972607314000,"ns":46764542}
PERF {"pid":96992,"phase":"encode-before","start_ns":1789233972654120000,"ns":7621958}
PERF {"pid":96992,"phase":"encode-after","start_ns":1789233972661862000,"ns":6436667}
PERF {"pid":96992,"phase":"git:cat-file","start_ns":1789233972668847000,"ns":7553000}
PERF {"pid":96992,"phase":"git:cat-file","start_ns":1789233972676450000,"ns":7406541}
PERF {"pid":96992,"phase":"git:for-each-ref","start_ns":1789233972683918000,"ns":6539083}
PERF {"pid":96992,"phase":"pins","start_ns":1789233972668334000,"ns":22180750}
PERF {"pid":96992,"phase":"git:hash-object","start_ns":1789233972690519000,"ns":27534417}
PERF {"pid":96992,"phase":"git:mktree","start_ns":1789233972718094000,"ns":7500333}
PERF {"pid":96992,"phase":"git:commit-tree","start_ns":1789233972725635000,"ns":12598667}
PERF {"pid":96992,"phase":"git:update-ref","start_ns":1789233972738312000,"ns":10941542}
PERF {"pid":96992,"phase":"lock-held","start_ns":1789233972607314000,"ns":141981666}
PERF {"pid":96992,"phase":"lock-wait","start_ns":1789233972749320000,"ns":48167}
PERF {"pid":96992,"phase":"git:for-each-ref","start_ns":1789233972749373000,"ns":6847666}
PERF {"pid":96992,"phase":"git:cat-file","start_ns":1789233972756275000,"ns":6338584}
PERF {"pid":96992,"phase":"git:ls-tree","start_ns":1789233972762661000,"ns":6560125}
PERF {"pid":96992,"phase":"git:cat-file","start_ns":1789233972769251000,"ns":10850791}
PERF {"pid":96992,"phase":"read","start_ns":1789233972749372000,"ns":45590125}
PERF {"pid":96992,"phase":"encode-before","start_ns":1789233972794993000,"ns":7321667}
PERF {"pid":96992,"phase":"encode-after","start_ns":1789233972802354000,"ns":6184000}
PERF {"pid":96992,"phase":"git:cat-file","start_ns":1789233972809368000,"ns":6864583}
PERF {"pid":96992,"phase":"git:cat-file","start_ns":1789233972816290000,"ns":6213667}
PERF {"pid":96992,"phase":"git:for-each-ref","start_ns":1789233972822574000,"ns":6972667}
PERF {"pid":96992,"phase":"pins","start_ns":1789233972808590000,"ns":21032541}
PERF {"pid":96992,"phase":"git:hash-object","start_ns":1789233972829633000,"ns":27019000}
PERF {"pid":96992,"phase":"git:mktree","start_ns":1789233972856725000,"ns":7224292}
PERF {"pid":96992,"phase":"git:commit-tree","start_ns":1789233972863993000,"ns":11366625}
PERF {"pid":96992,"phase":"git:update-ref","start_ns":1789233972875440000,"ns":11851584}
PERF {"pid":96992,"phase":"lock-held","start_ns":1789233972749372000,"ns":137965250}
PERF {"pid":96992,"phase":"git:for-each-ref","start_ns":1789233972887439000,"ns":6578833}
PERF {"pid":96992,"phase":"git:cat-file","start_ns":1789233972894066000,"ns":6737750}
PERF {"pid":96992,"phase":"git:ls-tree","start_ns":1789233972900833000,"ns":6907500}
PERF {"pid":96992,"phase":"git:cat-file","start_ns":1789233972907780000,"ns":10411500}
PERF {"pid":96992,"phase":"git:for-each-ref","start_ns":1789233972996266000,"ns":6251458}
PERF {"pid":96992,"phase":"git:cat-file","start_ns":1789233973002608000,"ns":6477041}
PERF {"pid":96992,"phase":"git:ls-tree","start_ns":1789233973009122000,"ns":6940125}
PERF {"pid":96992,"phase":"git:cat-file","start_ns":1789233973016100000,"ns":10048750}
PERF {"pid":96992,"phase":"lock-wait","start_ns":1789233973041234000,"ns":75416}
PERF {"pid":96992,"phase":"git:for-each-ref","start_ns":1789233973041332000,"ns":6861708}
PERF {"pid":96992,"phase":"git:cat-file","start_ns":1789233973048246000,"ns":7022209}
PERF {"pid":96992,"phase":"git:ls-tree","start_ns":1789233973055299000,"ns":6053750}
PERF {"pid":96992,"phase":"git:cat-file","start_ns":1789233973061433000,"ns":10624042}
PERF {"pid":96992,"phase":"read","start_ns":1789233973041330000,"ns":45206083}
PERF {"pid":96992,"phase":"encode-before","start_ns":1789233973086583000,"ns":7656958}
PERF {"pid":96992,"phase":"encode-after","start_ns":1789233973094324000,"ns":6405042}
PERF {"pid":96992,"phase":"git:cat-file","start_ns":1789233973101241000,"ns":7827834}
PERF {"pid":96992,"phase":"git:cat-file","start_ns":1789233973109140000,"ns":7275500}
PERF {"pid":96992,"phase":"git:for-each-ref","start_ns":1789233973116469000,"ns":6965250}
PERF {"pid":96992,"phase":"pins","start_ns":1789233973100763000,"ns":22732916}
PERF {"pid":96992,"phase":"git:hash-object","start_ns":1789233973123499000,"ns":26790167}
PERF {"pid":96992,"phase":"git:mktree","start_ns":1789233973150337000,"ns":7413125}
PERF {"pid":96992,"phase":"git:commit-tree","start_ns":1789233973157799000,"ns":12467333}
PERF {"pid":96992,"phase":"git:update-ref","start_ns":1789233973170421000,"ns":11209291}
PERF {"pid":96992,"phase":"lock-held","start_ns":1789233973041330000,"ns":140356208}
PERF {"pid":96992,"phase":"lock-wait","start_ns":1789233973181718000,"ns":53209}
PERF {"pid":96992,"phase":"git:for-each-ref","start_ns":1789233973181776000,"ns":6757208}
PERF {"pid":96992,"phase":"git:cat-file","start_ns":1789233973188585000,"ns":5812583}
PERF {"pid":96992,"phase":"git:ls-tree","start_ns":1789233973194420000,"ns":6506167}
PERF {"pid":96992,"phase":"git:cat-file","start_ns":1789233973200965000,"ns":10278084}
PERF {"pid":96992,"phase":"read","start_ns":1789233973181775000,"ns":44395250}
PERF {"pid":96992,"phase":"encode-before","start_ns":1789233973226214000,"ns":8168292}
PERF {"pid":96992,"phase":"encode-after","start_ns":1789233973234442000,"ns":6106958}
PERF {"pid":96992,"phase":"git:cat-file","start_ns":1789233973241290000,"ns":7296416}
PERF {"pid":96992,"phase":"git:cat-file","start_ns":1789233973248663000,"ns":7109084}
PERF {"pid":96992,"phase":"git:for-each-ref","start_ns":1789233973255817000,"ns":6121333}
PERF {"pid":96992,"phase":"pins","start_ns":1789233973240583000,"ns":21443125}
PERF {"pid":96992,"phase":"git:hash-object","start_ns":1789233973262034000,"ns":27311750}
PERF {"pid":96992,"phase":"git:mktree","start_ns":1789233973289401000,"ns":7812416}
PERF {"pid":96992,"phase":"git:commit-tree","start_ns":1789233973297254000,"ns":12057875}
PERF {"pid":96992,"phase":"git:update-ref","start_ns":1789233973309383000,"ns":11504833}
PERF {"pid":96992,"phase":"lock-held","start_ns":1789233973181775000,"ns":139184917}
PERF {"pid":96992,"phase":"git:for-each-ref","start_ns":1789233973320998000,"ns":6960958}
PERF {"pid":96992,"phase":"git:cat-file","start_ns":1789233973328019000,"ns":6470958}
PERF {"pid":96992,"phase":"git:ls-tree","start_ns":1789233973334517000,"ns":6523875}
PERF {"pid":96992,"phase":"git:cat-file","start_ns":1789233973341219000,"ns":9918584}
PERF {"pid":96992,"phase":"lock-wait","start_ns":1789233973365949000,"ns":85250}
PERF {"pid":96992,"phase":"git:for-each-ref","start_ns":1789233973366060000,"ns":7097666}
PERF {"pid":96992,"phase":"git:cat-file","start_ns":1789233973373217000,"ns":6933333}
PERF {"pid":96992,"phase":"git:ls-tree","start_ns":1789233973380207000,"ns":7735667}
PERF {"pid":96992,"phase":"git:cat-file","start_ns":1789233973387981000,"ns":10387333}
PERF {"pid":96992,"phase":"read","start_ns":1789233973366059000,"ns":47278709}
PERF {"pid":96992,"phase":"encode-before","start_ns":1789233973413374000,"ns":7929208}
PERF {"pid":96992,"phase":"encode-after","start_ns":1789233973421345000,"ns":5897750}
PERF {"pid":96992,"phase":"git:cat-file","start_ns":1789233973427957000,"ns":6873000}
PERF {"pid":96992,"phase":"git:cat-file","start_ns":1789233973434893000,"ns":6313666}
PERF {"pid":96992,"phase":"git:for-each-ref","start_ns":1789233973441251000,"ns":6420459}
PERF {"pid":96992,"phase":"pins","start_ns":1789233973427339000,"ns":20387292}
PERF {"pid":96992,"phase":"git:hash-object","start_ns":1789233973447730000,"ns":29706333}
PERF {"pid":96992,"phase":"git:mktree","start_ns":1789233973477518000,"ns":6641292}
PERF {"pid":96992,"phase":"git:commit-tree","start_ns":1789233973484200000,"ns":11199000}
PERF {"pid":96992,"phase":"git:update-ref","start_ns":1789233973495462000,"ns":11616834}
PERF {"pid":96992,"phase":"lock-held","start_ns":1789233973366059000,"ns":141050583}
PERF {"pid":96992,"phase":"lock-wait","start_ns":1789233973507132000,"ns":60708}
PERF {"pid":96992,"phase":"git:for-each-ref","start_ns":1789233973507197000,"ns":6863292}
PERF {"pid":96992,"phase":"git:cat-file","start_ns":1789233973514110000,"ns":6446084}
PERF {"pid":96992,"phase":"git:ls-tree","start_ns":1789233973520581000,"ns":6554500}
PERF {"pid":96992,"phase":"git:cat-file","start_ns":1789233973527196000,"ns":10642375}
PERF {"pid":96992,"phase":"read","start_ns":1789233973507196000,"ns":47216833}
PERF {"pid":96992,"phase":"encode-before","start_ns":1789233973554431000,"ns":7805500}
PERF {"pid":96992,"phase":"encode-after","start_ns":1789233973562264000,"ns":6145834}
PERF {"pid":96992,"phase":"git:cat-file","start_ns":1789233973569005000,"ns":7300000}
PERF {"pid":96992,"phase":"git:cat-file","start_ns":1789233973576378000,"ns":6929125}
PERF {"pid":96992,"phase":"git:for-each-ref","start_ns":1789233973583400000,"ns":6924542}
PERF {"pid":96992,"phase":"pins","start_ns":1789233973568455000,"ns":21924875}
PERF {"pid":96992,"phase":"git:hash-object","start_ns":1789233973590383000,"ns":28904417}
PERF {"pid":96992,"phase":"git:mktree","start_ns":1789233973619354000,"ns":6631792}
PERF {"pid":96992,"phase":"git:commit-tree","start_ns":1789233973626038000,"ns":12356708}
PERF {"pid":96992,"phase":"git:update-ref","start_ns":1789233973638486000,"ns":11056708}
PERF {"pid":96992,"phase":"lock-held","start_ns":1789233973507196000,"ns":142407417}
PERF {"pid":96992,"phase":"git:for-each-ref","start_ns":1789233973649676000,"ns":6867791}
PERF {"pid":96992,"phase":"git:cat-file","start_ns":1789233973656591000,"ns":6369833}
PERF {"pid":96992,"phase":"git:ls-tree","start_ns":1789233973663000000,"ns":6920292}
PERF {"pid":96992,"phase":"git:cat-file","start_ns":1789233973670014000,"ns":9848292}
