PERF {"pid":28631,"phase":"git:for-each-ref","start_ns":1789234930723978000,"ns":9412084}
PERF {"pid":28631,"phase":"git:cat-file","start_ns":1789234930733473000,"ns":8856500}
PERF {"pid":28631,"phase":"git:ls-tree","start_ns":1789234930742359000,"ns":7984875}
PERF {"pid":28631,"phase":"git:cat-file","start_ns":1789234930750382000,"ns":15049125}
PERF {"pid":28631,"phase":"lock-wait","start_ns":1789234930846609000,"ns":124125}
PERF {"pid":28631,"phase":"git:for-each-ref","start_ns":1789234930846768000,"ns":8214500}
PERF {"pid":28631,"phase":"git:cat-file","start_ns":1789234930855040000,"ns":7855416}
PERF {"pid":28631,"phase":"git:ls-tree","start_ns":1789234930862928000,"ns":7342667}
PERF {"pid":28631,"phase":"git:cat-file","start_ns":1789234930870308000,"ns":12665666}
PERF {"pid":28631,"phase":"read","start_ns":1789234930846766000,"ns":50730625}
PERF {"pid":28631,"phase":"encode-before","start_ns":1789234930897544000,"ns":7971000}
PERF {"pid":28631,"phase":"encode-after","start_ns":1789234930905560000,"ns":6961042}
PERF {"pid":28631,"phase":"git:cat-file","start_ns":1789234930913119000,"ns":7894292}
PERF {"pid":28631,"phase":"git:cat-file","start_ns":1789234930921128000,"ns":7300084}
PERF {"pid":28631,"phase":"git:for-each-ref","start_ns":1789234930928487000,"ns":7708167}
PERF {"pid":28631,"phase":"pins","start_ns":1789234930912568000,"ns":23693125}
PERF {"pid":28631,"phase":"lock-held","start_ns":1789234930846766000,"ns":89565333}
PERF {"pid":28631,"phase":"lock-wait","start_ns":1789234931004347000,"ns":146583}
PERF {"pid":28631,"phase":"git:for-each-ref","start_ns":1789234931004524000,"ns":8334833}
PERF {"pid":28631,"phase":"git:cat-file","start_ns":1789234931012979000,"ns":7690917}
PERF {"pid":28631,"phase":"git:ls-tree","start_ns":1789234931020739000,"ns":6252166}
PERF {"pid":28631,"phase":"git:cat-file","start_ns":1789234931027070000,"ns":11724209}
PERF {"pid":28631,"phase":"read","start_ns":1789234931004523000,"ns":51075292}
PERF {"pid":28631,"phase":"encode-before","start_ns":1789234931055656000,"ns":8633750}
PERF {"pid":28631,"phase":"encode-after","start_ns":1789234931064344000,"ns":7174750}
PERF {"pid":28631,"phase":"git:cat-file","start_ns":1789234931072042000,"ns":8203250}
PERF {"pid":28631,"phase":"git:cat-file","start_ns":1789234931080295000,"ns":8435458}
PERF {"pid":28631,"phase":"git:for-each-ref","start_ns":1789234931088784000,"ns":8841750}
PERF {"pid":28631,"phase":"pins","start_ns":1789234931071563000,"ns":26165084}
PERF {"pid":28631,"phase":"git:hash-object","start_ns":1789234931097733000,"ns":35231792}
PERF {"pid":28631,"phase":"git:mktree","start_ns":1789234931135711000,"ns":10047791}
PERF {"pid":28631,"phase":"git:commit-tree","start_ns":1789234931145813000,"ns":16986625}
PERF {"pid":28631,"phase":"git:update-ref","start_ns":1789234931162866000,"ns":14889417}
PERF {"pid":28631,"phase":"lock-held","start_ns":1789234931004523000,"ns":173314083}
PERF {"pid":28631,"phase":"git:for-each-ref","start_ns":1789234931255859000,"ns":7569375}
PERF {"pid":28631,"phase":"git:cat-file","start_ns":1789234931263503000,"ns":8986792}
PERF {"pid":28631,"phase":"git:ls-tree","start_ns":1789234931272519000,"ns":7526167}
PERF {"pid":28631,"phase":"git:cat-file","start_ns":1789234931280104000,"ns":12675167}
PERF {"pid":28631,"phase":"lock-wait","start_ns":1789234931307757000,"ns":119709}
PERF {"pid":28631,"phase":"git:for-each-ref","start_ns":1789234931307908000,"ns":7352666}
PERF {"pid":28631,"phase":"git:cat-file","start_ns":1789234931315311000,"ns":6536375}
PERF {"pid":28631,"phase":"git:ls-tree","start_ns":1789234931321899000,"ns":7610416}
PERF {"pid":28631,"phase":"git:cat-file","start_ns":1789234931329555000,"ns":10368291}
PERF {"pid":28631,"phase":"read","start_ns":1789234931307907000,"ns":47073875}
PERF {"pid":28631,"phase":"encode-before","start_ns":1789234931355031000,"ns":7297459}
PERF {"pid":28631,"phase":"encode-after","start_ns":1789234931362443000,"ns":5742750}
PERF {"pid":28631,"phase":"git:cat-file","start_ns":1789234931369112000,"ns":7175375}
PERF {"pid":28631,"phase":"git:cat-file","start_ns":1789234931376402000,"ns":7310792}
PERF {"pid":28631,"phase":"git:for-each-ref","start_ns":1789234931383770000,"ns":6845125}
PERF {"pid":28631,"phase":"pins","start_ns":1789234931368238000,"ns":22452959}
PERF {"pid":28631,"phase":"git:hash-object","start_ns":1789234931390694000,"ns":28770792}
PERF {"pid":28631,"phase":"git:mktree","start_ns":1789234931419548000,"ns":7511792}
PERF {"pid":28631,"phase":"git:commit-tree","start_ns":1789234931427133000,"ns":11955916}
PERF {"pid":28631,"phase":"git:update-ref","start_ns":1789234931439165000,"ns":12721792}
PERF {"pid":28631,"phase":"lock-held","start_ns":1789234931307907000,"ns":144008875}
PERF {"pid":28631,"phase":"lock-wait","start_ns":1789234931451941000,"ns":68708}
PERF {"pid":28631,"phase":"git:for-each-ref","start_ns":1789234931452014000,"ns":9780958}
PERF {"pid":28631,"phase":"git:cat-file","start_ns":1789234931461842000,"ns":6565583}
PERF {"pid":28631,"phase":"git:ls-tree","start_ns":1789234931468434000,"ns":6676917}
PERF {"pid":28631,"phase":"git:cat-file","start_ns":1789234931475142000,"ns":10092375}
PERF {"pid":28631,"phase":"read","start_ns":1789234931452013000,"ns":48677875}
PERF {"pid":28631,"phase":"encode-before","start_ns":1789234931500726000,"ns":8121292}
PERF {"pid":28631,"phase":"encode-after","start_ns":1789234931508887000,"ns":6439750}
PERF {"pid":28631,"phase":"git:cat-file","start_ns":1789234931515873000,"ns":8406708}
PERF {"pid":28631,"phase":"git:cat-file","start_ns":1789234931524386000,"ns":7815625}
PERF {"pid":28631,"phase":"git:for-each-ref","start_ns":1789234931532254000,"ns":7421833}
PERF {"pid":28631,"phase":"pins","start_ns":1789234931515365000,"ns":24397375}
PERF {"pid":28631,"phase":"git:hash-object","start_ns":1789234931539767000,"ns":29021458}
PERF {"pid":28631,"phase":"git:mktree","start_ns":1789234931568895000,"ns":6966833}
PERF {"pid":28631,"phase":"git:commit-tree","start_ns":1789234931575905000,"ns":12342083}
PERF {"pid":28631,"phase":"git:update-ref","start_ns":1789234931588329000,"ns":11804083}
PERF {"pid":28631,"phase":"lock-held","start_ns":1789234931452013000,"ns":148155083}
PERF {"pid":28631,"phase":"git:for-each-ref","start_ns":1789234931600191000,"ns":7176583}
PERF {"pid":28631,"phase":"git:cat-file","start_ns":1789234931607414000,"ns":7124042}
PERF {"pid":28631,"phase":"git:ls-tree","start_ns":1789234931614590000,"ns":7531042}
PERF {"pid":28631,"phase":"git:cat-file","start_ns":1789234931622219000,"ns":11126292}
PERF {"pid":28631,"phase":"git:for-each-ref","start_ns":1789234931714934000,"ns":7190708}
PERF {"pid":28631,"phase":"git:cat-file","start_ns":1789234931722296000,"ns":9418208}
PERF {"pid":28631,"phase":"git:ls-tree","start_ns":1789234931731746000,"ns":7068625}
PERF {"pid":28631,"phase":"git:cat-file","start_ns":1789234931738881000,"ns":11282667}
PERF {"pid":28631,"phase":"lock-wait","start_ns":1789234931767453000,"ns":231291}
PERF {"pid":28631,"phase":"git:for-each-ref","start_ns":1789234931767734000,"ns":23887250}
PERF {"pid":28631,"phase":"git:cat-file","start_ns":1789234931791723000,"ns":36675750}
PERF {"pid":28631,"phase":"git:ls-tree","start_ns":1789234931828469000,"ns":22007458}
PERF {"pid":28631,"phase":"git:cat-file","start_ns":1789234931850515000,"ns":18297583}
PERF {"pid":28631,"phase":"read","start_ns":1789234931767732000,"ns":119899125}
PERF {"pid":28631,"phase":"encode-before","start_ns":1789234931887666000,"ns":8653875}
PERF {"pid":28631,"phase":"encode-after","start_ns":1789234931896395000,"ns":5879792}
PERF {"pid":28631,"phase":"git:cat-file","start_ns":1789234931902854000,"ns":7523000}
PERF {"pid":28631,"phase":"git:cat-file","start_ns":1789234931910486000,"ns":7367041}
PERF {"pid":28631,"phase":"git:for-each-ref","start_ns":1789234931917900000,"ns":8075000}
PERF {"pid":28631,"phase":"pins","start_ns":1789234931902314000,"ns":23743916}
PERF {"pid":28631,"phase":"git:hash-object","start_ns":1789234931926063000,"ns":29008833}
PERF {"pid":28631,"phase":"git:mktree","start_ns":1789234931955178000,"ns":7635875}
PERF {"pid":28631,"phase":"git:commit-tree","start_ns":1789234931962880000,"ns":12509833}
PERF {"pid":28631,"phase":"git:update-ref","start_ns":1789234931975435000,"ns":12909541}
PERF {"pid":28631,"phase":"lock-held","start_ns":1789234931767732000,"ns":220653875}
PERF {"pid":28631,"phase":"lock-wait","start_ns":1789234931988416000,"ns":91792}
PERF {"pid":28631,"phase":"git:for-each-ref","start_ns":1789234931988516000,"ns":6910125}
PERF {"pid":28631,"phase":"git:cat-file","start_ns":1789234931995489000,"ns":7184041}
PERF {"pid":28631,"phase":"git:ls-tree","start_ns":1789234932002719000,"ns":6329458}
PERF {"pid":28631,"phase":"git:cat-file","start_ns":1789234932009084000,"ns":11081375}
PERF {"pid":28631,"phase":"read","start_ns":1789234931988515000,"ns":45749958}
PERF {"pid":28631,"phase":"encode-before","start_ns":1789234932034292000,"ns":7361667}
PERF {"pid":28631,"phase":"encode-after","start_ns":1789234932041705000,"ns":7603750}
PERF {"pid":28631,"phase":"git:cat-file","start_ns":1789234932049844000,"ns":7838458}
PERF {"pid":28631,"phase":"git:cat-file","start_ns":1789234932057757000,"ns":8120625}
PERF {"pid":28631,"phase":"git:for-each-ref","start_ns":1789234932065922000,"ns":6851917}
PERF {"pid":28631,"phase":"pins","start_ns":1789234932049343000,"ns":23485291}
PERF {"pid":28631,"phase":"git:hash-object","start_ns":1789234932072832000,"ns":26750084}
PERF {"pid":28631,"phase":"git:mktree","start_ns":1789234932099620000,"ns":7779208}
PERF {"pid":28631,"phase":"git:commit-tree","start_ns":1789234932107436000,"ns":11707666}
PERF {"pid":28631,"phase":"git:update-ref","start_ns":1789234932119260000,"ns":12063334}
PERF {"pid":28631,"phase":"lock-held","start_ns":1789234931988515000,"ns":142874625}
PERF {"pid":28631,"phase":"git:for-each-ref","start_ns":1789234932131431000,"ns":7029833}
PERF {"pid":28631,"phase":"git:cat-file","start_ns":1789234932138501000,"ns":7103459}
PERF {"pid":28631,"phase":"git:ls-tree","start_ns":1789234932145655000,"ns":6380167}
PERF {"pid":28631,"phase":"git:cat-file","start_ns":1789234932152071000,"ns":11229625}
PERF {"pid":28631,"phase":"lock-wait","start_ns":1789234932179809000,"ns":264166}
PERF {"pid":28631,"phase":"git:for-each-ref","start_ns":1789234932180105000,"ns":8401041}
PERF {"pid":28631,"phase":"git:cat-file","start_ns":1789234932188570000,"ns":8313166}
PERF {"pid":28631,"phase":"git:ls-tree","start_ns":1789234932196922000,"ns":8058750}
PERF {"pid":28631,"phase":"git:cat-file","start_ns":1789234932205056000,"ns":10662750}
PERF {"pid":28631,"phase":"read","start_ns":1789234932180104000,"ns":53061209}
PERF {"pid":28631,"phase":"encode-before","start_ns":1789234932233203000,"ns":10343875}
PERF {"pid":28631,"phase":"encode-after","start_ns":1789234932243599000,"ns":7854708}
PERF {"pid":28631,"phase":"git:cat-file","start_ns":1789234932251978000,"ns":12206083}
PERF {"pid":28631,"phase":"git:cat-file","start_ns":1789234932264285000,"ns":11141500}
PERF {"pid":28631,"phase":"git:for-each-ref","start_ns":1789234932275485000,"ns":7298459}
PERF {"pid":28631,"phase":"pins","start_ns":1789234932251479000,"ns":31363375}
PERF {"pid":28631,"phase":"git:hash-object","start_ns":1789234932282847000,"ns":32767416}
PERF {"pid":28631,"phase":"git:mktree","start_ns":1789234932315725000,"ns":7819917}
PERF {"pid":28631,"phase":"git:commit-tree","start_ns":1789234932323596000,"ns":13379916}
PERF {"pid":28631,"phase":"git:update-ref","start_ns":1789234932337043000,"ns":13355875}
PERF {"pid":28631,"phase":"lock-held","start_ns":1789234932180104000,"ns":170333541}
PERF {"pid":28631,"phase":"lock-wait","start_ns":1789234932350460000,"ns":87333}
PERF {"pid":28631,"phase":"git:for-each-ref","start_ns":1789234932350553000,"ns":9462334}
PERF {"pid":28631,"phase":"git:cat-file","start_ns":1789234932360073000,"ns":6640458}
PERF {"pid":28631,"phase":"git:ls-tree","start_ns":1789234932366750000,"ns":6904584}
PERF {"pid":28631,"phase":"git:cat-file","start_ns":1789234932373692000,"ns":10615000}
PERF {"pid":28631,"phase":"read","start_ns":1789234932350552000,"ns":47579958}
PERF {"pid":28631,"phase":"encode-before","start_ns":1789234932398168000,"ns":6586209}
PERF {"pid":28631,"phase":"encode-after","start_ns":1789234932404802000,"ns":5686125}
PERF {"pid":28631,"phase":"git:cat-file","start_ns":1789234932410999000,"ns":7639666}
PERF {"pid":28631,"phase":"git:cat-file","start_ns":1789234932418693000,"ns":6408333}
PERF {"pid":28631,"phase":"git:for-each-ref","start_ns":1789234932425154000,"ns":6617875}
PERF {"pid":28631,"phase":"pins","start_ns":1789234932410537000,"ns":21388209}
PERF {"pid":28631,"phase":"git:hash-object","start_ns":1789234932431974000,"ns":27958417}
PERF {"pid":28631,"phase":"git:mktree","start_ns":1789234932459974000,"ns":8549792}
PERF {"pid":28631,"phase":"git:commit-tree","start_ns":1789234932468577000,"ns":11613667}
PERF {"pid":28631,"phase":"git:update-ref","start_ns":1789234932480250000,"ns":12193083}
PERF {"pid":28631,"phase":"lock-held","start_ns":1789234932350552000,"ns":141925125}
PERF {"pid":28631,"phase":"git:for-each-ref","start_ns":1789234932492501000,"ns":7830583}
PERF {"pid":28631,"phase":"git:cat-file","start_ns":1789234932500408000,"ns":7418875}
PERF {"pid":28631,"phase":"git:ls-tree","start_ns":1789234932507867000,"ns":7201417}
PERF {"pid":28631,"phase":"git:cat-file","start_ns":1789234932515114000,"ns":10590125}
