PERF {"pid":28964,"phase":"lock-wait","start_ns":1789234944830670000,"ns":99792}
PERF {"pid":28978,"phase":"git:for-each-ref","start_ns":1789234944830587000,"ns":6951958}
PERF {"pid":28964,"phase":"git:for-each-ref","start_ns":1789234944830822000,"ns":6739791}
PERF {"pid":28978,"phase":"git:cat-file","start_ns":1789234944837594000,"ns":6796292}
PERF {"pid":28964,"phase":"git:cat-file","start_ns":1789234944837615000,"ns":6829834}
PERF {"pid":28978,"phase":"git:ls-tree","start_ns":1789234944844464000,"ns":6717750}
PERF {"pid":28964,"phase":"git:ls-tree","start_ns":1789234944844499000,"ns":6682584}
PERF {"pid":28964,"phase":"git:cat-file","start_ns":1789234944851234000,"ns":7219875}
PERF {"pid":28978,"phase":"git:cat-file","start_ns":1789234944851217000,"ns":7282417}
PERF {"pid":28964,"phase":"read","start_ns":1789234944830822000,"ns":29371917}
PERF {"pid":28964,"phase":"encode-before","start_ns":1789234944860209000,"ns":985000}
PERF {"pid":28964,"phase":"encode-after","start_ns":1789234944861212000,"ns":503583}
PERF {"pid":28978,"phase":"git:for-each-ref","start_ns":1789234944860341000,"ns":7264334}
PERF {"pid":28964,"phase":"git:cat-file","start_ns":1789234944861861000,"ns":7578583}
PERF {"pid":28978,"phase":"git:cat-file","start_ns":1789234944867670000,"ns":7268166}
PERF {"pid":28964,"phase":"git:cat-file","start_ns":1789234944869564000,"ns":7492333}
PERF {"pid":28978,"phase":"git:ls-tree","start_ns":1789234944875018000,"ns":5724208}
PERF {"pid":28964,"phase":"git:for-each-ref","start_ns":1789234944877134000,"ns":9387833}
PERF {"pid":28964,"phase":"pins","start_ns":1789234944861722000,"ns":25395166}
PERF {"pid":28978,"phase":"git:cat-file","start_ns":1789234944880778000,"ns":7570833}
PERF {"pid":28978,"phase":"git:for-each-ref","start_ns":1789234944890517000,"ns":5445625}
PERF {"pid":28964,"phase":"git:hash-object","start_ns":1789234944887133000,"ns":14687041}
PERF {"pid":28978,"phase":"git:cat-file","start_ns":1789234944896408000,"ns":6873416}
PERF {"pid":28964,"phase":"git:mktree","start_ns":1789234944901883000,"ns":7084625}
PERF {"pid":28978,"phase":"git:ls-tree","start_ns":1789234944903311000,"ns":6046542}
PERF {"pid":28978,"phase":"git:cat-file","start_ns":1789234944909381000,"ns":6918084}
PERF {"pid":28964,"phase":"git:commit-tree","start_ns":1789234944909010000,"ns":11217167}
PERF {"pid":28978,"phase":"git:for-each-ref","start_ns":1789234944920938000,"ns":6843000}
PERF {"pid":28978,"phase":"git:cat-file","start_ns":1789234944927824000,"ns":7374209}
PERF {"pid":28978,"phase":"git:ls-tree","start_ns":1789234944935229000,"ns":6367167}
PERF {"pid":28978,"phase":"git:cat-file","start_ns":1789234944941629000,"ns":7199292}
PERF {"pid":28978,"phase":"git:for-each-ref","start_ns":1789234944950598000,"ns":6965708}
PERF {"pid":28964,"phase":"git:update-ref","start_ns":1789234944920407000,"ns":40399917}
PERF {"pid":28964,"phase":"lock-held","start_ns":1789234944830822000,"ns":130018625}
PERF {"pid":28978,"phase":"git:cat-file","start_ns":1789234944957620000,"ns":5931291}
PERF {"pid":28978,"phase":"git:ls-tree","start_ns":1789234944963571000,"ns":6481166}
PERF {"pid":28978,"phase":"git:cat-file","start_ns":1789234944970123000,"ns":6878041}
PERF {"pid":28957,"phase":"lock-wait","start_ns":1789234944830695000,"ns":150853959}
PERF {"pid":28957,"phase":"git:for-each-ref","start_ns":1789234944981652000,"ns":6486459}
PERF {"pid":28957,"phase":"git:cat-file","start_ns":1789234944988203000,"ns":6309167}
PERF {"pid":28957,"phase":"git:ls-tree","start_ns":1789234944994546000,"ns":7361584}
PERF {"pid":28957,"phase":"git:cat-file","start_ns":1789234945001948000,"ns":7263584}
PERF {"pid":28957,"phase":"read","start_ns":1789234944981648000,"ns":29291291}
PERF {"pid":28957,"phase":"encode-before","start_ns":1789234945010960000,"ns":1087959}
PERF {"pid":28957,"phase":"encode-after","start_ns":1789234945012070000,"ns":498875}
PERF {"pid":28957,"phase":"git:cat-file","start_ns":1789234945012726000,"ns":7407459}
PERF {"pid":28957,"phase":"git:cat-file","start_ns":1789234945020266000,"ns":7187708}
PERF {"pid":28957,"phase":"git:for-each-ref","start_ns":1789234945027740000,"ns":9487208}
PERF {"pid":28957,"phase":"pins","start_ns":1789234945012576000,"ns":24800583}
PERF {"pid":28957,"phase":"git:hash-object","start_ns":1789234945037383000,"ns":13017625}
PERF {"pid":28957,"phase":"git:mktree","start_ns":1789234945050449000,"ns":7871584}
PERF {"pid":28957,"phase":"git:commit-tree","start_ns":1789234945058368000,"ns":10949083}
PERF {"pid":28957,"phase":"git:update-ref","start_ns":1789234945069525000,"ns":39946500}
PERF {"pid":28957,"phase":"lock-held","start_ns":1789234944981648000,"ns":127878542}
PERF {"pid":28964,"phase":"lock-wait","start_ns":1789234944961156000,"ns":152154500}
PERF {"pid":28964,"phase":"git:for-each-ref","start_ns":1789234945113363000,"ns":7079083}
PERF {"pid":28964,"phase":"git:cat-file","start_ns":1789234945120501000,"ns":6452000}
PERF {"pid":28964,"phase":"git:ls-tree","start_ns":1789234945126976000,"ns":6784417}
PERF {"pid":28964,"phase":"git:cat-file","start_ns":1789234945133803000,"ns":7445958}
PERF {"pid":28964,"phase":"read","start_ns":1789234945113361000,"ns":29759708}
PERF {"pid":28964,"phase":"encode-before","start_ns":1789234945143143000,"ns":925417}
PERF {"pid":28964,"phase":"encode-after","start_ns":1789234945144093000,"ns":523791}
PERF {"pid":28964,"phase":"git:cat-file","start_ns":1789234945144763000,"ns":7196458}
PERF {"pid":28964,"phase":"git:cat-file","start_ns":1789234945152080000,"ns":7182250}
PERF {"pid":28964,"phase":"git:for-each-ref","start_ns":1789234945159341000,"ns":9547875}
PERF {"pid":28964,"phase":"pins","start_ns":1789234945144624000,"ns":24464875}
PERF {"pid":28964,"phase":"git:hash-object","start_ns":1789234945169096000,"ns":13632500}
PERF {"pid":28964,"phase":"git:mktree","start_ns":1789234945182801000,"ns":6499750}
PERF {"pid":28964,"phase":"git:commit-tree","start_ns":1789234945189340000,"ns":11140250}
PERF {"pid":28964,"phase":"git:update-ref","start_ns":1789234945200941000,"ns":38072375}
PERF {"pid":28964,"phase":"lock-held","start_ns":1789234945113361000,"ns":125707792}
PERF {"pid":28971,"phase":"lock-wait","start_ns":1789234944830715000,"ns":425703209}
PERF {"pid":28971,"phase":"git:for-each-ref","start_ns":1789234945256527000,"ns":6405917}
PERF {"pid":28971,"phase":"git:cat-file","start_ns":1789234945262998000,"ns":7165750}
PERF {"pid":28971,"phase":"git:ls-tree","start_ns":1789234945270199000,"ns":6627166}
PERF {"pid":28971,"phase":"git:cat-file","start_ns":1789234945276867000,"ns":6635584}
PERF {"pid":28971,"phase":"read","start_ns":1789234945256523000,"ns":28693166}
PERF {"pid":28971,"phase":"encode-before","start_ns":1789234945285241000,"ns":1127375}
PERF {"pid":28971,"phase":"encode-after","start_ns":1789234945286387000,"ns":527250}
PERF {"pid":28971,"phase":"git:cat-file","start_ns":1789234945287076000,"ns":6960125}
PERF {"pid":28971,"phase":"git:cat-file","start_ns":1789234945294132000,"ns":6697917}
PERF {"pid":28971,"phase":"git:for-each-ref","start_ns":1789234945301089000,"ns":10592250}
PERF {"pid":28971,"phase":"pins","start_ns":1789234945286921000,"ns":24953917}
PERF {"pid":28971,"phase":"git:hash-object","start_ns":1789234945311881000,"ns":13273291}
PERF {"pid":28971,"phase":"git:mktree","start_ns":1789234945325193000,"ns":6395041}
PERF {"pid":28971,"phase":"git:commit-tree","start_ns":1789234945331776000,"ns":11218500}
PERF {"pid":28971,"phase":"git:update-ref","start_ns":1789234945343151000,"ns":40569375}
PERF {"pid":28971,"phase":"lock-held","start_ns":1789234945256523000,"ns":127254042}
PERF {"pid":28950,"phase":"lock-wait","start_ns":1789234944830686000,"ns":576929416}
PERF {"pid":28950,"phase":"git:for-each-ref","start_ns":1789234945407692000,"ns":6301666}
PERF {"pid":28950,"phase":"git:cat-file","start_ns":1789234945414040000,"ns":6732541}
PERF {"pid":28950,"phase":"git:ls-tree","start_ns":1789234945420902000,"ns":6658083}
PERF {"pid":28950,"phase":"git:cat-file","start_ns":1789234945427594000,"ns":6891917}
PERF {"pid":28950,"phase":"read","start_ns":1789234945407686000,"ns":28698875}
PERF {"pid":28950,"phase":"encode-before","start_ns":1789234945436405000,"ns":1130875}
PERF {"pid":28950,"phase":"encode-after","start_ns":1789234945437549000,"ns":584375}
PERF {"pid":28950,"phase":"git:cat-file","start_ns":1789234945438295000,"ns":6499334}
PERF {"pid":28950,"phase":"git:cat-file","start_ns":1789234945444902000,"ns":7268166}
PERF {"pid":28950,"phase":"git:for-each-ref","start_ns":1789234945452258000,"ns":10292250}
PERF {"pid":28950,"phase":"pins","start_ns":1789234945438151000,"ns":24556667}
PERF {"pid":28950,"phase":"git:hash-object","start_ns":1789234945462720000,"ns":13642125}
PERF {"pid":28950,"phase":"git:mktree","start_ns":1789234945476404000,"ns":7920667}
PERF {"pid":28950,"phase":"git:commit-tree","start_ns":1789234945484355000,"ns":12743166}
PERF {"pid":28950,"phase":"git:update-ref","start_ns":1789234945497534000,"ns":41529250}
PERF {"pid":28950,"phase":"lock-held","start_ns":1789234945407686000,"ns":131449958}
PERF {"pid":28971,"phase":"lock-wait","start_ns":1789234945384000000,"ns":176479000}
PERF {"pid":28971,"phase":"git:for-each-ref","start_ns":1789234945560530000,"ns":7144291}
PERF {"pid":28971,"phase":"git:cat-file","start_ns":1789234945567728000,"ns":7147250}
PERF {"pid":28971,"phase":"git:ls-tree","start_ns":1789234945574912000,"ns":5972583}
PERF {"pid":28971,"phase":"git:cat-file","start_ns":1789234945580911000,"ns":7680291}
PERF {"pid":28971,"phase":"read","start_ns":1789234945560527000,"ns":30087542}
PERF {"pid":28971,"phase":"encode-before","start_ns":1789234945590635000,"ns":938750}
PERF {"pid":28971,"phase":"encode-after","start_ns":1789234945591599000,"ns":509333}
PERF {"pid":28971,"phase":"git:cat-file","start_ns":1789234945592256000,"ns":7103584}
PERF {"pid":28971,"phase":"git:cat-file","start_ns":1789234945599486000,"ns":7306875}
PERF {"pid":28971,"phase":"git:for-each-ref","start_ns":1789234945606901000,"ns":9941792}
PERF {"pid":28971,"phase":"pins","start_ns":1789234945592118000,"ns":25078541}
PERF {"pid":28971,"phase":"git:hash-object","start_ns":1789234945617215000,"ns":15694541}
PERF {"pid":28971,"phase":"git:mktree","start_ns":1789234945632974000,"ns":7251333}
PERF {"pid":28971,"phase":"git:commit-tree","start_ns":1789234945640362000,"ns":11065875}
PERF {"pid":28971,"phase":"git:update-ref","start_ns":1789234945651599000,"ns":39389000}
PERF {"pid":28971,"phase":"lock-held","start_ns":1789234945560527000,"ns":130501000}
PERF {"pid":28957,"phase":"lock-wait","start_ns":1789234945109793000,"ns":601394208}
PERF {"pid":28957,"phase":"git:for-each-ref","start_ns":1789234945711246000,"ns":7329500}
PERF {"pid":28957,"phase":"git:cat-file","start_ns":1789234945718630000,"ns":6634250}
PERF {"pid":28957,"phase":"git:ls-tree","start_ns":1789234945725331000,"ns":5737584}
PERF {"pid":28957,"phase":"git:cat-file","start_ns":1789234945731102000,"ns":7083500}
PERF {"pid":28957,"phase":"read","start_ns":1789234945711241000,"ns":29140791}
PERF {"pid":28957,"phase":"encode-before","start_ns":1789234945740418000,"ns":1019375}
PERF {"pid":28957,"phase":"encode-after","start_ns":1789234945741462000,"ns":544500}
PERF {"pid":28957,"phase":"git:cat-file","start_ns":1789234945742171000,"ns":7402041}
PERF {"pid":28957,"phase":"git:cat-file","start_ns":1789234945749746000,"ns":7031250}
PERF {"pid":28957,"phase":"git:for-each-ref","start_ns":1789234945756920000,"ns":10853875}
PERF {"pid":28957,"phase":"pins","start_ns":1789234945742025000,"ns":25975000}
PERF {"pid":28957,"phase":"git:hash-object","start_ns":1789234945768016000,"ns":14346667}
PERF {"pid":28957,"phase":"git:mktree","start_ns":1789234945782497000,"ns":7640791}
PERF {"pid":28957,"phase":"git:commit-tree","start_ns":1789234945790177000,"ns":11463541}
PERF {"pid":28957,"phase":"git:update-ref","start_ns":1789234945801829000,"ns":41452125}
PERF {"pid":28957,"phase":"lock-held","start_ns":1789234945711241000,"ns":132086833}
PERF {"pid":28964,"phase":"lock-wait","start_ns":1789234945239394000,"ns":626572959}
PERF {"pid":28964,"phase":"git:for-each-ref","start_ns":1789234945866003000,"ns":6664250}
PERF {"pid":28964,"phase":"git:cat-file","start_ns":1789234945872801000,"ns":6498959}
PERF {"pid":28964,"phase":"git:ls-tree","start_ns":1789234945879349000,"ns":7070458}
PERF {"pid":28964,"phase":"git:cat-file","start_ns":1789234945886463000,"ns":7117292}
PERF {"pid":28964,"phase":"read","start_ns":1789234945866001000,"ns":29466250}
PERF {"pid":28964,"phase":"encode-before","start_ns":1789234945895487000,"ns":961583}
PERF {"pid":28964,"phase":"encode-after","start_ns":1789234945896462000,"ns":497959}
PERF {"pid":28964,"phase":"git:cat-file","start_ns":1789234945897169000,"ns":6852750}
PERF {"pid":28964,"phase":"git:cat-file","start_ns":1789234945904133000,"ns":7412041}
PERF {"pid":28964,"phase":"git:for-each-ref","start_ns":1789234945911638000,"ns":9682792}
PERF {"pid":28964,"phase":"pins","start_ns":1789234945896965000,"ns":24513625}
PERF {"pid":28964,"phase":"git:hash-object","start_ns":1789234945921484000,"ns":14237500}
PERF {"pid":28964,"phase":"git:mktree","start_ns":1789234945935804000,"ns":8132042}
PERF {"pid":28964,"phase":"git:commit-tree","start_ns":1789234945943975000,"ns":11492958}
PERF {"pid":28964,"phase":"git:update-ref","start_ns":1789234945955904000,"ns":40377500}
PERF {"pid":28964,"phase":"lock-held","start_ns":1789234945866001000,"ns":130324583}
PERF {"pid":28971,"phase":"lock-wait","start_ns":1789234945691267000,"ns":326505000}
PERF {"pid":28971,"phase":"git:for-each-ref","start_ns":1789234946017842000,"ns":7386708}
PERF {"pid":28971,"phase":"git:cat-file","start_ns":1789234946025287000,"ns":5864708}
PERF {"pid":28971,"phase":"git:ls-tree","start_ns":1789234946031267000,"ns":6993583}
PERF {"pid":28971,"phase":"git:cat-file","start_ns":1789234946038301000,"ns":7096292}
PERF {"pid":28971,"phase":"read","start_ns":1789234946017841000,"ns":29357417}
PERF {"pid":28971,"phase":"encode-before","start_ns":1789234946047219000,"ns":1343042}
PERF {"pid":28971,"phase":"encode-after","start_ns":1789234946048587000,"ns":669833}
PERF {"pid":28971,"phase":"git:cat-file","start_ns":1789234946049407000,"ns":6049458}
PERF {"pid":28971,"phase":"git:cat-file","start_ns":1789234946055555000,"ns":7022375}
PERF {"pid":28971,"phase":"git:for-each-ref","start_ns":1789234946062658000,"ns":10536250}
PERF {"pid":28971,"phase":"pins","start_ns":1789234946049272000,"ns":24183541}
PERF {"pid":28971,"phase":"git:hash-object","start_ns":1789234946073478000,"ns":12895708}
PERF {"pid":28971,"phase":"git:mktree","start_ns":1789234946086437000,"ns":7265875}
PERF {"pid":28971,"phase":"git:commit-tree","start_ns":1789234946093736000,"ns":11156583}
PERF {"pid":28971,"phase":"git:update-ref","start_ns":1789234946105483000,"ns":42882917}
PERF {"pid":28971,"phase":"lock-held","start_ns":1789234946017841000,"ns":130580334}
PERF {"pid":28957,"phase":"lock-wait","start_ns":1789234945843546000,"ns":326714250}
PERF {"pid":28957,"phase":"git:for-each-ref","start_ns":1789234946170304000,"ns":7262000}
PERF {"pid":28957,"phase":"git:cat-file","start_ns":1789234946177655000,"ns":6898417}
PERF {"pid":28957,"phase":"git:ls-tree","start_ns":1789234946184619000,"ns":7423709}
PERF {"pid":28957,"phase":"git:cat-file","start_ns":1789234946192076000,"ns":7121042}
PERF {"pid":28957,"phase":"read","start_ns":1789234946170293000,"ns":31268209}
PERF {"pid":28957,"phase":"encode-before","start_ns":1789234946201613000,"ns":1029041}
PERF {"pid":28957,"phase":"encode-after","start_ns":1789234946202660000,"ns":485542}
PERF {"pid":28957,"phase":"git:cat-file","start_ns":1789234946203286000,"ns":7556541}
PERF {"pid":28957,"phase":"git:cat-file","start_ns":1789234946210951000,"ns":7491750}
PERF {"pid":28957,"phase":"git:for-each-ref","start_ns":1789234946218531000,"ns":10488833}
PERF {"pid":28957,"phase":"pins","start_ns":1789234946203152000,"ns":26079708}
PERF {"pid":28957,"phase":"git:hash-object","start_ns":1789234946229240000,"ns":13618833}
PERF {"pid":28957,"phase":"git:mktree","start_ns":1789234946242916000,"ns":8005250}
PERF {"pid":28957,"phase":"git:commit-tree","start_ns":1789234946250965000,"ns":11805458}
PERF {"pid":28957,"phase":"git:update-ref","start_ns":1789234946262926000,"ns":41044917}
PERF {"pid":28957,"phase":"lock-held","start_ns":1789234946170293000,"ns":133743459}
PERF {"pid":28964,"phase":"lock-wait","start_ns":1789234945996573000,"ns":326380334}
PERF {"pid":28964,"phase":"git:for-each-ref","start_ns":1789234946323039000,"ns":6607542}
PERF {"pid":28964,"phase":"git:cat-file","start_ns":1789234946329694000,"ns":7354834}
PERF {"pid":28964,"phase":"git:ls-tree","start_ns":1789234946337086000,"ns":6950792}
PERF {"pid":28964,"phase":"git:cat-file","start_ns":1789234946344081000,"ns":6977667}
PERF {"pid":28964,"phase":"read","start_ns":1789234946323037000,"ns":29887167}
PERF {"pid":28964,"phase":"encode-before","start_ns":1789234946352982000,"ns":1022958}
PERF {"pid":28964,"phase":"encode-after","start_ns":1789234946354026000,"ns":485917}
PERF {"pid":28964,"phase":"git:cat-file","start_ns":1789234946354651000,"ns":7773625}
PERF {"pid":28964,"phase":"git:cat-file","start_ns":1789234946362539000,"ns":8183459}
PERF {"pid":28964,"phase":"git:for-each-ref","start_ns":1789234946370850000,"ns":10932834}
PERF {"pid":28964,"phase":"pins","start_ns":1789234946354519000,"ns":27672167}
PERF {"pid":28964,"phase":"git:hash-object","start_ns":1789234946382229000,"ns":14026084}
PERF {"pid":28964,"phase":"git:mktree","start_ns":1789234946396315000,"ns":8755166}
PERF {"pid":28964,"phase":"git:commit-tree","start_ns":1789234946405106000,"ns":12906542}
PERF {"pid":28964,"phase":"git:update-ref","start_ns":1789234946418692000,"ns":41831500}
PERF {"pid":28964,"phase":"lock-held","start_ns":1789234946323037000,"ns":137553541}
PERF {"pid":28971,"phase":"lock-wait","start_ns":1789234946148773000,"ns":327060625}
PERF {"pid":28971,"phase":"git:for-each-ref","start_ns":1789234946475867000,"ns":8018708}
PERF {"pid":28971,"phase":"git:cat-file","start_ns":1789234946483940000,"ns":7257084}
PERF {"pid":28971,"phase":"git:ls-tree","start_ns":1789234946491245000,"ns":7673209}
PERF {"pid":28971,"phase":"git:cat-file","start_ns":1789234946498952000,"ns":8634666}
PERF {"pid":28971,"phase":"read","start_ns":1789234946475866000,"ns":34374667}
PERF {"pid":28971,"phase":"encode-before","start_ns":1789234946510257000,"ns":1365541}
PERF {"pid":28971,"phase":"encode-after","start_ns":1789234946511645000,"ns":672542}
PERF {"pid":28971,"phase":"git:cat-file","start_ns":1789234946512529000,"ns":11478750}
PERF {"pid":28971,"phase":"git:cat-file","start_ns":1789234946524178000,"ns":9148083}
PERF {"pid":28971,"phase":"git:for-each-ref","start_ns":1789234946533406000,"ns":14063834}
PERF {"pid":28971,"phase":"pins","start_ns":1789234946512339000,"ns":35446167}
PERF {"pid":28971,"phase":"git:hash-object","start_ns":1789234946547802000,"ns":15045417}
PERF {"pid":28971,"phase":"git:mktree","start_ns":1789234946562887000,"ns":8766417}
PERF {"pid":28971,"phase":"git:commit-tree","start_ns":1789234946571699000,"ns":11849667}
PERF {"pid":28971,"phase":"git:update-ref","start_ns":1789234946584285000,"ns":42239625}
PERF {"pid":28971,"phase":"lock-held","start_ns":1789234946475866000,"ns":150715584}
PERF {"pid":28957,"phase":"lock-wait","start_ns":1789234946304224000,"ns":327354584}
PERF {"pid":28957,"phase":"git:for-each-ref","start_ns":1789234946631611000,"ns":7796584}
PERF {"pid":28957,"phase":"git:cat-file","start_ns":1789234946639487000,"ns":10432000}
PERF {"pid":28957,"phase":"git:ls-tree","start_ns":1789234946649973000,"ns":7440209}
PERF {"pid":28957,"phase":"git:cat-file","start_ns":1789234946657451000,"ns":8128042}
PERF {"pid":28957,"phase":"read","start_ns":1789234946631610000,"ns":35988916}
PERF {"pid":28957,"phase":"encode-before","start_ns":1789234946667623000,"ns":1324291}
PERF {"pid":28957,"phase":"encode-after","start_ns":1789234946668981000,"ns":741417}
PERF {"pid":28957,"phase":"git:cat-file","start_ns":1789234946670016000,"ns":6742333}
PERF {"pid":28957,"phase":"git:cat-file","start_ns":1789234946676875000,"ns":9776208}
PERF {"pid":28957,"phase":"git:for-each-ref","start_ns":1789234946686786000,"ns":11363750}
PERF {"pid":28957,"phase":"pins","start_ns":1789234946669802000,"ns":28693916}
PERF {"pid":28957,"phase":"git:hash-object","start_ns":1789234946698504000,"ns":15914125}
PERF {"pid":28957,"phase":"git:mktree","start_ns":1789234946714471000,"ns":8663875}
PERF {"pid":28957,"phase":"git:commit-tree","start_ns":1789234946723191000,"ns":12159834}
PERF {"pid":28957,"phase":"git:update-ref","start_ns":1789234946735670000,"ns":40916250}
PERF {"pid":28957,"phase":"lock-held","start_ns":1789234946631610000,"ns":145114833}
PERF {"pid":28964,"phase":"lock-wait","start_ns":1789234946460763000,"ns":326833584}
PERF {"pid":28964,"phase":"git:for-each-ref","start_ns":1789234946787648000,"ns":7920542}
PERF {"pid":28964,"phase":"git:cat-file","start_ns":1789234946795631000,"ns":7756459}
PERF {"pid":28964,"phase":"git:ls-tree","start_ns":1789234946803417000,"ns":6629416}
PERF {"pid":28964,"phase":"git:cat-file","start_ns":1789234946810110000,"ns":7230792}
PERF {"pid":28964,"phase":"read","start_ns":1789234946787644000,"ns":32132458}
PERF {"pid":28964,"phase":"encode-before","start_ns":1789234946819799000,"ns":1111042}
PERF {"pid":28964,"phase":"encode-after","start_ns":1789234946820932000,"ns":780875}
PERF {"pid":28964,"phase":"git:cat-file","start_ns":1789234946821892000,"ns":7384916}
PERF {"pid":28964,"phase":"git:cat-file","start_ns":1789234946829382000,"ns":7842208}
PERF {"pid":28964,"phase":"git:for-each-ref","start_ns":1789234946837313000,"ns":11025375}
PERF {"pid":28964,"phase":"pins","start_ns":1789234946821735000,"ns":26837917}
PERF {"pid":28964,"phase":"git:hash-object","start_ns":1789234946848582000,"ns":13842333}
PERF {"pid":28964,"phase":"git:mktree","start_ns":1789234946862467000,"ns":7908833}
PERF {"pid":28964,"phase":"git:commit-tree","start_ns":1789234946870482000,"ns":12906333}
PERF {"pid":28964,"phase":"git:update-ref","start_ns":1789234946883560000,"ns":42830708}
PERF {"pid":28964,"phase":"lock-held","start_ns":1789234946787644000,"ns":138837125}
PERF {"pid":28950,"phase":"lock-wait","start_ns":1789234945539773000,"ns":1402338625}
PERF {"pid":28950,"phase":"git:for-each-ref","start_ns":1789234946942261000,"ns":7294417}
PERF {"pid":28950,"phase":"git:cat-file","start_ns":1789234946949601000,"ns":7265291}
PERF {"pid":28950,"phase":"git:ls-tree","start_ns":1789234946956894000,"ns":7218416}
PERF {"pid":28950,"phase":"git:cat-file","start_ns":1789234946964208000,"ns":7376750}
PERF {"pid":28950,"phase":"read","start_ns":1789234946942247000,"ns":31434834}
PERF {"pid":28950,"phase":"encode-before","start_ns":1789234946973707000,"ns":883125}
PERF {"pid":28950,"phase":"encode-after","start_ns":1789234946974611000,"ns":669167}
PERF {"pid":28950,"phase":"git:cat-file","start_ns":1789234946975436000,"ns":7410208}
PERF {"pid":28950,"phase":"git:cat-file","start_ns":1789234946982969000,"ns":7548000}
PERF {"pid":28950,"phase":"git:for-each-ref","start_ns":1789234946990612000,"ns":10719084}
PERF {"pid":28950,"phase":"pins","start_ns":1789234946975296000,"ns":26245250}
PERF {"pid":28950,"phase":"git:hash-object","start_ns":1789234947001549000,"ns":13204708}
PERF {"pid":28950,"phase":"git:mktree","start_ns":1789234947014791000,"ns":7382750}
PERF {"pid":28950,"phase":"git:commit-tree","start_ns":1789234947022234000,"ns":11179708}
PERF {"pid":28950,"phase":"git:update-ref","start_ns":1789234947033574000,"ns":42134334}
PERF {"pid":28950,"phase":"lock-held","start_ns":1789234946942247000,"ns":133503208}
PERF {"pid":28971,"phase":"lock-wait","start_ns":1789234946626762000,"ns":451828500}
PERF {"pid":28971,"phase":"git:for-each-ref","start_ns":1789234947078645000,"ns":6714417}
PERF {"pid":28971,"phase":"git:cat-file","start_ns":1789234947085584000,"ns":6478791}
PERF {"pid":28971,"phase":"git:ls-tree","start_ns":1789234947092090000,"ns":7079500}
PERF {"pid":28971,"phase":"git:cat-file","start_ns":1789234947099207000,"ns":7857125}
PERF {"pid":28971,"phase":"read","start_ns":1789234947078642000,"ns":30312833}
PERF {"pid":28971,"phase":"encode-before","start_ns":1789234947108976000,"ns":1070334}
PERF {"pid":28971,"phase":"encode-after","start_ns":1789234947110073000,"ns":930833}
PERF {"pid":28971,"phase":"git:cat-file","start_ns":1789234947111192000,"ns":6440750}
PERF {"pid":28971,"phase":"git:cat-file","start_ns":1789234947117722000,"ns":7311125}
PERF {"pid":28971,"phase":"git:for-each-ref","start_ns":1789234947125102000,"ns":10993542}
PERF {"pid":28971,"phase":"pins","start_ns":1789234947111025000,"ns":25548334}
PERF {"pid":28971,"phase":"git:hash-object","start_ns":1789234947136590000,"ns":13595083}
PERF {"pid":28971,"phase":"git:mktree","start_ns":1789234947150222000,"ns":7629042}
PERF {"pid":28971,"phase":"git:commit-tree","start_ns":1789234947157910000,"ns":12375667}
PERF {"pid":28971,"phase":"git:update-ref","start_ns":1789234947170467000,"ns":40298333}
PERF {"pid":28971,"phase":"lock-held","start_ns":1789234947078642000,"ns":132169834}
PERF {"pid":28950,"phase":"lock-wait","start_ns":1789234947075846000,"ns":151438208}
PERF {"pid":28950,"phase":"git:for-each-ref","start_ns":1789234947227326000,"ns":8252292}
PERF {"pid":28950,"phase":"git:cat-file","start_ns":1789234947235670000,"ns":8643875}
PERF {"pid":28950,"phase":"git:ls-tree","start_ns":1789234947244357000,"ns":7712334}
PERF {"pid":28950,"phase":"git:cat-file","start_ns":1789234947252243000,"ns":7760292}
PERF {"pid":28950,"phase":"read","start_ns":1789234947227324000,"ns":35610708}
PERF {"pid":28950,"phase":"encode-before","start_ns":1789234947262977000,"ns":1224583}
PERF {"pid":28950,"phase":"encode-after","start_ns":1789234947264246000,"ns":677959}
PERF {"pid":28950,"phase":"git:cat-file","start_ns":1789234947265223000,"ns":8134458}
PERF {"pid":28950,"phase":"git:cat-file","start_ns":1789234947273726000,"ns":9002750}
PERF {"pid":28950,"phase":"git:for-each-ref","start_ns":1789234947282809000,"ns":10833667}
PERF {"pid":28950,"phase":"pins","start_ns":1789234947264975000,"ns":29025500}
PERF {"pid":28950,"phase":"git:hash-object","start_ns":1789234947294025000,"ns":18078791}
PERF {"pid":28950,"phase":"git:mktree","start_ns":1789234947312152000,"ns":9362292}
PERF {"pid":28950,"phase":"git:commit-tree","start_ns":1789234947321554000,"ns":14007042}
PERF {"pid":28950,"phase":"git:update-ref","start_ns":1789234947336160000,"ns":48479541}
PERF {"pid":28950,"phase":"lock-held","start_ns":1789234947227324000,"ns":157367167}
PERF {"pid":28957,"phase":"lock-wait","start_ns":1789234946777047000,"ns":626482125}
PERF {"pid":28957,"phase":"git:for-each-ref","start_ns":1789234947403583000,"ns":9091375}
PERF {"pid":28957,"phase":"git:cat-file","start_ns":1789234947412791000,"ns":8135250}
PERF {"pid":28957,"phase":"git:ls-tree","start_ns":1789234947421001000,"ns":7732292}
PERF {"pid":28957,"phase":"git:cat-file","start_ns":1789234947428780000,"ns":8460166}
PERF {"pid":28957,"phase":"read","start_ns":1789234947403579000,"ns":36009708}
PERF {"pid":28957,"phase":"encode-before","start_ns":1789234947439638000,"ns":1064083}
PERF {"pid":28957,"phase":"encode-after","start_ns":1789234947440733000,"ns":482334}
PERF {"pid":28957,"phase":"git:cat-file","start_ns":1789234947441359000,"ns":8393375}
PERF {"pid":28957,"phase":"git:cat-file","start_ns":1789234947449866000,"ns":8440917}
PERF {"pid":28957,"phase":"git:for-each-ref","start_ns":1789234947458382000,"ns":11966583}
PERF {"pid":28957,"phase":"pins","start_ns":1789234947441225000,"ns":29326709}
PERF {"pid":28957,"phase":"git:hash-object","start_ns":1789234947470563000,"ns":15410250}
PERF {"pid":28957,"phase":"git:mktree","start_ns":1789234947486025000,"ns":8854625}
PERF {"pid":28957,"phase":"git:commit-tree","start_ns":1789234947494931000,"ns":14669291}
PERF {"pid":28957,"phase":"git:update-ref","start_ns":1789234947510670000,"ns":51236625}
PERF {"pid":28957,"phase":"lock-held","start_ns":1789234947403579000,"ns":158409375}
PERF {"pid":28950,"phase":"lock-wait","start_ns":1789234947384843000,"ns":201403042}
PERF {"pid":28950,"phase":"git:for-each-ref","start_ns":1789234947586276000,"ns":8331083}
PERF {"pid":28950,"phase":"git:cat-file","start_ns":1789234947594652000,"ns":8615458}
PERF {"pid":28950,"phase":"git:ls-tree","start_ns":1789234947603326000,"ns":8910500}
PERF {"pid":28950,"phase":"git:cat-file","start_ns":1789234947612299000,"ns":8428209}
PERF {"pid":28950,"phase":"read","start_ns":1789234947586275000,"ns":36936167}
PERF {"pid":28950,"phase":"encode-before","start_ns":1789234947623233000,"ns":1351083}
PERF {"pid":28950,"phase":"encode-after","start_ns":1789234947624621000,"ns":537209}
PERF {"pid":28950,"phase":"git:cat-file","start_ns":1789234947625417000,"ns":6753000}
PERF {"pid":28950,"phase":"git:cat-file","start_ns":1789234947632375000,"ns":7058166}
PERF {"pid":28950,"phase":"git:for-each-ref","start_ns":1789234947639512000,"ns":11108541}
PERF {"pid":28950,"phase":"pins","start_ns":1789234947625185000,"ns":25632208}
PERF {"pid":28950,"phase":"git:hash-object","start_ns":1789234947650827000,"ns":15395625}
PERF {"pid":28950,"phase":"git:mktree","start_ns":1789234947666285000,"ns":7620709}
PERF {"pid":28950,"phase":"git:commit-tree","start_ns":1789234947674059000,"ns":11352167}
PERF {"pid":28950,"phase":"git:update-ref","start_ns":1789234947685937000,"ns":42348916}
PERF {"pid":28950,"phase":"lock-held","start_ns":1789234947586275000,"ns":142065750}
PERF {"pid":28950,"phase":"lock-wait","start_ns":1789234947728495000,"ns":86917}
PERF {"pid":28950,"phase":"git:for-each-ref","start_ns":1789234947728587000,"ns":7418166}
PERF {"pid":28950,"phase":"git:cat-file","start_ns":1789234947736055000,"ns":7606916}
PERF {"pid":28950,"phase":"git:ls-tree","start_ns":1789234947743725000,"ns":7515917}
PERF {"pid":28950,"phase":"git:cat-file","start_ns":1789234947751325000,"ns":7445416}
PERF {"pid":28950,"phase":"read","start_ns":1789234947728586000,"ns":32304625}
PERF {"pid":28950,"phase":"encode-before","start_ns":1789234947760922000,"ns":938500}
PERF {"pid":28950,"phase":"encode-after","start_ns":1789234947761876000,"ns":493042}
PERF {"pid":28950,"phase":"git:cat-file","start_ns":1789234947762532000,"ns":7995541}
PERF {"pid":28950,"phase":"git:cat-file","start_ns":1789234947770658000,"ns":7565250}
PERF {"pid":28950,"phase":"git:for-each-ref","start_ns":1789234947778328000,"ns":10595375}
PERF {"pid":28950,"phase":"pins","start_ns":1789234947762375000,"ns":26962459}
PERF {"pid":28950,"phase":"git:hash-object","start_ns":1789234947789390000,"ns":13720291}
PERF {"pid":28950,"phase":"git:mktree","start_ns":1789234947803148000,"ns":7718667}
PERF {"pid":28950,"phase":"git:commit-tree","start_ns":1789234947810912000,"ns":12010292}
PERF {"pid":28950,"phase":"git:update-ref","start_ns":1789234947823927000,"ns":39583875}
PERF {"pid":28950,"phase":"lock-held","start_ns":1789234947728586000,"ns":134979583}
