PERF {"pid":28798,"phase":"lock-wait","start_ns":1789234941414559000,"ns":219584}
PERF {"pid":28798,"phase":"git:for-each-ref","start_ns":1789234941414824000,"ns":6903500}
PERF {"pid":28798,"phase":"git:cat-file","start_ns":1789234941421775000,"ns":6589250}
PERF {"pid":28798,"phase":"git:ls-tree","start_ns":1789234941428395000,"ns":6927042}
PERF {"pid":28798,"phase":"git:cat-file","start_ns":1789234941435408000,"ns":11003959}
PERF {"pid":28798,"phase":"read","start_ns":1789234941414822000,"ns":46335916}
PERF {"pid":28798,"phase":"encode-before","start_ns":1789234941461202000,"ns":7758125}
PERF {"pid":28798,"phase":"encode-after","start_ns":1789234941468997000,"ns":6325291}
PERF {"pid":28798,"phase":"git:cat-file","start_ns":1789234941476859000,"ns":9095000}
PERF {"pid":28798,"phase":"git:cat-file","start_ns":1789234941486591000,"ns":12957500}
PERF {"pid":28798,"phase":"git:for-each-ref","start_ns":1789234941499947000,"ns":40768084}
PERF {"pid":28798,"phase":"pins","start_ns":1789234941475364000,"ns":66441375}
PERF {"pid":28798,"phase":"lock-held","start_ns":1789234941414822000,"ns":127198042}
PERF {"pid":28798,"phase":"lock-wait","start_ns":1789234941638174000,"ns":104834}
PERF {"pid":28798,"phase":"git:for-each-ref","start_ns":1789234941638308000,"ns":6790333}
PERF {"pid":28798,"phase":"git:cat-file","start_ns":1789234941645154000,"ns":6786583}
PERF {"pid":28798,"phase":"git:ls-tree","start_ns":1789234941652013000,"ns":6997125}
PERF {"pid":28798,"phase":"git:cat-file","start_ns":1789234941659087000,"ns":11415042}
PERF {"pid":28798,"phase":"read","start_ns":1789234941638306000,"ns":47224083}
PERF {"pid":28798,"phase":"encode-before","start_ns":1789234941685574000,"ns":7117458}
PERF {"pid":28798,"phase":"encode-after","start_ns":1789234941692740000,"ns":6275083}
PERF {"pid":28798,"phase":"git:cat-file","start_ns":1789234941701038000,"ns":8866834}
PERF {"pid":28798,"phase":"git:cat-file","start_ns":1789234941710446000,"ns":13355417}
PERF {"pid":28798,"phase":"git:for-each-ref","start_ns":1789234941724170000,"ns":39286042}
PERF {"pid":28798,"phase":"pins","start_ns":1789234941699057000,"ns":65533000}
PERF {"pid":28798,"phase":"git:hash-object","start_ns":1789234941764610000,"ns":40894833}
PERF {"pid":28798,"phase":"git:mktree","start_ns":1789234941805589000,"ns":7954959}
PERF {"pid":28798,"phase":"git:commit-tree","start_ns":1789234941813575000,"ns":11902125}
PERF {"pid":28798,"phase":"git:update-ref","start_ns":1789234941826518000,"ns":321369000}
PERF {"pid":28798,"phase":"lock-held","start_ns":1789234941638306000,"ns":509680334}
PERF {"pid":28798,"phase":"git:for-each-ref","start_ns":1789234942250810000,"ns":9640458}
PERF {"pid":28798,"phase":"git:cat-file","start_ns":1789234942260525000,"ns":7320333}
PERF {"pid":28798,"phase":"git:ls-tree","start_ns":1789234942267887000,"ns":7393875}
PERF {"pid":28798,"phase":"git:cat-file","start_ns":1789234942275348000,"ns":11324375}
PERF {"pid":28798,"phase":"lock-wait","start_ns":1789234942302257000,"ns":126000}
PERF {"pid":28798,"phase":"git:for-each-ref","start_ns":1789234942302418000,"ns":7031083}
PERF {"pid":28798,"phase":"git:cat-file","start_ns":1789234942309495000,"ns":6618583}
PERF {"pid":28798,"phase":"git:ls-tree","start_ns":1789234942316156000,"ns":6556875}
PERF {"pid":28798,"phase":"git:cat-file","start_ns":1789234942322788000,"ns":12462625}
PERF {"pid":28798,"phase":"read","start_ns":1789234942302416000,"ns":48093625}
PERF {"pid":28798,"phase":"encode-before","start_ns":1789234942350565000,"ns":8672334}
PERF {"pid":28798,"phase":"encode-after","start_ns":1789234942359329000,"ns":5345583}
PERF {"pid":28798,"phase":"git:cat-file","start_ns":1789234942366654000,"ns":10305625}
PERF {"pid":28798,"phase":"git:cat-file","start_ns":1789234942377412000,"ns":14060958}
PERF {"pid":28798,"phase":"git:for-each-ref","start_ns":1789234942391897000,"ns":46061666}
PERF {"pid":28798,"phase":"pins","start_ns":1789234942364809000,"ns":74372875}
PERF {"pid":28798,"phase":"git:hash-object","start_ns":1789234942439222000,"ns":33101333}
PERF {"pid":28798,"phase":"git:mktree","start_ns":1789234942472372000,"ns":7271042}
PERF {"pid":28798,"phase":"git:commit-tree","start_ns":1789234942479682000,"ns":12405667}
PERF {"pid":28798,"phase":"git:update-ref","start_ns":1789234942493024000,"ns":324565167}
PERF {"pid":28798,"phase":"lock-held","start_ns":1789234942302416000,"ns":515216000}
PERF {"pid":28798,"phase":"lock-wait","start_ns":1789234942817648000,"ns":92792}
PERF {"pid":28798,"phase":"git:for-each-ref","start_ns":1789234942817746000,"ns":6546583}
PERF {"pid":28798,"phase":"git:cat-file","start_ns":1789234942824359000,"ns":6258417}
PERF {"pid":28798,"phase":"git:ls-tree","start_ns":1789234942830646000,"ns":6984625}
PERF {"pid":28798,"phase":"git:cat-file","start_ns":1789234942837659000,"ns":11372375}
PERF {"pid":28798,"phase":"read","start_ns":1789234942817745000,"ns":45081292}
PERF {"pid":28798,"phase":"encode-before","start_ns":1789234942862865000,"ns":8669708}
PERF {"pid":28798,"phase":"encode-after","start_ns":1789234942871574000,"ns":5963833}
PERF {"pid":28798,"phase":"git:cat-file","start_ns":1789234942879104000,"ns":9132792}
PERF {"pid":28798,"phase":"git:cat-file","start_ns":1789234942888806000,"ns":13052375}
PERF {"pid":28798,"phase":"git:for-each-ref","start_ns":1789234942902272000,"ns":41474042}
PERF {"pid":28798,"phase":"pins","start_ns":1789234942877577000,"ns":68152875}
PERF {"pid":28798,"phase":"git:hash-object","start_ns":1789234942945847000,"ns":31934541}
PERF {"pid":28798,"phase":"git:mktree","start_ns":1789234942977843000,"ns":7785208}
PERF {"pid":28798,"phase":"git:commit-tree","start_ns":1789234942985677000,"ns":11771041}
PERF {"pid":28798,"phase":"git:update-ref","start_ns":1789234942998910000,"ns":318663708}
PERF {"pid":28798,"phase":"lock-held","start_ns":1789234942817745000,"ns":499882083}
PERF {"pid":28798,"phase":"git:for-each-ref","start_ns":1789234943317647000,"ns":7105250}
PERF {"pid":28798,"phase":"git:cat-file","start_ns":1789234943324891000,"ns":6094125}
PERF {"pid":28798,"phase":"git:ls-tree","start_ns":1789234943331040000,"ns":6966125}
PERF {"pid":28798,"phase":"git:cat-file","start_ns":1789234943338133000,"ns":10969875}
